Archive member included to satisfy reference by file (symbol)

/Applications/MCUXpressoIDE_11.9.0_2144/ide/plugins/com.nxp.mcuxpresso.tools.macosx_11.9.0.202307121226/tools/bin/../lib/gcc/arm-none-eabi/12.3.1/thumb/v8-m.main/nofp/libgcc.a(_arm_mulsf3.o)
                              ./component/r01lib/P3T1755.o (__aeabi_fmul)
/Applications/MCUXpressoIDE_11.9.0_2144/ide/plugins/com.nxp.mcuxpresso.tools.macosx_11.9.0.202307121226/tools/bin/../lib/gcc/arm-none-eabi/12.3.1/thumb/v8-m.main/nofp/libgcc.a(_arm_addsubdf3.o)
                              ./source/main.o (__aeabi_f2d)
/Applications/MCUXpressoIDE_11.9.0_2144/ide/plugins/com.nxp.mcuxpresso.tools.macosx_11.9.0.202307121226/tools/bin/../lib/gcc/arm-none-eabi/12.3.1/thumb/v8-m.main/nofp/libgcc.a(_arm_addsubsf3.o)
                              ./source/main.o (__aeabi_fadd)
/Applications/MCUXpressoIDE_11.9.0_2144/ide/plugins/com.nxp.mcuxpresso.tools.macosx_11.9.0.202307121226/tools/bin/../lib/gcc/arm-none-eabi/12.3.1/thumb/v8-m.main/nofp/libgcc.a(_arm_muldivsf3.o)
                              ./component/r01lib/P3T1755.o (__aeabi_fdiv)
/Applications/MCUXpressoIDE_11.9.0_2144/ide/plugins/com.nxp.mcuxpresso.tools.macosx_11.9.0.202307121226/tools/bin/../lib/gcc/arm-none-eabi/12.3.1/thumb/v8-m.main/nofp/libgcc.a(_arm_cmpsf2.o)
                              ./source/pin_control.o (__aeabi_fcmpgt)
/Applications/MCUXpressoIDE_11.9.0_2144/ide/plugins/com.nxp.mcuxpresso.tools.macosx_11.9.0.202307121226/tools/bin/../lib/gcc/arm-none-eabi/12.3.1/thumb/v8-m.main/nofp/libgcc.a(_arm_fixunssfsi.o)
                              ./component/r01lib/P3T1755.o (__aeabi_f2uiz)
/Applications/MCUXpressoIDE_11.9.0_2144/ide/plugins/com.nxp.mcuxpresso.tools.macosx_11.9.0.202307121226/tools/bin/../lib/gcc/arm-none-eabi/12.3.1/thumb/v8-m.main/nofp/libgcc.a(_aeabi_uldivmod.o)
                              ./drivers/fsl_common_arm.o (__aeabi_uldivmod)
/Applications/MCUXpressoIDE_11.9.0_2144/ide/plugins/com.nxp.mcuxpresso.tools.macosx_11.9.0.202307121226/tools/bin/../lib/gcc/arm-none-eabi/12.3.1/thumb/v8-m.main/nofp/libgcc.a(_udivmoddi4.o)
                              /Applications/MCUXpressoIDE_11.9.0_2144/ide/plugins/com.nxp.mcuxpresso.tools.macosx_11.9.0.202307121226/tools/bin/../lib/gcc/arm-none-eabi/12.3.1/thumb/v8-m.main/nofp/libgcc.a(_aeabi_uldivmod.o) (__udivmoddi4)
/Applications/MCUXpressoIDE_11.9.0_2144/ide/plugins/com.nxp.mcuxpresso.tools.macosx_11.9.0.202307121226/tools/bin/../lib/gcc/arm-none-eabi/12.3.1/thumb/v8-m.main/nofp/libgcc.a(_dvmd_tls.o)
                              /Applications/MCUXpressoIDE_11.9.0_2144/ide/plugins/com.nxp.mcuxpresso.tools.macosx_11.9.0.202307121226/tools/bin/../lib/gcc/arm-none-eabi/12.3.1/thumb/v8-m.main/nofp/libgcc.a(_aeabi_uldivmod.o) (__aeabi_ldiv0)
/Applications/MCUXpressoIDE_11.9.0_2144/ide/plugins/com.nxp.mcuxpresso.tools.macosx_11.9.0.202307121226/tools/bin/../lib/gcc/arm-none-eabi/12.3.1/../../../../arm-none-eabi/lib/thumb/v8-m.main/nofp/libc_nano.a(libc_a-nano-vfprintf_float.o)
                              (_printf_float)
/Applications/MCUXpressoIDE_11.9.0_2144/ide/plugins/com.nxp.mcuxpresso.tools.macosx_11.9.0.202307121226/tools/bin/../lib/gcc/arm-none-eabi/12.3.1/../../../../arm-none-eabi/lib/thumb/v8-m.main/nofp/libc_nano.a(libc_a-malloc.o)
                              ./source/cpp_config.o (malloc)
/Applications/MCUXpressoIDE_11.9.0_2144/ide/plugins/com.nxp.mcuxpresso.tools.macosx_11.9.0.202307121226/tools/bin/../lib/gcc/arm-none-eabi/12.3.1/../../../../arm-none-eabi/lib/thumb/v8-m.main/nofp/libc_nano.a(libc_a-mallocr.o)
                              /Applications/MCUXpressoIDE_11.9.0_2144/ide/plugins/com.nxp.mcuxpresso.tools.macosx_11.9.0.202307121226/tools/bin/../lib/gcc/arm-none-eabi/12.3.1/../../../../arm-none-eabi/lib/thumb/v8-m.main/nofp/libc_nano.a(libc_a-malloc.o) (_malloc_r)
/Applications/MCUXpressoIDE_11.9.0_2144/ide/plugins/com.nxp.mcuxpresso.tools.macosx_11.9.0.202307121226/tools/bin/../lib/gcc/arm-none-eabi/12.3.1/../../../../arm-none-eabi/lib/thumb/v8-m.main/nofp/libc_nano.a(libc_a-nano-vfprintf_i.o)
                              /Applications/MCUXpressoIDE_11.9.0_2144/ide/plugins/com.nxp.mcuxpresso.tools.macosx_11.9.0.202307121226/tools/bin/../lib/gcc/arm-none-eabi/12.3.1/../../../../arm-none-eabi/lib/thumb/v8-m.main/nofp/libc_nano.a(libc_a-nano-vfprintf_float.o) (_printf_common)
/Applications/MCUXpressoIDE_11.9.0_2144/ide/plugins/com.nxp.mcuxpresso.tools.macosx_11.9.0.202307121226/tools/bin/../lib/gcc/arm-none-eabi/12.3.1/../../../../arm-none-eabi/lib/thumb/v8-m.main/nofp/libc_nano.a(libc_a-mlock.o)
                              /Applications/MCUXpressoIDE_11.9.0_2144/ide/plugins/com.nxp.mcuxpresso.tools.macosx_11.9.0.202307121226/tools/bin/../lib/gcc/arm-none-eabi/12.3.1/../../../../arm-none-eabi/lib/thumb/v8-m.main/nofp/libc_nano.a(libc_a-mallocr.o) (__malloc_lock)
[...]
Memory Configuration

Name             Origin             Length             Attributes
PROGRAM_FLASH    0x00000000         0x00020000         xr
SRAM             0x20000000         0x00006000         xrw
SRAMX0           0x04000000         0x00002000         xrw
SRAMX1           0x04002000         0x00001000         xrw
*default*        0x00000000         0xffffffff

Linker script and memory map

LOAD ./utilities/fsl_assert.o
LOAD ./utilities/fsl_debug_console.o
LOAD ./utilities/fsl_str.o
LOAD ./startup/startup_mcxa153.o
LOAD ./source/cpp_config.o
LOAD ./source/main.o
LOAD ./source/pin_control.o
LOAD ./source/semihost_hardfault.o
LOAD ./drivers/fsl_clock.o
LOAD ./drivers/fsl_common.o
LOAD ./drivers/fsl_common_arm.o
LOAD ./drivers/fsl_gpio.o
LOAD ./drivers/fsl_i3c.o
LOAD ./drivers/fsl_inputmux.o
LOAD ./drivers/fsl_lpi2c.o
LOAD ./drivers/fsl_lpuart.o
LOAD ./drivers/fsl_pwm.o
LOAD ./drivers/fsl_reset.o
LOAD ./drivers/fsl_spc.o
LOAD ./drivers/fsl_utick.o
LOAD ./device/system_MCXA153.o
LOAD ./component/uart/fsl_adapter_lpuart.o
LOAD ./component/serial_manager/fsl_component_serial_manager.o
LOAD ./component/serial_manager/fsl_component_serial_port_uart.o
LOAD ./component/r01lib/InterruptIn.o
LOAD ./component/r01lib/P3T1755.o
LOAD ./component/r01lib/Ticker.o
LOAD ./component/r01lib/i2c.o
LOAD ./component/r01lib/i3c.o
LOAD ./component/r01lib/io.o
LOAD ./component/r01lib/irq.o
LOAD ./component/r01lib/mcu.o
LOAD ./component/pwm_for_led/pwm.o
LOAD ./component/lists/fsl_component_generic_list.o
LOAD ./board/board.o
LOAD ./board/clock_config.o
LOAD ./board/peripherals.o
LOAD ./board/pin_mux.o
START GROUP
LOAD /Applications/MCUXpressoIDE_11.9.0_2144/ide/plugins/com.nxp.mcuxpresso.tools.macosx_11.9.0.202307121226/tools/bin/../lib/gcc/arm-none-eabi/12.3.1/thumb/v8-m.main/nofp/libgcc.a
LOAD /Applications/MCUXpressoIDE_11.9.0_2144/ide/plugins/com.nxp.mcuxpresso.tools.macosx_11.9.0.202307121226/tools/bin/../lib/gcc/arm-none-eabi/12.3.1/../../../../arm-none-eabi/lib/thumb/v8-m.main/nofp/libc_nano.a
LOAD /Applications/MCUXpressoIDE_11.9.0_2144/ide/plugins/com.nxp.mcuxpresso.tools.macosx_11.9.0.202307121226/tools/bin/../lib/gcc/arm-none-eabi/12.3.1/../../../../arm-none-eabi/lib/thumb/v8-m.main/nofp/libstdc++_nano.a
LOAD /Applications/MCUXpressoIDE_11.9.0_2144/ide/plugins/com.nxp.mcuxpresso.tools.macosx_11.9.0.202307121226/tools/bin/../lib/gcc/arm-none-eabi/12.3.1/../../../../arm-none-eabi/lib/thumb/v8-m.main/nofp/libm.a
LOAD /Applications/MCUXpressoIDE_11.9.0_2144/ide/plugins/com.nxp.mcuxpresso.tools.macosx_11.9.0.202307121226/tools/bin/../lib/gcc/arm-none-eabi/12.3.1/../../../../arm-none-eabi/lib/thumb/v8-m.main/nofp/libcr_newlib_semihost.a
LOAD /Applications/MCUXpressoIDE_11.9.0_2144/ide/plugins/com.nxp.mcuxpresso.tools.macosx_11.9.0.202307121226/tools/bin/../lib/gcc/arm-none-eabi/12.3.1/thumb/v8-m.main/nofp/crti.o
LOAD /Applications/MCUXpressoIDE_11.9.0_2144/ide/plugins/com.nxp.mcuxpresso.tools.macosx_11.9.0.202307121226/tools/bin/../lib/gcc/arm-none-eabi/12.3.1/thumb/v8-m.main/nofp/crtn.o
LOAD /Applications/MCUXpressoIDE_11.9.0_2144/ide/plugins/com.nxp.mcuxpresso.tools.macosx_11.9.0.202307121226/tools/bin/../lib/gcc/arm-none-eabi/12.3.1/thumb/v8-m.main/nofp/crtbegin.o
LOAD /Applications/MCUXpressoIDE_11.9.0_2144/ide/plugins/com.nxp.mcuxpresso.tools.macosx_11.9.0.202307121226/tools/bin/../lib/gcc/arm-none-eabi/12.3.1/thumb/v8-m.main/nofp/crtend.o
END GROUP
                0x00000000                        __base_PROGRAM_FLASH = 0x0
                0x00000000                        __base_Flash = 0x0
                0x00020000                        __top_PROGRAM_FLASH = 0x20000
                0x00020000                        __top_Flash = 0x20000
                0x20000000                        __base_SRAM = 0x20000000
                0x20000000                        __base_RAM = 0x20000000
                0x20006000                        __top_SRAM = 0x20006000
                0x20006000                        __top_RAM = 0x20006000
                0x04000000                        __base_SRAMX0 = 0x4000000
                0x04000000                        __base_RAM2 = 0x4000000
                0x04002000                        __top_SRAMX0 = 0x4002000
                0x04002000                        __top_RAM2 = 0x4002000
                0x04002000                        __base_SRAMX1 = 0x4002000
                0x04002000                        __base_RAM3 = 0x4002000
                0x04003000                        __top_SRAMX1 = 0x4003000
                0x04003000                        __top_RAM3 = 0x4003000

.text           0x00000000     0xbb7c
 FILL mask 0xff
                0x00000000                        __vectors_start__ = ABSOLUTE (.)
 *(SORT_BY_ALIGNMENT(.isr_vector))
 .isr_vector    0x00000000      0x16c ./startup/startup_mcxa153.o
                0x00000000                __Vectors
                0x00000000                g_pfnVectors
                0x0000016c                        . = ALIGN (0x4)
                0x0000016c                        __section_table_start = .
                0x0000016c                        __data_section_table = .
                0x0000016c        0x4 LONG 0xbb84 LOADADDR (.data)
                0x00000170        0x4 LONG 0x20000000 ADDR (.data)
                0x00000174        0x4 LONG 0x29c SIZEOF (.data)
                0x00000178        0x4 LONG 0xbb84 LOADADDR (.data_RAM2)
                0x0000017c        0x4 LONG 0x4000000 ADDR (.data_RAM2)
                0x00000180        0x4 LONG 0x0 SIZEOF (.data_RAM2)
                0x00000184        0x4 LONG 0xbb84 LOADADDR (.data_RAM3)
                0x00000188        0x4 LONG 0x4002000 ADDR (.data_RAM3)
                0x0000018c        0x4 LONG 0x0 SIZEOF (.data_RAM3)
                0x00000190                        __data_section_table_end = .
                0x00000190                        __bss_section_table = .
                0x00000190        0x4 LONG 0x2000029c ADDR (.bss)
                0x00000194        0x4 LONG 0x4a8 SIZEOF (.bss)
                0x00000198        0x4 LONG 0x4000000 ADDR (.bss_RAM2)
                0x0000019c        0x4 LONG 0x0 SIZEOF (.bss_RAM2)
                0x000001a0        0x4 LONG 0x4002000 ADDR (.bss_RAM3)
                0x000001a4        0x4 LONG 0x0 SIZEOF (.bss_RAM3)
                0x000001a8                        __bss_section_table_end = .
                0x000001a8                        __section_table_end = .
 *(SORT_BY_ALIGNMENT(.after_vectors*))
 .after_vectors.reset
                0x000001a8       0x6c ./startup/startup_mcxa153.o
                0x000001a8                ResetISR
 .after_vectors.init_data
                0x00000214       0x1c ./startup/startup_mcxa153.o
                0x00000214                data_init(unsigned int, unsigned int, unsigned int)
 .after_vectors.init_bss
                0x00000230       0x12 ./startup/startup_mcxa153.o
                0x00000230                bss_init(unsigned int, unsigned int)
 .after_vectors
                0x00000242       0x16 ./startup/startup_mcxa153.o
                0x00000242                NMI_Handler
                0x00000246                MemManage_Handler
                0x00000248                BusFault_Handler
                0x0000024a                UsageFault_Handler
                0x0000024c                SecureFault_Handler
                0x0000024e                SVC_Handler
                0x00000250                DebugMon_Handler
                0x00000252                PendSV_Handler
                0x00000254                SysTick_Handler
                0x00000256                FLEXPWM0_RELOAD_ERROR_DriverIRQHandler
                0x00000256                QDC0_HOME_DriverIRQHandler
                0x00000256                Reserved82_DriverIRQHandler
                0x00000256                QDC0_WATCHDOG_DriverIRQHandler
                0x00000256                ERM0_MULTI_BIT_DriverIRQHandler
                0x00000256                Reserved36_DriverIRQHandler
                0x00000256                CTIMER2_DriverIRQHandler
                0x00000256                CMP1_DriverIRQHandler
                0x00000256                IntDefaultHandler
                0x00000256                USB0_DriverIRQHandler
                0x00000256                QDC0_INDEX_DriverIRQHandler
                0x00000256                Reserved41_DriverIRQHandler
                0x00000256                FLEXPWM0_SUBMODULE2_DriverIRQHandler
                0x00000256                WWDT0_DriverIRQHandler
                0x00000256                Reserved84_DriverIRQHandler
                0x00000256                FLEXPWM0_FAULT_DriverIRQHandler
                0x00000256                GPIO0_DriverIRQHandler
                0x00000256                Reserved38_DriverIRQHandler
                0x00000256                FREQME0_DriverIRQHandler
                0x00000256                Reserved22_DriverIRQHandler
                0x00000256                Reserved53_DriverIRQHandler
                0x00000256                Reserved35_DriverIRQHandler
                0x00000256                CTIMER0_DriverIRQHandler
                0x00000256                Reserved79_DriverIRQHandler
                0x00000256                Reserved24_DriverIRQHandler
                0x00000256                CTIMER1_DriverIRQHandler
                0x00000256                QDC0_COMPARE_DriverIRQHandler
                0x00000256                LPSPI0_DriverIRQHandler
                0x00000256                DMA_CH3_DriverIRQHandler
                0x00000256                Reserved83_DriverIRQHandler
                0x00000256                Reserved72_DriverIRQHandler
                0x00000256                Reserved23_DriverIRQHandler
                0x00000256                Reserved65_DriverIRQHandler
                0x00000256                ERM0_SINGLE_BIT_DriverIRQHandler
                0x00000256                DMA_CH2_DriverIRQHandler
                0x00000256                Reserved51_DriverIRQHandler
                0x00000256                Reserved25_DriverIRQHandler
                0x00000256                FMU0_DriverIRQHandler
                0x00000256                LPSPI1_DriverIRQHandler
                0x00000256                Reserved77_DriverIRQHandler
                0x00000256                Reserved16_DriverIRQHandler
                0x00000256                GPIO2_DriverIRQHandler
                0x00000256                Reserved85_DriverIRQHandler
                0x00000256                ADC0_DriverIRQHandler
                0x00000256                CMP0_DriverIRQHandler
                0x00000256                CDOG0_DriverIRQHandler
                0x00000256                Reserved59_DriverIRQHandler
                0x00000256                DMA_CH0_DriverIRQHandler
                0x00000256                Reserved58_DriverIRQHandler
                0x00000256                DMA_CH1_DriverIRQHandler
                0x00000256                SPC0_DriverIRQHandler
                0x00000256                Reserved43_DriverIRQHandler
                0x00000256                Reserved46_DriverIRQHandler
                0x00000256                Reserved37_DriverIRQHandler
                0x00000256                Reserved86_DriverIRQHandler
                0x00000256                GPIO1_DriverIRQHandler
                0x00000256                FLEXPWM0_SUBMODULE0_DriverIRQHandler
                0x00000256                Reserved50_DriverIRQHandler
                0x00000256                OS_EVENT_DriverIRQHandler
                0x00000256                SCG0_DriverIRQHandler
                0x00000256                GLIKEY0_DriverIRQHandler
                0x00000256                GPIO3_DriverIRQHandler
                0x00000256                CMC_DriverIRQHandler
                0x00000256                WUU0_DriverIRQHandler
                0x00000256                Reserved33_DriverIRQHandler
                0x00000256                Reserved39_DriverIRQHandler
                0x00000256                WAKETIMER0_DriverIRQHandler
                0x00000256                MBC0_DriverIRQHandler
                0x00000256                LPTMR0_DriverIRQHandler
                0x00000256                FLEXPWM0_SUBMODULE1_DriverIRQHandler
 *(SORT_BY_ALIGNMENT(.text*))
 .text.PWM_DRV_Init3PhPwm
                0x00000258      0x114 ./component/pwm_for_led/pwm.o
 *fill*         0x0000036c        0x4 ff
 .text._dtoa_r  0x00000370      0xc58 /Applications/MCUXpressoIDE_11.9.0_2144/ide/plugins/com.nxp.mcuxpresso.tools.macosx_11.9.0.202307121226/tools/bin/../lib/gcc/arm-none-eabi/12.3.1/../../../../arm-none-eabi/lib/thumb/v8-m.main/nofp/libc_nano.a(libc_a-dtoa.o)
                0x00000370                _dtoa_r
 .text.__assert_func
                0x00000fc8       0x28 ./utilities/fsl_assert.o
                0x00000fc8                __assert_func
 .text._Z9start_mcuv
                0x00000ff0       0x14 ./source/main.o
                0x00000ff0                start_mcu()
 .text.main     0x00001004      0x128 ./source/main.o
                0x00001004                main
 .text._Z41DAA_set_dynamic_ddress_from_static_ddresshh
                0x0000112c       0x38 ./source/main.o
                0x0000112c                DAA_set_dynamic_ddress_from_static_ddress(unsigned char, unsigned char)
 .text._Z41__static_initialization_and_destruction_0ii
                0x00001164       0xec ./source/main.o
 .text._Z16init_pin_controlv
                0x00001250       0x44 ./source/pin_control.o
                0x00001250                init_pin_control()
 .text._Z20led_control_callbackv
                0x00001294       0x70 ./source/pin_control.o
                0x00001294                led_control_callback()
 .text._Z13led_set_colorff
                0x00001304       0x78 ./source/pin_control.o
                0x00001304                led_set_color(float, float)
 .text._Z7led_allb
                0x0000137c       0x3c ./source/pin_control.o
                0x0000137c                led_all(bool)
 .text._Z15led_pin_controli
                0x000013b8       0x40 ./source/pin_control.o
                0x000013b8                led_pin_control(int)
 .text._Z18ibi_trigger_outputv
                0x000013f8       0x14 ./source/pin_control.o
                0x000013f8                ibi_trigger_output()
 .text.CLOCK_SetClockSelect
                0x0000140c       0xa4 ./drivers/fsl_clock.o
                0x0000140c                CLOCK_SetClockSelect
 .text.CLOCK_SetClockDiv
                0x000014b0       0x88 ./drivers/fsl_clock.o
                0x000014b0                CLOCK_SetClockDiv
 .text.CLOCK_SetupFROHFClocking
                0x00001538       0xf4 ./drivers/fsl_clock.o
                0x00001538                CLOCK_SetupFROHFClocking
 .text.CLOCK_SetupFRO12MClocking
                0x0000162c       0x54 ./drivers/fsl_clock.o
                0x0000162c                CLOCK_SetupFRO12MClocking
 .text.CLOCK_GetFreq
                0x00001680       0xf4 ./drivers/fsl_clock.o
                0x00001680                CLOCK_GetFreq
 .text.CLOCK_GetFro12MFreq
                0x00001774       0x28 ./drivers/fsl_clock.o
 .text.CLOCK_GetClk1MFreq
                0x0000179c       0x14 ./drivers/fsl_clock.o
 .text.CLOCK_GetFroHfFreq
                0x000017b0       0xc0 ./drivers/fsl_clock.o
 .text.CLOCK_GetClk48MFreq
                0x00001870       0x38 ./drivers/fsl_clock.o
 .text.CLOCK_GetFRO16KFreq
                0x000018a8       0x28 ./drivers/fsl_clock.o
 .text.CLOCK_GetClk16KFreq
                0x000018d0       0x44 ./drivers/fsl_clock.o
 .text.CLOCK_GetExtClkFreq
                0x00001914       0x2c ./drivers/fsl_clock.o
 .text.CLOCK_GetMainClk
                0x00001940       0x68 ./drivers/fsl_clock.o
                0x00001940                CLOCK_GetMainClk
 .text.CLOCK_GetCoreSysClkFreq
                0x000019a8       0x20 ./drivers/fsl_clock.o
                0x000019a8                CLOCK_GetCoreSysClkFreq
 .text.CLOCK_GetI3CFClkFreq
                0x000019c8       0xa0 ./drivers/fsl_clock.o
                0x000019c8                CLOCK_GetI3CFClkFreq
 .text.CLOCK_GetLpi2cClkFreq
                0x00001a68       0xa0 ./drivers/fsl_clock.o
                0x00001a68                CLOCK_GetLpi2cClkFreq
 .text.SDK_DelayAtLeastUs
                0x00001b08       0x98 ./drivers/fsl_common_arm.o
                0x00001b08                SDK_DelayAtLeastUs
 .text.GPIO_PinInit
                0x00001ba0       0x70 ./drivers/fsl_gpio.o
                0x00001ba0                GPIO_PinInit
 .text.__NVIC_EnableIRQ
                0x00001c10       0x38 ./drivers/fsl_i3c.o
 .text.CLOCK_EnableClock
                0x00001c48       0x88 ./drivers/fsl_i3c.o
 .text.I3C_GetInstance
                0x00001cd0       0x54 ./drivers/fsl_i3c.o
                0x00001cd0                I3C_GetInstance
 .text.I3C_MasterCheckAndClearError
                0x00001d24      0x110 ./drivers/fsl_i3c.o
                0x00001d24                I3C_MasterCheckAndClearError
 .text.I3C_MasterEmitStop
                0x00001e34       0x50 ./drivers/fsl_i3c.o
 .text.I3C_MasterGetDefaultConfig
                0x00001e84       0x50 ./drivers/fsl_i3c.o
                0x00001e84                I3C_MasterGetDefaultConfig
 .text.I3C_MasterGetState
                0x00001ed4       0x84 ./drivers/fsl_i3c.o
                0x00001ed4                I3C_MasterGetState
 .text.I3C_MasterSetBaudRate
                0x00001f58      0x25c ./drivers/fsl_i3c.o
                0x00001f58                I3C_MasterSetBaudRate
 .text.I3C_MasterRepeatedStartWithRxSize
                0x000021b4       0x7c ./drivers/fsl_i3c.o
                0x000021b4                I3C_MasterRepeatedStartWithRxSize
 .text.I3C_MasterReceive
                0x00002230      0x168 ./drivers/fsl_i3c.o
                0x00002230                I3C_MasterReceive
 .text.I3C_MasterSend
                0x00002398      0x144 ./drivers/fsl_i3c.o
                0x00002398                I3C_MasterSend
 .text.I3C_MasterClearFlagsAndEnableIRQ
                0x000024dc       0x28 ./drivers/fsl_i3c.o
 .text.I3C_MasterTransferBlocking
                0x00002504      0x2f0 ./drivers/fsl_i3c.o
                0x00002504                I3C_MasterTransferBlocking
 .text.I3C_MasterTransferCreateHandle
                0x000027f4       0xb4 ./drivers/fsl_i3c.o
                0x000027f4                I3C_MasterTransferCreateHandle
 .text.I3C_TransferStateMachineIBIWonState
                0x000028a8      0x114 ./drivers/fsl_i3c.o
 .text.I3C_TransferStateMachineSendCommandState
                0x000029bc       0xfc ./drivers/fsl_i3c.o
 .text.I3C_TransferStateMachineWaitRepeatedStartCompleteState
                0x00002ab8       0xb8 ./drivers/fsl_i3c.o
 .text.I3C_TransferStateMachineTransferDataState
                0x00002b70      0x120 ./drivers/fsl_i3c.o
 .text.I3C_RunTransferStateMachine
                0x00002c90      0x1c8 ./drivers/fsl_i3c.o
 .text.I3C_CommonIRQHandler
                0x00002e58       0x70 ./drivers/fsl_i3c.o
 .text.I3C0_DriverIRQHandler
                0x00002ec8       0x14 ./drivers/fsl_i3c.o
                0x00002ec8                I3C0_DriverIRQHandler
 .text.CLOCK_EnableClock
                0x00002edc       0x88 ./drivers/fsl_inputmux.o
 .text.INPUTMUX_GetInstance
                0x00002f64       0x54 ./drivers/fsl_inputmux.o
 .text.CLOCK_EnableClock
                0x00002fb8       0x88 ./drivers/fsl_lpi2c.o
 .text.LPI2C_GetInstance
                0x00003040       0x54 ./drivers/fsl_lpi2c.o
                0x00003040                LPI2C_GetInstance
 .text.LPI2C_GetCyclesForWidth
                0x00003094       0xa8 ./drivers/fsl_lpi2c.o
 .text.LPI2C_MasterGetDefaultConfig
                0x0000313c       0x6c ./drivers/fsl_lpi2c.o
                0x0000313c                LPI2C_MasterGetDefaultConfig
 .text.LPI2C_MasterInit
                0x000031a8      0x1e0 ./drivers/fsl_lpi2c.o
                0x000031a8                LPI2C_MasterInit
 .text.LPI2C_MasterSetBaudRate
                0x00003388      0x2c4 ./drivers/fsl_lpi2c.o
                0x00003388                LPI2C_MasterSetBaudRate
 .text.LPI2C_MasterReceive
                0x0000364c       0xe8 ./drivers/fsl_lpi2c.o
                0x0000364c                LPI2C_MasterReceive
 .text.LPI2C_MasterSend
                0x00003734       0x68 ./drivers/fsl_lpi2c.o
                0x00003734                LPI2C_MasterSend
 .text.LPI2C_CommonIRQHandler
                0x0000379c       0x70 ./drivers/fsl_lpi2c.o
 .text.LPI2C0_DriverIRQHandler
                0x0000380c       0x14 ./drivers/fsl_lpi2c.o
                0x0000380c                LPI2C0_DriverIRQHandler
 .text.LPUART0_DriverIRQHandler
                0x00003820       0x24 ./drivers/fsl_lpuart.o
                0x00003820                LPUART0_DriverIRQHandler
 .text.LPUART1_DriverIRQHandler
                0x00003844       0x24 ./drivers/fsl_lpuart.o
                0x00003844                LPUART1_DriverIRQHandler
 .text.LPUART2_DriverIRQHandler
                0x00003868       0x24 ./drivers/fsl_lpuart.o
                0x00003868                LPUART2_DriverIRQHandler
 .text.CLOCK_EnableClock
                0x0000388c       0x88 ./drivers/fsl_pwm.o
 .text.dutyCycleToReloadValue
                0x00003914       0x2c ./drivers/fsl_pwm.o
 .text.PWM_GetInstance
                0x00003940       0x54 ./drivers/fsl_pwm.o
 .text.PWM_Init
                0x00003994      0x2b8 ./drivers/fsl_pwm.o
                0x00003994                PWM_Init
 .text.PWM_GetDefaultConfig
                0x00003c4c       0x70 ./drivers/fsl_pwm.o
                0x00003c4c                PWM_GetDefaultConfig
 .text.PWM_SetupPwm
                0x00003cbc      0x6c4 ./drivers/fsl_pwm.o
                0x00003cbc                PWM_SetupPwm
 .text.PWM_UpdatePwmDutycycle
                0x00004380       0x78 ./drivers/fsl_pwm.o
                0x00004380                PWM_UpdatePwmDutycycle
 .text.PWM_UpdatePwmDutycycleHighAccuracy
                0x000043f8      0x3c0 ./drivers/fsl_pwm.o
                0x000043f8                PWM_UpdatePwmDutycycleHighAccuracy
 .text.PWM_SetupFaults
                0x000047b8      0x210 ./drivers/fsl_pwm.o
                0x000047b8                PWM_SetupFaults
 .text.PWM_FaultDefaultConfig
                0x000049c8       0x54 ./drivers/fsl_pwm.o
                0x000049c8                PWM_FaultDefaultConfig
 .text.RESET_SetPeripheralReset
                0x00004a1c       0xc8 ./drivers/fsl_reset.o
                0x00004a1c                RESET_SetPeripheralReset
 .text.RESET_ClearPeripheralReset
                0x00004ae4       0xa8 ./drivers/fsl_reset.o
                0x00004ae4                RESET_ClearPeripheralReset
 .text.SPC_SetSRAMOperateVoltage
                0x00004b8c       0x74 ./drivers/fsl_spc.o
                0x00004b8c                SPC_SetSRAMOperateVoltage
 .text.SPC_SetActiveModeCoreLDORegulatorConfig
                0x00004c00       0xcc ./drivers/fsl_spc.o
                0x00004c00                SPC_SetActiveModeCoreLDORegulatorConfig
 .text.__NVIC_EnableIRQ
                0x00004ccc       0x38 ./drivers/fsl_utick.o
 .text.CLOCK_EnableClock
                0x00004d04       0x88 ./drivers/fsl_utick.o
 .text.UTICK_GetInstance
                0x00004d8c       0x54 ./drivers/fsl_utick.o
 .text.UTICK_SetTick
                0x00004de0       0x44 ./drivers/fsl_utick.o
                0x00004de0                UTICK_SetTick
 .text.UTICK_Init
                0x00004e24       0x3c ./drivers/fsl_utick.o
                0x00004e24                UTICK_Init
 .text.UTICK0_DriverIRQHandler
                0x00004e60       0x24 ./drivers/fsl_utick.o
                0x00004e60                UTICK0_DriverIRQHandler
 .text.SystemInit
                0x00004e84       0x64 ./device/system_MCXA153.o
                0x00004e84                SystemInit
 .text.irq_handler
                0x00004ee8       0x70 ./component/r01lib/InterruptIn.o
                0x00004ee8                irq_handler
 .text._ZN10I3C_DeviceC2ER3I2Ch
                0x00004f58       0x30 ./component/r01lib/P3T1755.o
                0x00004f58                I3C_Device::I3C_Device(I2C&, unsigned char)
                0x00004f58                I3C_Device::I3C_Device(I2C&, unsigned char)
 .text._ZN10I3C_DeviceD2Ev
                0x00004f88       0x20 ./component/r01lib/P3T1755.o
                0x00004f88                I3C_Device::~I3C_Device()
                0x00004f88                I3C_Device::~I3C_Device()
 .text._ZN7P3T1755C2ER3I2Ch
                0x00004fa8       0x30 ./component/r01lib/P3T1755.o
                0x00004fa8                P3T1755::P3T1755(I2C&, unsigned char)
                0x00004fa8                P3T1755::P3T1755(I2C&, unsigned char)
 .text._ZN7P3T1755D2Ev
                0x00004fd8       0x24 ./component/r01lib/P3T1755.o
                0x00004fd8                P3T1755::~P3T1755()
                0x00004fd8                P3T1755::~P3T1755()
 .text._ZN7P3T17554infoEv
                0x00004ffc      0x164 ./component/r01lib/P3T1755.o
                0x00004ffc                P3T1755::info()
 .text._ZN6TickerC2Ev
                0x00005160       0x20 ./component/r01lib/Ticker.o
                0x00005160                Ticker::Ticker()
                0x00005160                Ticker::Ticker()
 .text._ZN6Ticker6attachEPFvvEf
                0x00005180       0x3c ./component/r01lib/Ticker.o
                0x00005180                Ticker::attach(void (*)(), float)
 .text._ZN3I2CC2Em
                0x000051bc       0x44 ./component/r01lib/i2c.o
                0x000051bc                I2C::I2C(unsigned long)
                0x000051bc                I2C::I2C(unsigned long)
 .text._ZN3I2CD2Ev
                0x00005200       0x20 ./component/r01lib/i2c.o
                0x00005200                I2C::~I2C()
                0x00005200                I2C::~I2C()
 .text._ZN3I2C5writeEhPKhib
                0x00005220       0xd0 ./component/r01lib/i2c.o
                0x00005220                I2C::write(unsigned char, unsigned char const*, int, bool)
 .text._ZN3I2C4readEhPhib
                0x000052f0       0xb0 ./component/r01lib/i2c.o
                0x000052f0                I2C::read(unsigned char, unsigned char*, int, bool)
 .text._ZN3I3CC2Emmm
                0x000053a0       0x80 ./component/r01lib/i3c.o
                0x000053a0                I3C::I3C(unsigned long, unsigned long, unsigned long)
                0x000053a0                I3C::I3C(unsigned long, unsigned long, unsigned long)
 .text._ZN3I3CD2Ev
                0x00005420       0x24 ./component/r01lib/i3c.o
                0x00005420                I3C::~I3C()
                0x00005420                I3C::~I3C()
 .text._ZN3I3C4xferE14_i3c_direction13_i3c_bus_typehPhib
                0x00005444       0x70 ./component/r01lib/i3c.o
                0x00005444                I3C::xfer(_i3c_direction, _i3c_bus_type, unsigned char, unsigned char*, int, bool)
 .text._ZN3I3C16set_IBI_callbackEPFvvE
                0x000054b4       0x20 ./component/r01lib/i3c.o
                0x000054b4                I3C::set_IBI_callback(void (*)())
 .text._ZN3I3C9check_IBIEv
                0x000054d4       0x38 ./component/r01lib/i3c.o
                0x000054d4                I3C::check_IBI()
 .text._ZN3I3C19master_ibi_callbackEP8I3C_TypeP18_i3c_master_handle13_i3c_ibi_type14_i3c_ibi_state
                0x0000550c       0x9c ./component/r01lib/i3c.o
                0x0000550c                I3C::master_ibi_callback(I3C_Type*, _i3c_master_handle*, _i3c_ibi_type, _i3c_ibi_state)
 .text._ZN3I3C15master_callbackEP8I3C_TypeP18_i3c_master_handlelPv
                0x000055a8       0x34 ./component/r01lib/i3c.o
                0x000055a8                I3C::master_callback(I3C_Type*, _i3c_master_handle*, long, void*)
 .text._ZN12DigitalInOutC2Ehbb
                0x000055dc       0x8c ./component/r01lib/io.o
                0x000055dc                DigitalInOut::DigitalInOut(unsigned char, bool, bool)
                0x000055dc                DigitalInOut::DigitalInOut(unsigned char, bool, bool)
 .text._ZN12DigitalInOut5valueEb
                0x00005668       0x4c ./component/r01lib/io.o
                0x00005668                DigitalInOut::value(bool)
 .text.CLOCK_EnableClock
                0x000056b4       0x88 ./component/r01lib/mcu.o
 .text._Z8init_mcuv
                0x0000573c       0x64 ./component/r01lib/mcu.o
                0x0000573c                init_mcu()
 .text._Z4waitf
                0x000057a0       0x34 ./component/r01lib/mcu.o
                0x000057a0                wait(float)
 .text.PWM_SetupFaultDisableMap
                0x000057d4       0xe0 ./component/pwm_for_led/pwm.o
 .text.pwm_start
                0x000058b4      0x154 ./component/pwm_for_led/pwm.o
                0x000058b4                pwm_start
 .text.pwm_update
                0x00005a08       0x58 ./component/pwm_for_led/pwm.o
                0x00005a08                pwm_update
 .text.BOARD_InitDebugConsole
                0x00005a60       0x30 ./board/board.o
                0x00005a60                BOARD_InitDebugConsole
 .text.CLOCK_EnableClock
                0x00005a90       0x88 ./board/clock_config.o
 .text.BOARD_BootClockFRO96M
                0x00005b18       0xf0 ./board/clock_config.o
                0x00005b18                BOARD_BootClockFRO96M
 .text.CLOCK_EnableClock
                0x00005c08       0x88 ./board/pin_mux.o
 .text.PORT_SetPinConfig
                0x00005c90       0x48 ./board/pin_mux.o
 .text.BOARD_InitPins
                0x00005cd8      0x400 ./board/pin_mux.o
                0x00005cd8                BOARD_InitPins
 .text          0x000060d8      0x378 /Applications/MCUXpressoIDE_11.9.0_2144/ide/plugins/com.nxp.mcuxpresso.tools.macosx_11.9.0.202307121226/tools/bin/../lib/gcc/arm-none-eabi/12.3.1/thumb/v8-m.main/nofp/libgcc.a(_arm_addsubdf3.o)
                0x000060d8                __aeabi_drsub
                0x000060e0                __subdf3
                0x000060e0                __aeabi_dsub
                0x000060e4                __aeabi_dadd
                0x000060e4                __adddf3
                0x0000635c                __aeabi_ui2d
                0x0000635c                __floatunsidf
                0x0000637c                __floatsidf
                0x0000637c                __aeabi_i2d
                0x000063a0                __extendsfdf2
                0x000063a0                __aeabi_f2d
                0x000063e4                __aeabi_ul2d
                0x000063e4                __floatundidf
                0x000063f4                __aeabi_l2d
                0x000063f4                __floatdidf
 .text          0x00006450      0x21c /Applications/MCUXpressoIDE_11.9.0_2144/ide/plugins/com.nxp.mcuxpresso.tools.macosx_11.9.0.202307121226/tools/bin/../lib/gcc/arm-none-eabi/12.3.1/thumb/v8-m.main/nofp/libgcc.a(_arm_addsubsf3.o)
                0x00006450                __aeabi_frsub
                0x00006458                __aeabi_fsub
                0x00006458                __subsf3
                0x0000645c                __aeabi_fadd
                0x0000645c                __addsf3
                0x000065bc                __aeabi_ui2f
                0x000065bc                __floatunsisf
                0x000065c4                __floatsisf
                0x000065c4                __aeabi_i2f
                0x000065e0                __aeabi_ul2f
                0x000065e0                __floatundisf
                0x000065f0                __aeabi_l2f
                0x000065f0                __floatdisf
 .text          0x0000666c      0x2a0 /Applications/MCUXpressoIDE_11.9.0_2144/ide/plugins/com.nxp.mcuxpresso.tools.macosx_11.9.0.202307121226/tools/bin/../lib/gcc/arm-none-eabi/12.3.1/thumb/v8-m.main/nofp/libgcc.a(_arm_muldivsf3.o)
                0x0000666c                __mulsf3
                0x0000666c                __aeabi_fmul
                0x000067d4                __divsf3
                0x000067d4                __aeabi_fdiv
 .text          0x0000690c       0xec /Applications/MCUXpressoIDE_11.9.0_2144/ide/plugins/com.nxp.mcuxpresso.tools.macosx_11.9.0.202307121226/tools/bin/../lib/gcc/arm-none-eabi/12.3.1/thumb/v8-m.main/nofp/libgcc.a(_arm_cmpsf2.o)
                0x0000690c                __gesf2
                0x0000690c                __gtsf2
                0x00006914                __ltsf2
                0x00006914                __lesf2
                0x0000691c                __nesf2
                0x0000691c                __eqsf2
                0x0000691c                __cmpsf2
                0x0000697c                __aeabi_cfrcmple
                0x00006984                __aeabi_cfcmpeq
                0x00006984                __aeabi_cfcmple
                0x00006994                __aeabi_fcmpeq
                0x000069a8                __aeabi_fcmplt
                0x000069bc                __aeabi_fcmple
                0x000069d0                __aeabi_fcmpge
                0x000069e4                __aeabi_fcmpgt
 .text          0x000069f8       0x40 /Applications/MCUXpressoIDE_11.9.0_2144/ide/plugins/com.nxp.mcuxpresso.tools.macosx_11.9.0.202307121226/tools/bin/../lib/gcc/arm-none-eabi/12.3.1/thumb/v8-m.main/nofp/libgcc.a(_arm_fixunssfsi.o)
                0x000069f8                __aeabi_f2uiz
                0x000069f8                __fixunssfsi
 .text          0x00006a38       0x30 /Applications/MCUXpressoIDE_11.9.0_2144/ide/plugins/com.nxp.mcuxpresso.tools.macosx_11.9.0.202307121226/tools/bin/../lib/gcc/arm-none-eabi/12.3.1/thumb/v8-m.main/nofp/libgcc.a(_aeabi_uldivmod.o)
                0x00006a38                __aeabi_uldivmod
 .text.__udivmoddi4
                0x00006a68      0x2e4 /Applications/MCUXpressoIDE_11.9.0_2144/ide/plugins/com.nxp.mcuxpresso.tools.macosx_11.9.0.202307121226/tools/bin/../lib/gcc/arm-none-eabi/12.3.1/thumb/v8-m.main/nofp/libgcc.a(_udivmoddi4.o)
                0x00006a68                __udivmoddi4
 .text          0x00006d4c        0x4 /Applications/MCUXpressoIDE_11.9.0_2144/ide/plugins/com.nxp.mcuxpresso.tools.macosx_11.9.0.202307121226/tools/bin/../lib/gcc/arm-none-eabi/12.3.1/thumb/v8-m.main/nofp/libgcc.a(_dvmd_tls.o)
                0x00006d4c                __aeabi_ldiv0
                0x00006d4c                __aeabi_idiv0
 .text._printf_float
                0x00006d50      0x46c /Applications/MCUXpressoIDE_11.9.0_2144/ide/plugins/com.nxp.mcuxpresso.tools.macosx_11.9.0.202307121226/tools/bin/../lib/gcc/arm-none-eabi/12.3.1/../../../../arm-none-eabi/lib/thumb/v8-m.main/nofp/libc_nano.a(libc_a-nano-vfprintf_float.o)
                0x00006d50                _printf_float
 .text.malloc   0x000071bc       0x10 /Applications/MCUXpressoIDE_11.9.0_2144/ide/plugins/com.nxp.mcuxpresso.tools.macosx_11.9.0.202307121226/tools/bin/../lib/gcc/arm-none-eabi/12.3.1/../../../../arm-none-eabi/lib/thumb/v8-m.main/nofp/libc_nano.a(libc_a-malloc.o)
                0x000071bc                malloc
 .text.sbrk_aligned
                0x000071cc       0x44 /Applications/MCUXpressoIDE_11.9.0_2144/ide/plugins/com.nxp.mcuxpresso.tools.macosx_11.9.0.202307121226/tools/bin/../lib/gcc/arm-none-eabi/12.3.1/../../../../arm-none-eabi/lib/thumb/v8-m.main/nofp/libc_nano.a(libc_a-mallocr.o)
 .text._malloc_r
                0x00007210      0x100 /Applications/MCUXpressoIDE_11.9.0_2144/ide/plugins/com.nxp.mcuxpresso.tools.macosx_11.9.0.202307121226/tools/bin/../lib/gcc/arm-none-eabi/12.3.1/../../../../arm-none-eabi/lib/thumb/v8-m.main/nofp/libc_nano.a(libc_a-mallocr.o)
                0x00007210                _malloc_r
 .text._printf_i
                0x00007310      0x258 /Applications/MCUXpressoIDE_11.9.0_2144/ide/plugins/com.nxp.mcuxpresso.tools.macosx_11.9.0.202307121226/tools/bin/../lib/gcc/arm-none-eabi/12.3.1/../../../../arm-none-eabi/lib/thumb/v8-m.main/nofp/libc_nano.a(libc_a-nano-vfprintf_i.o)
                0x00007310                _printf_i
 .text.__malloc_lock
                0x00007568        0xc /Applications/MCUXpressoIDE_11.9.0_2144/ide/plugins/com.nxp.mcuxpresso.tools.macosx_11.9.0.202307121226/tools/bin/../lib/gcc/arm-none-eabi/12.3.1/../../../../arm-none-eabi/lib/thumb/v8-m.main/nofp/libc_nano.a(libc_a-mlock.o)
                0x00007568                __malloc_lock
 .text.__malloc_unlock
                0x00007574        0xc /Applications/MCUXpressoIDE_11.9.0_2144/ide/plugins/com.nxp.mcuxpresso.tools.macosx_11.9.0.202307121226/tools/bin/../lib/gcc/arm-none-eabi/12.3.1/../../../../arm-none-eabi/lib/thumb/v8-m.main/nofp/libc_nano.a(libc_a-mlock.o)
                0x00007574                __malloc_unlock
 .text.printf   0x00007580       0x24 /Applications/MCUXpressoIDE_11.9.0_2144/ide/plugins/com.nxp.mcuxpresso.tools.macosx_11.9.0.202307121226/tools/bin/../lib/gcc/arm-none-eabi/12.3.1/../../../../arm-none-eabi/lib/thumb/v8-m.main/nofp/libc_nano.a(libc_a-printf.o)
                0x00007580                printf
                0x00007580                iprintf
 .text._localeconv_r
                0x000075a4        0x8 /Applications/MCUXpressoIDE_11.9.0_2144/ide/plugins/com.nxp.mcuxpresso.tools.macosx_11.9.0.202307121226/tools/bin/../lib/gcc/arm-none-eabi/12.3.1/../../../../arm-none-eabi/lib/thumb/v8-m.main/nofp/libc_nano.a(libc_a-localeconv.o)
                0x000075a4                _localeconv_r
 .text._sbrk_r  0x000075ac       0x20 /Applications/MCUXpressoIDE_11.9.0_2144/ide/plugins/com.nxp.mcuxpresso.tools.macosx_11.9.0.202307121226/tools/bin/../lib/gcc/arm-none-eabi/12.3.1/../../../../arm-none-eabi/lib/thumb/v8-m.main/nofp/libc_nano.a(libc_a-sbrkr.o)
                0x000075ac                _sbrk_r
 .text.__errno  0x000075cc        0xc /Applications/MCUXpressoIDE_11.9.0_2144/ide/plugins/com.nxp.mcuxpresso.tools.macosx_11.9.0.202307121226/tools/bin/../lib/gcc/arm-none-eabi/12.3.1/../../../../arm-none-eabi/lib/thumb/v8-m.main/nofp/libc_nano.a(libc_a-errno.o)
                0x000075cc                __errno
 .text.__libc_init_array
                0x000075d8       0x48 /Applications/MCUXpressoIDE_11.9.0_2144/ide/plugins/com.nxp.mcuxpresso.tools.macosx_11.9.0.202307121226/tools/bin/../lib/gcc/arm-none-eabi/12.3.1/../../../../arm-none-eabi/lib/thumb/v8-m.main/nofp/libc_nano.a(libc_a-init.o)
                0x000075d8                __libc_init_array
 .text._free_r  0x00007620       0x94 /Applications/MCUXpressoIDE_11.9.0_2144/ide/plugins/com.nxp.mcuxpresso.tools.macosx_11.9.0.202307121226/tools/bin/../lib/gcc/arm-none-eabi/12.3.1/../../../../arm-none-eabi/lib/thumb/v8-m.main/nofp/libc_nano.a(libc_a-freer.o)
                0x00007620                _free_r
 .text._vfprintf_r
                0x000076b4      0x230 /Applications/MCUXpressoIDE_11.9.0_2144/ide/plugins/com.nxp.mcuxpresso.tools.macosx_11.9.0.202307121226/tools/bin/../lib/gcc/arm-none-eabi/12.3.1/../../../../arm-none-eabi/lib/thumb/v8-m.main/nofp/libc_nano.a(libc_a-nano-vfprintf.o)
                0x000076b4                _vfiprintf_r
                0x000076b4                _vfprintf_r
 .text._Balloc  0x000078e4       0x80 /Applications/MCUXpressoIDE_11.9.0_2144/ide/plugins/com.nxp.mcuxpresso.tools.macosx_11.9.0.202307121226/tools/bin/../lib/gcc/arm-none-eabi/12.3.1/../../../../arm-none-eabi/lib/thumb/v8-m.main/nofp/libc_nano.a(libc_a-mprec.o)
                0x000078e4                _Balloc
 .text._Bfree   0x00007964       0x44 /Applications/MCUXpressoIDE_11.9.0_2144/ide/plugins/com.nxp.mcuxpresso.tools.macosx_11.9.0.202307121226/tools/bin/../lib/gcc/arm-none-eabi/12.3.1/../../../../arm-none-eabi/lib/thumb/v8-m.main/nofp/libc_nano.a(libc_a-mprec.o)
                0x00007964                _Bfree
 .text.__multadd
                0x000079a8       0x90 /Applications/MCUXpressoIDE_11.9.0_2144/ide/plugins/com.nxp.mcuxpresso.tools.macosx_11.9.0.202307121226/tools/bin/../lib/gcc/arm-none-eabi/12.3.1/../../../../arm-none-eabi/lib/thumb/v8-m.main/nofp/libc_nano.a(libc_a-mprec.o)
                0x000079a8                __multadd
 .text.__i2b    0x00007a38       0x2c /Applications/MCUXpressoIDE_11.9.0_2144/ide/plugins/com.nxp.mcuxpresso.tools.macosx_11.9.0.202307121226/tools/bin/../lib/gcc/arm-none-eabi/12.3.1/../../../../arm-none-eabi/lib/thumb/v8-m.main/nofp/libc_nano.a(libc_a-mprec.o)
                0x00007a38                __i2b
 .text.__multiply
                0x00007a64      0x154 /Applications/MCUXpressoIDE_11.9.0_2144/ide/plugins/com.nxp.mcuxpresso.tools.macosx_11.9.0.202307121226/tools/bin/../lib/gcc/arm-none-eabi/12.3.1/../../../../arm-none-eabi/lib/thumb/v8-m.main/nofp/libc_nano.a(libc_a-mprec.o)
                0x00007a64                __multiply
 .text.__pow5mult
                0x00007bb8       0xb4 /Applications/MCUXpressoIDE_11.9.0_2144/ide/plugins/com.nxp.mcuxpresso.tools.macosx_11.9.0.202307121226/tools/bin/../lib/gcc/arm-none-eabi/12.3.1/../../../../arm-none-eabi/lib/thumb/v8-m.main/nofp/libc_nano.a(libc_a-mprec.o)
                0x00007bb8                __pow5mult
 .text.__lshift
                0x00007c6c       0xd8 /Applications/MCUXpressoIDE_11.9.0_2144/ide/plugins/com.nxp.mcuxpresso.tools.macosx_11.9.0.202307121226/tools/bin/../lib/gcc/arm-none-eabi/12.3.1/../../../../arm-none-eabi/lib/thumb/v8-m.main/nofp/libc_nano.a(libc_a-mprec.o)
                0x00007c6c                __lshift
 .text.__mdiff  0x00007d44      0x12c /Applications/MCUXpressoIDE_11.9.0_2144/ide/plugins/com.nxp.mcuxpresso.tools.macosx_11.9.0.202307121226/tools/bin/../lib/gcc/arm-none-eabi/12.3.1/../../../../arm-none-eabi/lib/thumb/v8-m.main/nofp/libc_nano.a(libc_a-mprec.o)
                0x00007d44                __mdiff
 .text.__d2b    0x00007e70       0xb0 /Applications/MCUXpressoIDE_11.9.0_2144/ide/plugins/com.nxp.mcuxpresso.tools.macosx_11.9.0.202307121226/tools/bin/../lib/gcc/arm-none-eabi/12.3.1/../../../../arm-none-eabi/lib/thumb/v8-m.main/nofp/libc_nano.a(libc_a-mprec.o)
                0x00007e70                __d2b
 .text.std      0x00007f20       0x6c /Applications/MCUXpressoIDE_11.9.0_2144/ide/plugins/com.nxp.mcuxpresso.tools.macosx_11.9.0.202307121226/tools/bin/../lib/gcc/arm-none-eabi/12.3.1/../../../../arm-none-eabi/lib/thumb/v8-m.main/nofp/libc_nano.a(libc_a-findfp.o)
 .text.stdio_exit_handler
                0x00007f8c       0x18 /Applications/MCUXpressoIDE_11.9.0_2144/ide/plugins/com.nxp.mcuxpresso.tools.macosx_11.9.0.202307121226/tools/bin/../lib/gcc/arm-none-eabi/12.3.1/../../../../arm-none-eabi/lib/thumb/v8-m.main/nofp/libc_nano.a(libc_a-findfp.o)
 .text.cleanup_stdio
                0x00007fa4       0x40 /Applications/MCUXpressoIDE_11.9.0_2144/ide/plugins/com.nxp.mcuxpresso.tools.macosx_11.9.0.202307121226/tools/bin/../lib/gcc/arm-none-eabi/12.3.1/../../../../arm-none-eabi/lib/thumb/v8-m.main/nofp/libc_nano.a(libc_a-findfp.o)
 .text.global_stdio_init.part.0
                0x00007fe4       0x3c /Applications/MCUXpressoIDE_11.9.0_2144/ide/plugins/com.nxp.mcuxpresso.tools.macosx_11.9.0.202307121226/tools/bin/../lib/gcc/arm-none-eabi/12.3.1/../../../../arm-none-eabi/lib/thumb/v8-m.main/nofp/libc_nano.a(libc_a-findfp.o)
 .text.__sfp_lock_acquire
                0x00008020        0xc /Applications/MCUXpressoIDE_11.9.0_2144/ide/plugins/com.nxp.mcuxpresso.tools.macosx_11.9.0.202307121226/tools/bin/../lib/gcc/arm-none-eabi/12.3.1/../../../../arm-none-eabi/lib/thumb/v8-m.main/nofp/libc_nano.a(libc_a-findfp.o)
                0x00008020                __sfp_lock_acquire
 .text.__sfp_lock_release
                0x0000802c        0xc /Applications/MCUXpressoIDE_11.9.0_2144/ide/plugins/com.nxp.mcuxpresso.tools.macosx_11.9.0.202307121226/tools/bin/../lib/gcc/arm-none-eabi/12.3.1/../../../../arm-none-eabi/lib/thumb/v8-m.main/nofp/libc_nano.a(libc_a-findfp.o)
                0x0000802c                __sfp_lock_release
 .text.__sinit  0x00008038       0x30 /Applications/MCUXpressoIDE_11.9.0_2144/ide/plugins/com.nxp.mcuxpresso.tools.macosx_11.9.0.202307121226/tools/bin/../lib/gcc/arm-none-eabi/12.3.1/../../../../arm-none-eabi/lib/thumb/v8-m.main/nofp/libc_nano.a(libc_a-findfp.o)
                0x00008038                __sinit
 .text.__swsetup_r
                0x00008068       0xac /Applications/MCUXpressoIDE_11.9.0_2144/ide/plugins/com.nxp.mcuxpresso.tools.macosx_11.9.0.202307121226/tools/bin/../lib/gcc/arm-none-eabi/12.3.1/../../../../arm-none-eabi/lib/thumb/v8-m.main/nofp/libc_nano.a(libc_a-wsetup.o)
                0x00008068                __swsetup_r
 .text._fstat_r
                0x00008114       0x24 /Applications/MCUXpressoIDE_11.9.0_2144/ide/plugins/com.nxp.mcuxpresso.tools.macosx_11.9.0.202307121226/tools/bin/../lib/gcc/arm-none-eabi/12.3.1/../../../../arm-none-eabi/lib/thumb/v8-m.main/nofp/libc_nano.a(libc_a-fstatr.o)
                0x00008114                _fstat_r
 .text._isatty_r
                0x00008138       0x20 /Applications/MCUXpressoIDE_11.9.0_2144/ide/plugins/com.nxp.mcuxpresso.tools.macosx_11.9.0.202307121226/tools/bin/../lib/gcc/arm-none-eabi/12.3.1/../../../../arm-none-eabi/lib/thumb/v8-m.main/nofp/libc_nano.a(libc_a-isattyr.o)
                0x00008138                _isatty_r
 .text._close_r
                0x00008158       0x20 /Applications/MCUXpressoIDE_11.9.0_2144/ide/plugins/com.nxp.mcuxpresso.tools.macosx_11.9.0.202307121226/tools/bin/../lib/gcc/arm-none-eabi/12.3.1/../../../../arm-none-eabi/lib/thumb/v8-m.main/nofp/libc_nano.a(libc_a-closer.o)
                0x00008158                _close_r
 .text._lseek_r
                0x00008178       0x24 /Applications/MCUXpressoIDE_11.9.0_2144/ide/plugins/com.nxp.mcuxpresso.tools.macosx_11.9.0.202307121226/tools/bin/../lib/gcc/arm-none-eabi/12.3.1/../../../../arm-none-eabi/lib/thumb/v8-m.main/nofp/libc_nano.a(libc_a-lseekr.o)
                0x00008178                _lseek_r
 .text._read_r  0x0000819c       0x24 /Applications/MCUXpressoIDE_11.9.0_2144/ide/plugins/com.nxp.mcuxpresso.tools.macosx_11.9.0.202307121226/tools/bin/../lib/gcc/arm-none-eabi/12.3.1/../../../../arm-none-eabi/lib/thumb/v8-m.main/nofp/libc_nano.a(libc_a-readr.o)
                0x0000819c                _read_r
 .text._write_r
                0x000081c0       0x24 /Applications/MCUXpressoIDE_11.9.0_2144/ide/plugins/com.nxp.mcuxpresso.tools.macosx_11.9.0.202307121226/tools/bin/../lib/gcc/arm-none-eabi/12.3.1/../../../../arm-none-eabi/lib/thumb/v8-m.main/nofp/libc_nano.a(libc_a-writer.o)
                0x000081c0                _write_r
 .text._sbrk    0x000081e4       0x3c /Applications/MCUXpressoIDE_11.9.0_2144/ide/plugins/com.nxp.mcuxpresso.tools.macosx_11.9.0.202307121226/tools/bin/../lib/gcc/arm-none-eabi/12.3.1/../../../../arm-none-eabi/lib/thumb/v8-m.main/nofp/libcr_newlib_semihost.a(_cr_sbrk.o)
                0x000081e4                _sbrk
 .text.initialise_monitor_handles.part.0
                0x00008220       0xa4 /Applications/MCUXpressoIDE_11.9.0_2144/ide/plugins/com.nxp.mcuxpresso.tools.macosx_11.9.0.202307121226/tools/bin/../lib/gcc/arm-none-eabi/12.3.1/../../../../arm-none-eabi/lib/thumb/v8-m.main/nofp/libcr_newlib_semihost.a(syscalls.o)
 .text.findslot
                0x000082c4       0x30 /Applications/MCUXpressoIDE_11.9.0_2144/ide/plugins/com.nxp.mcuxpresso.tools.macosx_11.9.0.202307121226/tools/bin/../lib/gcc/arm-none-eabi/12.3.1/../../../../arm-none-eabi/lib/thumb/v8-m.main/nofp/libcr_newlib_semihost.a(syscalls.o)
 .text._close   0x000082f4       0x44 /Applications/MCUXpressoIDE_11.9.0_2144/ide/plugins/com.nxp.mcuxpresso.tools.macosx_11.9.0.202307121226/tools/bin/../lib/gcc/arm-none-eabi/12.3.1/../../../../arm-none-eabi/lib/thumb/v8-m.main/nofp/libcr_newlib_semihost.a(syscalls.o)
                0x000082f4                _close
 .text.__check_heap_overflow
                0x00008338       0x18 /Applications/MCUXpressoIDE_11.9.0_2144/ide/plugins/com.nxp.mcuxpresso.tools.macosx_11.9.0.202307121226/tools/bin/../lib/gcc/arm-none-eabi/12.3.1/../../../../arm-none-eabi/lib/thumb/v8-m.main/nofp/libcr_newlib_semihost.a(_cr_check_heap.o)
                0x00008338                __check_heap_overflow
 .text.register_tm_clones
                0x00008350       0x28 /Applications/MCUXpressoIDE_11.9.0_2144/ide/plugins/com.nxp.mcuxpresso.tools.macosx_11.9.0.202307121226/tools/bin/../lib/gcc/arm-none-eabi/12.3.1/thumb/v8-m.main/nofp/crtbegin.o
 .text.frame_dummy
                0x00008378       0x24 /Applications/MCUXpressoIDE_11.9.0_2144/ide/plugins/com.nxp.mcuxpresso.tools.macosx_11.9.0.202307121226/tools/bin/../lib/gcc/arm-none-eabi/12.3.1/thumb/v8-m.main/nofp/crtbegin.o
 .text          0x0000839c      0x424 /Applications/MCUXpressoIDE_11.9.0_2144/ide/plugins/com.nxp.mcuxpresso.tools.macosx_11.9.0.202307121226/tools/bin/../lib/gcc/arm-none-eabi/12.3.1/thumb/v8-m.main/nofp/libgcc.a(_arm_muldivdf3.o)
                0x0000839c                __aeabi_dmul
                0x0000839c                __muldf3
                0x000085f0                __aeabi_ddiv
                0x000085f0                __divdf3
 .text          0x000087c0      0x110 /Applications/MCUXpressoIDE_11.9.0_2144/ide/plugins/com.nxp.mcuxpresso.tools.macosx_11.9.0.202307121226/tools/bin/../lib/gcc/arm-none-eabi/12.3.1/thumb/v8-m.main/nofp/libgcc.a(_arm_cmpdf2.o)
                0x000087c0                __gedf2
                0x000087c0                __gtdf2
                0x000087c8                __ledf2
                0x000087c8                __ltdf2
                0x000087d0                __cmpdf2
                0x000087d0                __eqdf2
                0x000087d0                __nedf2
                0x0000884c                __aeabi_cdrcmple
                0x0000885c                __aeabi_cdcmple
                0x0000885c                __aeabi_cdcmpeq
                0x0000886c                __aeabi_dcmpeq
                0x00008880                __aeabi_dcmplt
                0x00008894                __aeabi_dcmple
                0x000088a8                __aeabi_dcmpge
                0x000088bc                __aeabi_dcmpgt
 .text          0x000088d0       0x2c /Applications/MCUXpressoIDE_11.9.0_2144/ide/plugins/com.nxp.mcuxpresso.tools.macosx_11.9.0.202307121226/tools/bin/../lib/gcc/arm-none-eabi/12.3.1/thumb/v8-m.main/nofp/libgcc.a(_arm_unorddf2.o)
                0x000088d0                __aeabi_dcmpun
                0x000088d0                __unorddf2
 .text          0x000088fc       0x50 /Applications/MCUXpressoIDE_11.9.0_2144/ide/plugins/com.nxp.mcuxpresso.tools.macosx_11.9.0.202307121226/tools/bin/../lib/gcc/arm-none-eabi/12.3.1/thumb/v8-m.main/nofp/libgcc.a(_arm_fixdfsi.o)
                0x000088fc                __fixdfsi
                0x000088fc                __aeabi_d2iz
 .text.Reserved16_IRQHandler
                0x0000894c        0x8 ./startup/startup_mcxa153.o
                0x0000894c                Reserved16_IRQHandler
 .text.CMC_IRQHandler
                0x00008954        0x8 ./startup/startup_mcxa153.o
                0x00008954                CMC_IRQHandler
 .text.DMA_CH0_IRQHandler
                0x0000895c        0x8 ./startup/startup_mcxa153.o
                0x0000895c                DMA_CH0_IRQHandler
 .text.DMA_CH1_IRQHandler
                0x00008964        0x8 ./startup/startup_mcxa153.o
                0x00008964                DMA_CH1_IRQHandler
 .text.DMA_CH2_IRQHandler
                0x0000896c        0x8 ./startup/startup_mcxa153.o
                0x0000896c                DMA_CH2_IRQHandler
 .text.DMA_CH3_IRQHandler
                0x00008974        0x8 ./startup/startup_mcxa153.o
                0x00008974                DMA_CH3_IRQHandler
 .text.Reserved22_IRQHandler
                0x0000897c        0x8 ./startup/startup_mcxa153.o
                0x0000897c                Reserved22_IRQHandler
 .text.Reserved23_IRQHandler
                0x00008984        0x8 ./startup/startup_mcxa153.o
                0x00008984                Reserved23_IRQHandler
 .text.Reserved24_IRQHandler
                0x0000898c        0x8 ./startup/startup_mcxa153.o
                0x0000898c                Reserved24_IRQHandler
 .text.Reserved25_IRQHandler
                0x00008994        0x8 ./startup/startup_mcxa153.o
                0x00008994                Reserved25_IRQHandler
 .text.ERM0_SINGLE_BIT_IRQHandler
                0x0000899c        0x8 ./startup/startup_mcxa153.o
                0x0000899c                ERM0_SINGLE_BIT_IRQHandler
 .text.ERM0_MULTI_BIT_IRQHandler
                0x000089a4        0x8 ./startup/startup_mcxa153.o
                0x000089a4                ERM0_MULTI_BIT_IRQHandler
 .text.FMU0_IRQHandler
                0x000089ac        0x8 ./startup/startup_mcxa153.o
                0x000089ac                FMU0_IRQHandler
 .text.GLIKEY0_IRQHandler
                0x000089b4        0x8 ./startup/startup_mcxa153.o
                0x000089b4                GLIKEY0_IRQHandler
 .text.MBC0_IRQHandler
                0x000089bc        0x8 ./startup/startup_mcxa153.o
                0x000089bc                MBC0_IRQHandler
 .text.SCG0_IRQHandler
                0x000089c4        0x8 ./startup/startup_mcxa153.o
                0x000089c4                SCG0_IRQHandler
 .text.SPC0_IRQHandler
                0x000089cc        0x8 ./startup/startup_mcxa153.o
                0x000089cc                SPC0_IRQHandler
 .text.Reserved33_IRQHandler
                0x000089d4        0x8 ./startup/startup_mcxa153.o
                0x000089d4                Reserved33_IRQHandler
 .text.WUU0_IRQHandler
                0x000089dc        0x8 ./startup/startup_mcxa153.o
                0x000089dc                WUU0_IRQHandler
 .text.Reserved35_IRQHandler
                0x000089e4        0x8 ./startup/startup_mcxa153.o
                0x000089e4                Reserved35_IRQHandler
 .text.Reserved36_IRQHandler
                0x000089ec        0x8 ./startup/startup_mcxa153.o
                0x000089ec                Reserved36_IRQHandler
 .text.Reserved37_IRQHandler
                0x000089f4        0x8 ./startup/startup_mcxa153.o
                0x000089f4                Reserved37_IRQHandler
 .text.Reserved38_IRQHandler
                0x000089fc        0x8 ./startup/startup_mcxa153.o
                0x000089fc                Reserved38_IRQHandler
 .text.Reserved39_IRQHandler
                0x00008a04        0x8 ./startup/startup_mcxa153.o
                0x00008a04                Reserved39_IRQHandler
 .text.I3C0_IRQHandler
                0x00008a0c        0x8 ./startup/startup_mcxa153.o
                0x00008a0c                I3C0_IRQHandler
 .text.Reserved41_IRQHandler
                0x00008a14        0x8 ./startup/startup_mcxa153.o
                0x00008a14                Reserved41_IRQHandler
 .text.LPI2C0_IRQHandler
                0x00008a1c        0x8 ./startup/startup_mcxa153.o
                0x00008a1c                LPI2C0_IRQHandler
 .text.Reserved43_IRQHandler
                0x00008a24        0x8 ./startup/startup_mcxa153.o
                0x00008a24                Reserved43_IRQHandler
 .text.LPSPI0_IRQHandler
                0x00008a2c        0x8 ./startup/startup_mcxa153.o
                0x00008a2c                LPSPI0_IRQHandler
 .text.LPSPI1_IRQHandler
                0x00008a34        0x8 ./startup/startup_mcxa153.o
                0x00008a34                LPSPI1_IRQHandler
 .text.Reserved46_IRQHandler
                0x00008a3c        0x8 ./startup/startup_mcxa153.o
                0x00008a3c                Reserved46_IRQHandler
 .text.LPUART0_IRQHandler
                0x00008a44        0x8 ./startup/startup_mcxa153.o
                0x00008a44                LPUART0_IRQHandler
 .text.LPUART1_IRQHandler
                0x00008a4c        0x8 ./startup/startup_mcxa153.o
                0x00008a4c                LPUART1_IRQHandler
 .text.LPUART2_IRQHandler
                0x00008a54        0x8 ./startup/startup_mcxa153.o
                0x00008a54                LPUART2_IRQHandler
 .text.Reserved50_IRQHandler
                0x00008a5c        0x8 ./startup/startup_mcxa153.o
                0x00008a5c                Reserved50_IRQHandler
 .text.Reserved51_IRQHandler
                0x00008a64        0x8 ./startup/startup_mcxa153.o
                0x00008a64                Reserved51_IRQHandler
 .text.USB0_IRQHandler
                0x00008a6c        0x8 ./startup/startup_mcxa153.o
                0x00008a6c                USB0_IRQHandler
 .text.Reserved53_IRQHandler
                0x00008a74        0x8 ./startup/startup_mcxa153.o
                0x00008a74                Reserved53_IRQHandler
 .text.CDOG0_IRQHandler
                0x00008a7c        0x8 ./startup/startup_mcxa153.o
                0x00008a7c                CDOG0_IRQHandler
 .text.CTIMER0_IRQHandler
                0x00008a84        0x8 ./startup/startup_mcxa153.o
                0x00008a84                CTIMER0_IRQHandler
 .text.CTIMER1_IRQHandler
                0x00008a8c        0x8 ./startup/startup_mcxa153.o
                0x00008a8c                CTIMER1_IRQHandler
 .text.CTIMER2_IRQHandler
                0x00008a94        0x8 ./startup/startup_mcxa153.o
                0x00008a94                CTIMER2_IRQHandler
 .text.Reserved58_IRQHandler
                0x00008a9c        0x8 ./startup/startup_mcxa153.o
                0x00008a9c                Reserved58_IRQHandler
 .text.Reserved59_IRQHandler
                0x00008aa4        0x8 ./startup/startup_mcxa153.o
                0x00008aa4                Reserved59_IRQHandler
 .text.FLEXPWM0_RELOAD_ERROR_IRQHandler
                0x00008aac        0x8 ./startup/startup_mcxa153.o
                0x00008aac                FLEXPWM0_RELOAD_ERROR_IRQHandler
 .text.FLEXPWM0_FAULT_IRQHandler
                0x00008ab4        0x8 ./startup/startup_mcxa153.o
                0x00008ab4                FLEXPWM0_FAULT_IRQHandler
 .text.FLEXPWM0_SUBMODULE0_IRQHandler
                0x00008abc        0x8 ./startup/startup_mcxa153.o
                0x00008abc                FLEXPWM0_SUBMODULE0_IRQHandler
 .text.FLEXPWM0_SUBMODULE1_IRQHandler
                0x00008ac4        0x8 ./startup/startup_mcxa153.o
                0x00008ac4                FLEXPWM0_SUBMODULE1_IRQHandler
 .text.FLEXPWM0_SUBMODULE2_IRQHandler
                0x00008acc        0x8 ./startup/startup_mcxa153.o
                0x00008acc                FLEXPWM0_SUBMODULE2_IRQHandler
 .text.Reserved65_IRQHandler
                0x00008ad4        0x8 ./startup/startup_mcxa153.o
                0x00008ad4                Reserved65_IRQHandler
 .text.QDC0_COMPARE_IRQHandler
                0x00008adc        0x8 ./startup/startup_mcxa153.o
                0x00008adc                QDC0_COMPARE_IRQHandler
 .text.QDC0_HOME_IRQHandler
                0x00008ae4        0x8 ./startup/startup_mcxa153.o
                0x00008ae4                QDC0_HOME_IRQHandler
 .text.QDC0_WATCHDOG_IRQHandler
                0x00008aec        0x8 ./startup/startup_mcxa153.o
                0x00008aec                QDC0_WATCHDOG_IRQHandler
 .text.QDC0_INDEX_IRQHandler
                0x00008af4        0x8 ./startup/startup_mcxa153.o
                0x00008af4                QDC0_INDEX_IRQHandler
 .text.FREQME0_IRQHandler
                0x00008afc        0x8 ./startup/startup_mcxa153.o
                0x00008afc                FREQME0_IRQHandler
 .text.LPTMR0_IRQHandler
                0x00008b04        0x8 ./startup/startup_mcxa153.o
                0x00008b04                LPTMR0_IRQHandler
 .text.Reserved72_IRQHandler
                0x00008b0c        0x8 ./startup/startup_mcxa153.o
                0x00008b0c                Reserved72_IRQHandler
 .text.OS_EVENT_IRQHandler
                0x00008b14        0x8 ./startup/startup_mcxa153.o
                0x00008b14                OS_EVENT_IRQHandler
 .text.WAKETIMER0_IRQHandler
                0x00008b1c        0x8 ./startup/startup_mcxa153.o
                0x00008b1c                WAKETIMER0_IRQHandler
 .text.UTICK0_IRQHandler
                0x00008b24        0x8 ./startup/startup_mcxa153.o
                0x00008b24                UTICK0_IRQHandler
 .text.WWDT0_IRQHandler
                0x00008b2c        0x8 ./startup/startup_mcxa153.o
                0x00008b2c                WWDT0_IRQHandler
 .text.Reserved77_IRQHandler
                0x00008b34        0x8 ./startup/startup_mcxa153.o
                0x00008b34                Reserved77_IRQHandler
 .text.ADC0_IRQHandler
                0x00008b3c        0x8 ./startup/startup_mcxa153.o
                0x00008b3c                ADC0_IRQHandler
 .text.Reserved79_IRQHandler
                0x00008b44        0x8 ./startup/startup_mcxa153.o
                0x00008b44                Reserved79_IRQHandler
 .text.CMP0_IRQHandler
                0x00008b4c        0x8 ./startup/startup_mcxa153.o
                0x00008b4c                CMP0_IRQHandler
 .text.CMP1_IRQHandler
                0x00008b54        0x8 ./startup/startup_mcxa153.o
                0x00008b54                CMP1_IRQHandler
 .text.Reserved82_IRQHandler
                0x00008b5c        0x8 ./startup/startup_mcxa153.o
                0x00008b5c                Reserved82_IRQHandler
 .text.Reserved83_IRQHandler
                0x00008b64        0x8 ./startup/startup_mcxa153.o
                0x00008b64                Reserved83_IRQHandler
 .text.Reserved84_IRQHandler
                0x00008b6c        0x8 ./startup/startup_mcxa153.o
                0x00008b6c                Reserved84_IRQHandler
 .text.Reserved85_IRQHandler
                0x00008b74        0x8 ./startup/startup_mcxa153.o
                0x00008b74                Reserved85_IRQHandler
 .text.Reserved86_IRQHandler
                0x00008b7c        0x8 ./startup/startup_mcxa153.o
                0x00008b7c                Reserved86_IRQHandler
 .text.__aeabi_atexit
                0x00008b84       0x18 ./source/cpp_config.o
                0x00008b84                __aeabi_atexit
 .text._GLOBAL__sub_I__Z9start_mcuv
                0x00008b9c       0x10 ./source/main.o
 .text.HardFault_Handler
                0x00008bac       0x36 ./source/semihost_hardfault.o
                0x00008bac                HardFault_Handler
 .text.CLOCK_IsDivHalt
                0x00008be2       0x22 ./drivers/fsl_clock.o
 .text.CLOCK_AttachClk
                0x00008c04       0x30 ./drivers/fsl_clock.o
                0x00008c04                CLOCK_AttachClk
 .text.DelayLoop
                0x00008c34       0x1e ./drivers/fsl_common_arm.o
 .text.GPIO_PinWrite
                0x00008c52       0x34 ./drivers/fsl_gpio.o
 .text.GPIO_GpioGetInterruptFlags
                0x00008c86       0x18 ./drivers/fsl_gpio.o
                0x00008c86                GPIO_GpioGetInterruptFlags
 .text.GPIO_GpioClearInterruptFlags
                0x00008c9e       0x1c ./drivers/fsl_gpio.o
                0x00008c9e                GPIO_GpioClearInterruptFlags
 .text.EnableIRQ
                0x00008cba       0x32 ./drivers/fsl_i3c.o
 .text.I3C_MasterGetStatusFlags
                0x00008cec       0x1c ./drivers/fsl_i3c.o
 .text.I3C_MasterClearStatusFlags
                0x00008d08       0x1c ./drivers/fsl_i3c.o
 .text.I3C_MasterGetErrorStatusFlags
                0x00008d24       0x18 ./drivers/fsl_i3c.o
 .text.I3C_MasterClearErrorStatusFlags
                0x00008d3c       0x2e ./drivers/fsl_i3c.o
 .text.I3C_MasterEnableInterrupts
                0x00008d6a       0x24 ./drivers/fsl_i3c.o
 .text.I3C_MasterDisableInterrupts
                0x00008d8e       0x1c ./drivers/fsl_i3c.o
 .text.I3C_MasterGetPendingInterrupts
                0x00008daa       0x18 ./drivers/fsl_i3c.o
 .text.I3C_MasterSetWatermarks
                0x00008dc2       0x5a ./drivers/fsl_i3c.o
 .text.I3C_MasterGetFifoCounts
                0x00008e1c       0x42 ./drivers/fsl_i3c.o
 .text.I3C_MasterRepeatedStart
                0x00008e5e       0x34 ./drivers/fsl_i3c.o
 .text.I3C_MasterEmitIBIResponse
                0x00008e92       0x3e ./drivers/fsl_i3c.o
 .text.I3C_GetIBIAddress
                0x00008ed0       0x22 ./drivers/fsl_i3c.o
 .text.I3C_MasterWaitForCtrlDone
                0x00008ef2       0x76 ./drivers/fsl_i3c.o
 .text.I3C_MasterWaitForTxReady
                0x00008f68       0x62 ./drivers/fsl_i3c.o
 .text.I3C_MasterWaitForComplete
                0x00008fca       0x62 ./drivers/fsl_i3c.o
 .text.I3C_GetIBIType
                0x0000902c       0x44 ./drivers/fsl_i3c.o
                0x0000902c                I3C_GetIBIType
 .text.I3C_MasterInit
                0x00009070       0x86 ./drivers/fsl_i3c.o
                0x00009070                I3C_MasterInit
 .text.I3C_CalcErrorRatio
                0x000090f6       0x42 ./drivers/fsl_i3c.o
 .text.I3C_MasterStartWithRxSize
                0x00009138       0x74 ./drivers/fsl_i3c.o
                0x00009138                I3C_MasterStartWithRxSize
 .text.I3C_MasterStart
                0x000091ac       0x72 ./drivers/fsl_i3c.o
                0x000091ac                I3C_MasterStart
 .text.I3C_MasterEmitRequest
                0x0000921e       0x48 ./drivers/fsl_i3c.o
                0x0000921e                I3C_MasterEmitRequest
 .text.I3C_MasterTransferNoStartFlag
                0x00009266       0x48 ./drivers/fsl_i3c.o
 .text.I3C_TransferStateMachineWaitForCompletionState
                0x000092ae       0x2e ./drivers/fsl_i3c.o
 .text.I3C_TransferStateMachineStopState
                0x000092dc       0x56 ./drivers/fsl_i3c.o
 .text.I3C_MasterTransferHandleIRQ
                0x00009332       0xbc ./drivers/fsl_i3c.o
                0x00009332                I3C_MasterTransferHandleIRQ
 .text.RESET_ReleasePeripheralReset
                0x000093ee       0x1a ./drivers/fsl_inputmux.o
 .text.INPUTMUX_Init
                0x00009408       0x24 ./drivers/fsl_inputmux.o
                0x00009408                INPUTMUX_Init
 .text.INPUTMUX_AttachSignal
                0x0000942c       0x36 ./drivers/fsl_inputmux.o
                0x0000942c                INPUTMUX_AttachSignal
 .text.RESET_ReleasePeripheralReset
                0x00009462       0x1a ./drivers/fsl_lpi2c.o
 .text.LPI2C_MasterReset
                0x0000947c       0x1e ./drivers/fsl_lpi2c.o
 .text.LPI2C_MasterEnable
                0x0000949a       0x26 ./drivers/fsl_lpi2c.o
 .text.LPI2C_MasterGetStatusFlags
                0x000094c0       0x16 ./drivers/fsl_lpi2c.o
 .text.LPI2C_MasterClearStatusFlags
                0x000094d6       0x1a ./drivers/fsl_lpi2c.o
 .text.LPI2C_MasterSetWatermarks
                0x000094f0       0x2a ./drivers/fsl_lpi2c.o
 .text.LPI2C_MasterGetFifoCounts
                0x0000951a       0x3c ./drivers/fsl_lpi2c.o
 .text.LPI2C_MasterCheckAndClearError
                0x00009556       0x80 ./drivers/fsl_lpi2c.o
                0x00009556                LPI2C_MasterCheckAndClearError
 .text.LPI2C_MasterWaitForTxReady
                0x000095d6       0x52 ./drivers/fsl_lpi2c.o
 .text.LPI2C_CheckForBusyBus
                0x00009628       0x38 ./drivers/fsl_lpi2c.o
                0x00009628                LPI2C_CheckForBusyBus
 .text.LPI2C_MasterStart
                0x00009660       0x5c ./drivers/fsl_lpi2c.o
                0x00009660                LPI2C_MasterStart
 .text.LPI2C_MasterStop
                0x000096bc       0x62 ./drivers/fsl_lpi2c.o
                0x000096bc                LPI2C_MasterStop
 .text.RESET_ReleasePeripheralReset
                0x0000971e       0x1a ./drivers/fsl_pwm.o
 .text.PWM_GetComplementU16
                0x00009738       0x1a ./drivers/fsl_pwm.o
 .text.RESET_PeripheralReset
                0x00009752       0x22 ./drivers/fsl_reset.o
                0x00009752                RESET_PeripheralReset
 .text.SPC_GetActiveModeBandgapMode
                0x00009774       0x20 ./drivers/fsl_spc.o
 .text.SPC_GetActiveModeVoltageDetectStatus
                0x00009794       0x20 ./drivers/fsl_spc.o
 .text.SPC_GetActiveModeCoreLDOVDDVoltageLevel
                0x000097b4       0x20 ./drivers/fsl_spc.o
 .text.SPC_GetActiveModeCoreLDODriveStrength
                0x000097d4       0x20 ./drivers/fsl_spc.o
 .text.SPC_SetActiveModeCoreLDORegulatorVoltageLevel
                0x000097f4       0x32 ./drivers/fsl_spc.o
                0x000097f4                SPC_SetActiveModeCoreLDORegulatorVoltageLevel
 .text.SPC_SetActiveModeCoreLDORegulatorDriveStrength
                0x00009826       0x5e ./drivers/fsl_spc.o
                0x00009826                SPC_SetActiveModeCoreLDORegulatorDriveStrength
 .text.EnableIRQ
                0x00009884       0x32 ./drivers/fsl_utick.o
 .text.UTICK_ClearStatusFlags
                0x000098b6       0x18 ./drivers/fsl_utick.o
                0x000098b6                UTICK_ClearStatusFlags
 .text.UTICK_HandleIRQ
                0x000098ce       0x22 ./drivers/fsl_utick.o
                0x000098ce                UTICK_HandleIRQ
 .text.SystemInitHook
                0x000098f0        0xc ./device/system_MCXA153.o
                0x000098f0                SystemInitHook
 .text._ZN10I3C_Device17address_overwriteEh
                0x000098fc       0x1c ./component/r01lib/P3T1755.o
                0x000098fc                I3C_Device::address_overwrite(unsigned char)
 .text._ZN10I3C_Device7ccc_setEhh
                0x00009918       0x30 ./component/r01lib/P3T1755.o
                0x00009918                I3C_Device::ccc_set(unsigned char, unsigned char)
 .text._ZN10I3C_Device7ccc_getEhPhh
                0x00009948       0x3a ./component/r01lib/P3T1755.o
                0x00009948                I3C_Device::ccc_get(unsigned char, unsigned char*, unsigned char)
 .text._ZN7P3T17554tempEv
                0x00009982       0x22 ./component/r01lib/P3T1755.o
                0x00009982                P3T1755::temp()
 .text._ZN7P3T17554confEh
                0x000099a4       0x2e ./component/r01lib/P3T1755.o
                0x000099a4                P3T1755::conf(unsigned char)
 .text._ZN7P3T17554confEv
                0x000099d2       0x30 ./component/r01lib/P3T1755.o
                0x000099d2                P3T1755::conf()
 .text._ZN7P3T17554highEf
                0x00009a02       0x1c ./component/r01lib/P3T1755.o
                0x00009a02                P3T1755::high(float)
 .text._ZN7P3T17554highEv
                0x00009a1e       0x22 ./component/r01lib/P3T1755.o
                0x00009a1e                P3T1755::high()
 .text._ZN7P3T17553lowEf
                0x00009a40       0x1c ./component/r01lib/P3T1755.o
                0x00009a40                P3T1755::low(float)
 .text._ZN7P3T17553lowEv
                0x00009a5c       0x22 ./component/r01lib/P3T1755.o
                0x00009a5c                P3T1755::low()
 .text._ZN7P3T17555writeEhf
                0x00009a7e       0x46 ./component/r01lib/P3T1755.o
                0x00009a7e                P3T1755::write(unsigned char, float)
 .text._ZN7P3T17554readEh
                0x00009ac4       0x36 ./component/r01lib/P3T1755.o
                0x00009ac4                P3T1755::read(unsigned char)
 .text._ZN7P3T175513short2celsiusEs
                0x00009afa       0x32 ./component/r01lib/P3T1755.o
                0x00009afa                P3T1755::short2celsius(short)
 .text._ZN7P3T175513celsius2shortEf
                0x00009b2c       0x28 ./component/r01lib/P3T1755.o
                0x00009b2c                P3T1755::celsius2short(float)
 .text._ZN7P3T175510swap_bytesEs
                0x00009b54       0x28 ./component/r01lib/P3T1755.o
                0x00009b54                P3T1755::swap_bytes(short)
 .text._ZN7P3T1755cvfEv
                0x00009b7c       0x18 ./component/r01lib/P3T1755.o
                0x00009b7c                P3T1755::operator float()
 .text._ZN6TickerD2Ev
                0x00009b94       0x14 ./component/r01lib/Ticker.o
                0x00009b94                Ticker::~Ticker()
                0x00009b94                Ticker::~Ticker()
 .text.LPI2C_MasterGetStatusFlags
                0x00009ba8       0x16 ./component/r01lib/i2c.o
 .text.LPI2C_MasterGetFifoCounts
                0x00009bbe       0x3c ./component/r01lib/i2c.o
 .text._ZN3I2C9reg_writeEhhPKhi
                0x00009bfa       0x52 ./component/r01lib/i2c.o
                0x00009bfa                I2C::reg_write(unsigned char, unsigned char, unsigned char const*, int)
 .text._ZN3I2C9reg_writeEhhh
                0x00009c4c       0x3a ./component/r01lib/i2c.o
                0x00009c4c                I2C::reg_write(unsigned char, unsigned char, unsigned char)
 .text._ZN3I2C8reg_readEhhPhi
                0x00009c86       0x60 ./component/r01lib/i2c.o
                0x00009c86                I2C::reg_read(unsigned char, unsigned char, unsigned char*, int)
 .text._ZN3I2C8reg_readEhh
                0x00009ce6       0x42 ./component/r01lib/i2c.o
                0x00009ce6                I2C::reg_read(unsigned char, unsigned char)
 .text._ZN3I2C5writeEhhb
                0x00009d28       0x3a ./component/r01lib/i2c.o
                0x00009d28                I2C::write(unsigned char, unsigned char, bool)
 .text._ZN3I2C4readEhb
                0x00009d62       0x38 ./component/r01lib/i2c.o
                0x00009d62                I2C::read(unsigned char, bool)
 .text._ZN3I2C7ccc_setEhhh
                0x00009d9a       0x26 ./component/r01lib/i2c.o
                0x00009d9a                I2C::ccc_set(unsigned char, unsigned char, unsigned char)
 .text._ZN3I2C7ccc_getEhhPhh
                0x00009dc0       0x28 ./component/r01lib/i2c.o
                0x00009dc0                I2C::ccc_get(unsigned char, unsigned char, unsigned char*, unsigned char)
 .text._ZN3I3C5writeEhPKhib
                0x00009de8       0x34 ./component/r01lib/i3c.o
                0x00009de8                I3C::write(unsigned char, unsigned char const*, int, bool)
 .text._ZN3I3C4readEhPhib
                0x00009e1c       0x34 ./component/r01lib/i3c.o
                0x00009e1c                I3C::read(unsigned char, unsigned char*, int, bool)
 .text._ZN3I3C13ccc_broadcastEhPKhh
                0x00009e50       0x4c ./component/r01lib/i3c.o
                0x00009e50                I3C::ccc_broadcast(unsigned char, unsigned char const*, unsigned char)
 .text._ZN3I3C7ccc_setEhhh
                0x00009e9c       0x5e ./component/r01lib/i3c.o
                0x00009e9c                I3C::ccc_set(unsigned char, unsigned char, unsigned char)
 .text._ZN3I3C7ccc_getEhhPhh
                0x00009efa       0x5a ./component/r01lib/i3c.o
                0x00009efa                I3C::ccc_get(unsigned char, unsigned char, unsigned char*, unsigned char)
 .text.GPIO_PinWrite
                0x00009f54       0x34 ./component/r01lib/io.o
 .text._ZN12DigitalInOutD2Ev
                0x00009f88       0x14 ./component/r01lib/io.o
                0x00009f88                DigitalInOut::~DigitalInOut()
                0x00009f88                DigitalInOut::~DigitalInOut()
 .text._ZN12DigitalInOutaSEb
                0x00009f9c       0x20 ./component/r01lib/io.o
                0x00009f9c                DigitalInOut::operator=(bool)
 .text._ZN10DigitalOutC2Ehb
                0x00009fbc       0x26 ./component/r01lib/io.o
                0x00009fbc                DigitalOut::DigitalOut(unsigned char, bool)
                0x00009fbc                DigitalOut::DigitalOut(unsigned char, bool)
 .text._ZN10DigitalOutD2Ev
                0x00009fe2       0x1a ./component/r01lib/io.o
                0x00009fe2                DigitalOut::~DigitalOut()
                0x00009fe2                DigitalOut::~DigitalOut()
 .text.GPIO0_IRQHandler
                0x00009ffc        0xe ./component/r01lib/irq.o
                0x00009ffc                GPIO0_IRQHandler
 .text.GPIO1_IRQHandler
                0x0000a00a        0xe ./component/r01lib/irq.o
                0x0000a00a                GPIO1_IRQHandler
 .text.GPIO2_IRQHandler
                0x0000a018        0xe ./component/r01lib/irq.o
                0x0000a018                GPIO2_IRQHandler
 .text.GPIO3_IRQHandler
                0x0000a026        0xe ./component/r01lib/irq.o
                0x0000a026                GPIO3_IRQHandler
 .text.PWM_StartTimer
                0x0000a034       0x36 ./component/pwm_for_led/pwm.o
 .text.PWM_SetPwmLdok
                0x0000a06a       0x5e ./component/pwm_for_led/pwm.o
 .text.DbgConsole_Init
                0x0000a0c8       0x1e ./board/board.o
 .text.BOARD_InitBootClocks
                0x0000a0e6        0xc ./board/clock_config.o
                0x0000a0e6                BOARD_InitBootClocks
 .text.RESET_ReleasePeripheralReset
                0x0000a0f2       0x1a ./board/pin_mux.o
 .text.PORT_SetPinMux
                0x0000a10c       0x3c ./board/pin_mux.o
 .text.__cvt    0x0000a148       0xce /Applications/MCUXpressoIDE_11.9.0_2144/ide/plugins/com.nxp.mcuxpresso.tools.macosx_11.9.0.202307121226/tools/bin/../lib/gcc/arm-none-eabi/12.3.1/../../../../arm-none-eabi/lib/thumb/v8-m.main/nofp/libc_nano.a(libc_a-nano-vfprintf_float.o)
                0x0000a148                __cvt
 .text.__exponent
                0x0000a216       0x72 /Applications/MCUXpressoIDE_11.9.0_2144/ide/plugins/com.nxp.mcuxpresso.tools.macosx_11.9.0.202307121226/tools/bin/../lib/gcc/arm-none-eabi/12.3.1/../../../../arm-none-eabi/lib/thumb/v8-m.main/nofp/libc_nano.a(libc_a-nano-vfprintf_float.o)
                0x0000a216                __exponent
 .text._printf_common
                0x0000a288       0xe4 /Applications/MCUXpressoIDE_11.9.0_2144/ide/plugins/com.nxp.mcuxpresso.tools.macosx_11.9.0.202307121226/tools/bin/../lib/gcc/arm-none-eabi/12.3.1/../../../../arm-none-eabi/lib/thumb/v8-m.main/nofp/libc_nano.a(libc_a-nano-vfprintf_i.o)
                0x0000a288                _printf_common
 .text.memset   0x0000a36c       0x10 /Applications/MCUXpressoIDE_11.9.0_2144/ide/plugins/com.nxp.mcuxpresso.tools.macosx_11.9.0.202307121226/tools/bin/../lib/gcc/arm-none-eabi/12.3.1/../../../../arm-none-eabi/lib/thumb/v8-m.main/nofp/libc_nano.a(libc_a-memset.o)
                0x0000a36c                memset
 .text.__retarget_lock_init_recursive
                0x0000a37c        0x2 /Applications/MCUXpressoIDE_11.9.0_2144/ide/plugins/com.nxp.mcuxpresso.tools.macosx_11.9.0.202307121226/tools/bin/../lib/gcc/arm-none-eabi/12.3.1/../../../../arm-none-eabi/lib/thumb/v8-m.main/nofp/libc_nano.a(libc_a-lock.o)
                0x0000a37c                __retarget_lock_init_recursive
 .text.__retarget_lock_acquire_recursive
                0x0000a37e        0x2 /Applications/MCUXpressoIDE_11.9.0_2144/ide/plugins/com.nxp.mcuxpresso.tools.macosx_11.9.0.202307121226/tools/bin/../lib/gcc/arm-none-eabi/12.3.1/../../../../arm-none-eabi/lib/thumb/v8-m.main/nofp/libc_nano.a(libc_a-lock.o)
                0x0000a37e                __retarget_lock_acquire_recursive
 .text.__retarget_lock_release_recursive
                0x0000a380        0x2 /Applications/MCUXpressoIDE_11.9.0_2144/ide/plugins/com.nxp.mcuxpresso.tools.macosx_11.9.0.202307121226/tools/bin/../lib/gcc/arm-none-eabi/12.3.1/../../../../arm-none-eabi/lib/thumb/v8-m.main/nofp/libc_nano.a(libc_a-lock.o)
                0x0000a380                __retarget_lock_release_recursive
 .text.memchr   0x0000a382       0x1c /Applications/MCUXpressoIDE_11.9.0_2144/ide/plugins/com.nxp.mcuxpresso.tools.macosx_11.9.0.202307121226/tools/bin/../lib/gcc/arm-none-eabi/12.3.1/../../../../arm-none-eabi/lib/thumb/v8-m.main/nofp/libc_nano.a(libc_a-memchr-stub.o)
                0x0000a382                memchr
 .text.memcpy   0x0000a39e       0x1a /Applications/MCUXpressoIDE_11.9.0_2144/ide/plugins/com.nxp.mcuxpresso.tools.macosx_11.9.0.202307121226/tools/bin/../lib/gcc/arm-none-eabi/12.3.1/../../../../arm-none-eabi/lib/thumb/v8-m.main/nofp/libc_nano.a(libc_a-memcpy-stub.o)
                0x0000a39e                memcpy
 .text          0x0000a3b8       0x10 /Applications/MCUXpressoIDE_11.9.0_2144/ide/plugins/com.nxp.mcuxpresso.tools.macosx_11.9.0.202307121226/tools/bin/../lib/gcc/arm-none-eabi/12.3.1/../../../../arm-none-eabi/lib/thumb/v8-m.main/nofp/libc_nano.a(libc_a-strlen.o)
                0x0000a3b8                strlen
 .text.quorem   0x0000a3c8      0x11a /Applications/MCUXpressoIDE_11.9.0_2144/ide/plugins/com.nxp.mcuxpresso.tools.macosx_11.9.0.202307121226/tools/bin/../lib/gcc/arm-none-eabi/12.3.1/../../../../arm-none-eabi/lib/thumb/v8-m.main/nofp/libc_nano.a(libc_a-dtoa.o)
 .text.__sfputc_r
                0x0000a4e2       0x2a /Applications/MCUXpressoIDE_11.9.0_2144/ide/plugins/com.nxp.mcuxpresso.tools.macosx_11.9.0.202307121226/tools/bin/../lib/gcc/arm-none-eabi/12.3.1/../../../../arm-none-eabi/lib/thumb/v8-m.main/nofp/libc_nano.a(libc_a-nano-vfprintf.o)
 .text.__sfputs_r
                0x0000a50c       0x24 /Applications/MCUXpressoIDE_11.9.0_2144/ide/plugins/com.nxp.mcuxpresso.tools.macosx_11.9.0.202307121226/tools/bin/../lib/gcc/arm-none-eabi/12.3.1/../../../../arm-none-eabi/lib/thumb/v8-m.main/nofp/libc_nano.a(libc_a-nano-vfprintf.o)
                0x0000a50c                __sfputs_r
 .text.__hi0bits
                0x0000a530       0x44 /Applications/MCUXpressoIDE_11.9.0_2144/ide/plugins/com.nxp.mcuxpresso.tools.macosx_11.9.0.202307121226/tools/bin/../lib/gcc/arm-none-eabi/12.3.1/../../../../arm-none-eabi/lib/thumb/v8-m.main/nofp/libc_nano.a(libc_a-mprec.o)
                0x0000a530                __hi0bits
 .text.__lo0bits
                0x0000a574       0x5a /Applications/MCUXpressoIDE_11.9.0_2144/ide/plugins/com.nxp.mcuxpresso.tools.macosx_11.9.0.202307121226/tools/bin/../lib/gcc/arm-none-eabi/12.3.1/../../../../arm-none-eabi/lib/thumb/v8-m.main/nofp/libc_nano.a(libc_a-mprec.o)
                0x0000a574                __lo0bits
 .text.__mcmp   0x0000a5ce       0x36 /Applications/MCUXpressoIDE_11.9.0_2144/ide/plugins/com.nxp.mcuxpresso.tools.macosx_11.9.0.202307121226/tools/bin/../lib/gcc/arm-none-eabi/12.3.1/../../../../arm-none-eabi/lib/thumb/v8-m.main/nofp/libc_nano.a(libc_a-mprec.o)
                0x0000a5ce                __mcmp
 .text._fwalk_sglue
                0x0000a604       0x3c /Applications/MCUXpressoIDE_11.9.0_2144/ide/plugins/com.nxp.mcuxpresso.tools.macosx_11.9.0.202307121226/tools/bin/../lib/gcc/arm-none-eabi/12.3.1/../../../../arm-none-eabi/lib/thumb/v8-m.main/nofp/libc_nano.a(libc_a-fwalk.o)
                0x0000a604                _fwalk_sglue
 .text.__swbuf_r
                0x0000a640       0x7c /Applications/MCUXpressoIDE_11.9.0_2144/ide/plugins/com.nxp.mcuxpresso.tools.macosx_11.9.0.202307121226/tools/bin/../lib/gcc/arm-none-eabi/12.3.1/../../../../arm-none-eabi/lib/thumb/v8-m.main/nofp/libc_nano.a(libc_a-wbuf.o)
                0x0000a640                __swbuf_r
 .text.__swhatbuf_r
                0x0000a6bc       0x4a /Applications/MCUXpressoIDE_11.9.0_2144/ide/plugins/com.nxp.mcuxpresso.tools.macosx_11.9.0.202307121226/tools/bin/../lib/gcc/arm-none-eabi/12.3.1/../../../../arm-none-eabi/lib/thumb/v8-m.main/nofp/libc_nano.a(libc_a-makebuf.o)
                0x0000a6bc                __swhatbuf_r
 .text.__smakebuf_r
                0x0000a706       0x78 /Applications/MCUXpressoIDE_11.9.0_2144/ide/plugins/com.nxp.mcuxpresso.tools.macosx_11.9.0.202307121226/tools/bin/../lib/gcc/arm-none-eabi/12.3.1/../../../../arm-none-eabi/lib/thumb/v8-m.main/nofp/libc_nano.a(libc_a-makebuf.o)
                0x0000a706                __smakebuf_r
 .text._calloc_r
                0x0000a77e       0x28 /Applications/MCUXpressoIDE_11.9.0_2144/ide/plugins/com.nxp.mcuxpresso.tools.macosx_11.9.0.202307121226/tools/bin/../lib/gcc/arm-none-eabi/12.3.1/../../../../arm-none-eabi/lib/thumb/v8-m.main/nofp/libc_nano.a(libc_a-callocr.o)
                0x0000a77e                _calloc_r
 .text.__ascii_mbtowc
                0x0000a7a6       0x24 /Applications/MCUXpressoIDE_11.9.0_2144/ide/plugins/com.nxp.mcuxpresso.tools.macosx_11.9.0.202307121226/tools/bin/../lib/gcc/arm-none-eabi/12.3.1/../../../../arm-none-eabi/lib/thumb/v8-m.main/nofp/libc_nano.a(libc_a-mbtowc_r.o)
                0x0000a7a6                __ascii_mbtowc
 .text.__sflush_r
                0x0000a7ca       0xfe /Applications/MCUXpressoIDE_11.9.0_2144/ide/plugins/com.nxp.mcuxpresso.tools.macosx_11.9.0.202307121226/tools/bin/../lib/gcc/arm-none-eabi/12.3.1/../../../../arm-none-eabi/lib/thumb/v8-m.main/nofp/libc_nano.a(libc_a-fflush.o)
                0x0000a7ca                __sflush_r
 .text._fflush_r
                0x0000a8c8       0x50 /Applications/MCUXpressoIDE_11.9.0_2144/ide/plugins/com.nxp.mcuxpresso.tools.macosx_11.9.0.202307121226/tools/bin/../lib/gcc/arm-none-eabi/12.3.1/../../../../arm-none-eabi/lib/thumb/v8-m.main/nofp/libc_nano.a(libc_a-fflush.o)
                0x0000a8c8                _fflush_r
 .text.__sread  0x0000a918       0x22 /Applications/MCUXpressoIDE_11.9.0_2144/ide/plugins/com.nxp.mcuxpresso.tools.macosx_11.9.0.202307121226/tools/bin/../lib/gcc/arm-none-eabi/12.3.1/../../../../arm-none-eabi/lib/thumb/v8-m.main/nofp/libc_nano.a(libc_a-stdio.o)
                0x0000a918                __sread
 .text.__swrite
                0x0000a93a       0x38 /Applications/MCUXpressoIDE_11.9.0_2144/ide/plugins/com.nxp.mcuxpresso.tools.macosx_11.9.0.202307121226/tools/bin/../lib/gcc/arm-none-eabi/12.3.1/../../../../arm-none-eabi/lib/thumb/v8-m.main/nofp/libc_nano.a(libc_a-stdio.o)
                0x0000a93a                __swrite
 .text.__sseek  0x0000a972       0x24 /Applications/MCUXpressoIDE_11.9.0_2144/ide/plugins/com.nxp.mcuxpresso.tools.macosx_11.9.0.202307121226/tools/bin/../lib/gcc/arm-none-eabi/12.3.1/../../../../arm-none-eabi/lib/thumb/v8-m.main/nofp/libc_nano.a(libc_a-stdio.o)
                0x0000a972                __sseek
 .text.__sclose
                0x0000a996        0x8 /Applications/MCUXpressoIDE_11.9.0_2144/ide/plugins/com.nxp.mcuxpresso.tools.macosx_11.9.0.202307121226/tools/bin/../lib/gcc/arm-none-eabi/12.3.1/../../../../arm-none-eabi/lib/thumb/v8-m.main/nofp/libc_nano.a(libc_a-stdio.o)
                0x0000a996                __sclose
 .text.__ascii_wctomb
                0x0000a99e       0x1a /Applications/MCUXpressoIDE_11.9.0_2144/ide/plugins/com.nxp.mcuxpresso.tools.macosx_11.9.0.202307121226/tools/bin/../lib/gcc/arm-none-eabi/12.3.1/../../../../arm-none-eabi/lib/thumb/v8-m.main/nofp/libc_nano.a(libc_a-wctomb_r.o)
                0x0000a99e                __ascii_wctomb
 .text.error    0x0000a9b8       0x1c /Applications/MCUXpressoIDE_11.9.0_2144/ide/plugins/com.nxp.mcuxpresso.tools.macosx_11.9.0.202307121226/tools/bin/../lib/gcc/arm-none-eabi/12.3.1/../../../../arm-none-eabi/lib/thumb/v8-m.main/nofp/libcr_newlib_semihost.a(syscalls.o)
 .text.checkerror
                0x0000a9d4        0xa /Applications/MCUXpressoIDE_11.9.0_2144/ide/plugins/com.nxp.mcuxpresso.tools.macosx_11.9.0.202307121226/tools/bin/../lib/gcc/arm-none-eabi/12.3.1/../../../../arm-none-eabi/lib/thumb/v8-m.main/nofp/libcr_newlib_semihost.a(syscalls.o)
 .text._swiread
                0x0000a9de       0x20 /Applications/MCUXpressoIDE_11.9.0_2144/ide/plugins/com.nxp.mcuxpresso.tools.macosx_11.9.0.202307121226/tools/bin/../lib/gcc/arm-none-eabi/12.3.1/../../../../arm-none-eabi/lib/thumb/v8-m.main/nofp/libcr_newlib_semihost.a(syscalls.o)
                0x0000a9de                _swiread
 .text._read    0x0000a9fe       0x34 /Applications/MCUXpressoIDE_11.9.0_2144/ide/plugins/com.nxp.mcuxpresso.tools.macosx_11.9.0.202307121226/tools/bin/../lib/gcc/arm-none-eabi/12.3.1/../../../../arm-none-eabi/lib/thumb/v8-m.main/nofp/libcr_newlib_semihost.a(syscalls.o)
                0x0000a9fe                _read
 .text._swilseek
                0x0000aa32       0x78 /Applications/MCUXpressoIDE_11.9.0_2144/ide/plugins/com.nxp.mcuxpresso.tools.macosx_11.9.0.202307121226/tools/bin/../lib/gcc/arm-none-eabi/12.3.1/../../../../arm-none-eabi/lib/thumb/v8-m.main/nofp/libcr_newlib_semihost.a(syscalls.o)
                0x0000aa32                _swilseek
 .text._lseek   0x0000aaaa        0x4 /Applications/MCUXpressoIDE_11.9.0_2144/ide/plugins/com.nxp.mcuxpresso.tools.macosx_11.9.0.202307121226/tools/bin/../lib/gcc/arm-none-eabi/12.3.1/../../../../arm-none-eabi/lib/thumb/v8-m.main/nofp/libcr_newlib_semihost.a(syscalls.o)
                0x0000aaaa                _lseek
 .text._swiwrite
                0x0000aaae       0x20 /Applications/MCUXpressoIDE_11.9.0_2144/ide/plugins/com.nxp.mcuxpresso.tools.macosx_11.9.0.202307121226/tools/bin/../lib/gcc/arm-none-eabi/12.3.1/../../../../arm-none-eabi/lib/thumb/v8-m.main/nofp/libcr_newlib_semihost.a(syscalls.o)
                0x0000aaae                _swiwrite
 .text._write   0x0000aace       0x40 /Applications/MCUXpressoIDE_11.9.0_2144/ide/plugins/com.nxp.mcuxpresso.tools.macosx_11.9.0.202307121226/tools/bin/../lib/gcc/arm-none-eabi/12.3.1/../../../../arm-none-eabi/lib/thumb/v8-m.main/nofp/libcr_newlib_semihost.a(syscalls.o)
                0x0000aace                _write
 .text._swiclose
                0x0000ab0e       0x1a /Applications/MCUXpressoIDE_11.9.0_2144/ide/plugins/com.nxp.mcuxpresso.tools.macosx_11.9.0.202307121226/tools/bin/../lib/gcc/arm-none-eabi/12.3.1/../../../../arm-none-eabi/lib/thumb/v8-m.main/nofp/libcr_newlib_semihost.a(syscalls.o)
                0x0000ab0e                _swiclose
 .text._swistat
                0x0000ab28       0x42 /Applications/MCUXpressoIDE_11.9.0_2144/ide/plugins/com.nxp.mcuxpresso.tools.macosx_11.9.0.202307121226/tools/bin/../lib/gcc/arm-none-eabi/12.3.1/../../../../arm-none-eabi/lib/thumb/v8-m.main/nofp/libcr_newlib_semihost.a(syscalls.o)
                0x0000ab28                _swistat
 .text._fstat   0x0000ab6a       0x1c /Applications/MCUXpressoIDE_11.9.0_2144/ide/plugins/com.nxp.mcuxpresso.tools.macosx_11.9.0.202307121226/tools/bin/../lib/gcc/arm-none-eabi/12.3.1/../../../../arm-none-eabi/lib/thumb/v8-m.main/nofp/libcr_newlib_semihost.a(syscalls.o)
                0x0000ab6a                _fstat
 .text._isatty  0x0000ab86       0x2a /Applications/MCUXpressoIDE_11.9.0_2144/ide/plugins/com.nxp.mcuxpresso.tools.macosx_11.9.0.202307121226/tools/bin/../lib/gcc/arm-none-eabi/12.3.1/../../../../arm-none-eabi/lib/thumb/v8-m.main/nofp/libcr_newlib_semihost.a(syscalls.o)
                0x0000ab86                _isatty
 *(SORT_BY_ALIGNMENT(.rodata) SORT_BY_ALIGNMENT(.rodata.*) SORT_BY_ALIGNMENT(.constdata) SORT_BY_ALIGNMENT(.constdata.*))
 .rodata.__mprec_bigtens
                0x0000abb0       0x28 /Applications/MCUXpressoIDE_11.9.0_2144/ide/plugins/com.nxp.mcuxpresso.tools.macosx_11.9.0.202307121226/tools/bin/../lib/gcc/arm-none-eabi/12.3.1/../../../../arm-none-eabi/lib/thumb/v8-m.main/nofp/libc_nano.a(libc_a-mprec.o)
                0x0000abb0                __mprec_bigtens
 .rodata.__mprec_tens
                0x0000abd8       0xc8 /Applications/MCUXpressoIDE_11.9.0_2144/ide/plugins/com.nxp.mcuxpresso.tools.macosx_11.9.0.202307121226/tools/bin/../lib/gcc/arm-none-eabi/12.3.1/../../../../arm-none-eabi/lib/thumb/v8-m.main/nofp/libc_nano.a(libc_a-mprec.o)
                0x0000abd8                __mprec_tens
 .rodata.__assert_func.str1.4
                0x0000aca0       0x3e ./utilities/fsl_assert.o
 *fill*         0x0000acde        0x2 ff
 .rodata._Z9start_mcuv.str1.4
                0x0000ace0       0x27 ./source/main.o
 *fill*         0x0000ad07        0x1 ff
 .rodata.main.str1.4
                0x0000ad08      0x118 ./source/main.o
 .rodata.CLOCK_SetClockSelect.str1.4
                0x0000ae20       0x28 ./drivers/fsl_clock.o
 .rodata.CLOCK_SetClockDiv.str1.4
                0x0000ae48       0x1a ./drivers/fsl_clock.o
 *fill*         0x0000ae62        0x2 ff
 .rodata.__func__.4
                0x0000ae64       0x15 ./drivers/fsl_clock.o
 *fill*         0x0000ae79        0x3 ff
 .rodata.__func__.2
                0x0000ae7c       0x12 ./drivers/fsl_clock.o
 *fill*         0x0000ae8e        0x2 ff
 .rodata.MSDK_EnableCpuCycleCounter.str1.4
                0x0000ae90       0x51 ./drivers/fsl_common_arm.o
 *fill*         0x0000aee1        0x3 ff
 .rodata.SDK_DelayAtLeastUs.str1.4
                0x0000aee4       0x14 ./drivers/fsl_common_arm.o
 .rodata.__func__.0
                0x0000aef8       0x13 ./drivers/fsl_common_arm.o
 *fill*         0x0000af0b        0x1 ff
 .rodata.GPIO_PinInit.str1.4
                0x0000af0c       0x1b ./drivers/fsl_gpio.o
 *fill*         0x0000af27        0x1 ff
 .rodata.__func__.0
                0x0000af28        0xd ./drivers/fsl_gpio.o
 *fill*         0x0000af35        0x3 ff
 .rodata.I3C_GetInstance.str1.4
                0x0000af38       0x2e ./drivers/fsl_i3c.o
 *fill*         0x0000af66        0x2 ff
 .rodata.I3C_MasterCheckAndClearError.str1.4
                0x0000af68        0x6 ./drivers/fsl_i3c.o
 *fill*         0x0000af6e        0x2 ff
 .rodata.I3C_MasterSetBaudRate.str1.4
                0x0000af70       0x1e ./drivers/fsl_i3c.o
 *fill*         0x0000af8e        0x2 ff
 .rodata.I3C_MasterReceive.str1.4
                0x0000af90        0xf ./drivers/fsl_i3c.o
 *fill*         0x0000af9f        0x1 ff
 .rodata.I3C_MasterSend.str1.4
                0x0000afa0       0x24 ./drivers/fsl_i3c.o
 .rodata.I3C_MasterTransferBlocking.str1.4
                0x0000afc4       0x4d ./drivers/fsl_i3c.o
 *fill*         0x0000b011        0x3 ff
 .rodata.I3C_MasterTransferCreateHandle.str1.4
                0x0000b014        0xf ./drivers/fsl_i3c.o
 *fill*         0x0000b023        0x1 ff
 .rodata.I3C_TransferStateMachineIBIWonState.str1.4
                0x0000b024       0x36 ./drivers/fsl_i3c.o
 *fill*         0x0000b05a        0x2 ff
 .rodata.__func__.33
                0x0000b05c       0x10 ./drivers/fsl_i3c.o
 .rodata.__func__.32
                0x0000b06c       0x1d ./drivers/fsl_i3c.o
 *fill*         0x0000b089        0x3 ff
 .rodata.__func__.29
                0x0000b08c       0x16 ./drivers/fsl_i3c.o
 *fill*         0x0000b0a2        0x2 ff
 .rodata.__func__.26
                0x0000b0a4       0x12 ./drivers/fsl_i3c.o
 *fill*         0x0000b0b6        0x2 ff
 .rodata.__func__.25
                0x0000b0b8        0xf ./drivers/fsl_i3c.o
 *fill*         0x0000b0c7        0x1 ff
 .rodata.__func__.22
                0x0000b0c8       0x1b ./drivers/fsl_i3c.o
 *fill*         0x0000b0e3        0x1 ff
 .rodata.__func__.21
                0x0000b0e4       0x1f ./drivers/fsl_i3c.o
 *fill*         0x0000b103        0x1 ff
 .rodata.__func__.20
                0x0000b104       0x24 ./drivers/fsl_i3c.o
 .rodata.__func__.19
                0x0000b128       0x29 ./drivers/fsl_i3c.o
 *fill*         0x0000b151        0x3 ff
 .rodata.__func__.18