Archive member included to satisfy reference by file (symbol)

/Applications/MCUXpressoIDE_11.9.0_2144/ide/plugins/com.nxp.mcuxpresso.tools.macosx_11.9.0.202307121226/tools/bin/../lib/gcc/arm-none-eabi/12.3.1/thumb/v8-m.main/nofp/libgcc.a(_arm_mulsf3.o)
                              ./component/r01lib/P3T1755.o (__aeabi_fmul)
/Applications/MCUXpressoIDE_11.9.0_2144/ide/plugins/com.nxp.mcuxpresso.tools.macosx_11.9.0.202307121226/tools/bin/../lib/gcc/arm-none-eabi/12.3.1/thumb/v8-m.main/nofp/libgcc.a(_arm_addsubdf3.o)
                              ./component/r01lib/P3T1755.o (__aeabi_f2d)
/Applications/MCUXpressoIDE_11.9.0_2144/ide/plugins/com.nxp.mcuxpresso.tools.macosx_11.9.0.202307121226/tools/bin/../lib/gcc/arm-none-eabi/12.3.1/thumb/v8-m.main/nofp/libgcc.a(_arm_addsubsf3.o)
                              ./component/r01lib/P3T1755.o (__aeabi_i2f)
/Applications/MCUXpressoIDE_11.9.0_2144/ide/plugins/com.nxp.mcuxpresso.tools.macosx_11.9.0.202307121226/tools/bin/../lib/gcc/arm-none-eabi/12.3.1/thumb/v8-m.main/nofp/libgcc.a(_arm_muldivsf3.o)
                              ./component/r01lib/P3T1755.o (__aeabi_fdiv)
/Applications/MCUXpressoIDE_11.9.0_2144/ide/plugins/com.nxp.mcuxpresso.tools.macosx_11.9.0.202307121226/tools/bin/../lib/gcc/arm-none-eabi/12.3.1/thumb/v8-m.main/nofp/libgcc.a(_arm_fixunssfsi.o)
                              ./component/r01lib/P3T1755.o (__aeabi_f2uiz)
/Applications/MCUXpressoIDE_11.9.0_2144/ide/plugins/com.nxp.mcuxpresso.tools.macosx_11.9.0.202307121226/tools/bin/../lib/gcc/arm-none-eabi/12.3.1/thumb/v8-m.main/nofp/libgcc.a(_aeabi_uldivmod.o)
                              ./drivers/fsl_common_arm.o (__aeabi_uldivmod)
/Applications/MCUXpressoIDE_11.9.0_2144/ide/plugins/com.nxp.mcuxpresso.tools.macosx_11.9.0.202307121226/tools/bin/../lib/gcc/arm-none-eabi/12.3.1/thumb/v8-m.main/nofp/libgcc.a(_udivmoddi4.o)
                              /Applications/MCUXpressoIDE_11.9.0_2144/ide/plugins/com.nxp.mcuxpresso.tools.macosx_11.9.0.202307121226/tools/bin/../lib/gcc/arm-none-eabi/12.3.1/thumb/v8-m.main/nofp/libgcc.a(_aeabi_uldivmod.o) (__udivmoddi4)
/Applications/MCUXpressoIDE_11.9.0_2144/ide/plugins/com.nxp.mcuxpresso.tools.macosx_11.9.0.202307121226/tools/bin/../lib/gcc/arm-none-eabi/12.3.1/thumb/v8-m.main/nofp/libgcc.a(_dvmd_tls.o)
                              /Applications/MCUXpressoIDE_11.9.0_2144/ide/plugins/com.nxp.mcuxpresso.tools.macosx_11.9.0.202307121226/tools/bin/../lib/gcc/arm-none-eabi/12.3.1/thumb/v8-m.main/nofp/libgcc.a(_aeabi_uldivmod.o) (__aeabi_ldiv0)
/Applications/MCUXpressoIDE_11.9.0_2144/ide/plugins/com.nxp.mcuxpresso.tools.macosx_11.9.0.202307121226/tools/bin/../lib/gcc/arm-none-eabi/12.3.1/../../../../arm-none-eabi/lib/thumb/v8-m.main/nofp/libc_nano.a(libc_a-nano-vfprintf_float.o)
                              (_printf_float)
/Applications/MCUXpressoIDE_11.9.0_2144/ide/plugins/com.nxp.mcuxpresso.tools.macosx_11.9.0.202307121226/tools/bin/../lib/gcc/arm-none-eabi/12.3.1/../../../../arm-none-eabi/lib/thumb/v8-m.main/nofp/libc_nano.a(libc_a-malloc.o)
                              ./drivers/fsl_common.o (malloc)
/Applications/MCUXpressoIDE_11.9.0_2144/ide/plugins/com.nxp.mcuxpresso.tools.macosx_11.9.0.202307121226/tools/bin/../lib/gcc/arm-none-eabi/12.3.1/../../../../arm-none-eabi/lib/thumb/v8-m.main/nofp/libc_nano.a(libc_a-mallocr.o)
                              /Applications/MCUXpressoIDE_11.9.0_2144/ide/plugins/com.nxp.mcuxpresso.tools.macosx_11.9.0.202307121226/tools/bin/../lib/gcc/arm-none-eabi/12.3.1/../../../../arm-none-eabi/lib/thumb/v8-m.main/nofp/libc_nano.a(libc_a-malloc.o) (_malloc_r)
/Applications/MCUXpressoIDE_11.9.0_2144/ide/plugins/com.nxp.mcuxpresso.tools.macosx_11.9.0.202307121226/tools/bin/../lib/gcc/arm-none-eabi/12.3.1/../../../../arm-none-eabi/lib/thumb/v8-m.main/nofp/libc_nano.a(libc_a-nano-vfprintf_i.o)
                              /Applications/MCUXpressoIDE_11.9.0_2144/ide/plugins/com.nxp.mcuxpresso.tools.macosx_11.9.0.202307121226/tools/bin/../lib/gcc/arm-none-eabi/12.3.1/../../../../arm-none-eabi/lib/thumb/v8-m.main/nofp/libc_nano.a(libc_a-nano-vfprintf_float.o) (_printf_common)
/Applications/MCUXpressoIDE_11.9.0_2144/ide/plugins/com.nxp.mcuxpresso.tools.macosx_11.9.0.202307121226/tools/bin/../lib/gcc/arm-none-eabi/12.3.1/../../../../arm-none-eabi/lib/thumb/v8-m.main/nofp/libc_nano.a(libc_a-mlock.o)
                              /Applications/MCUXpressoIDE_11.9.0_2144/ide/plugins/com.nxp.mcuxpresso.tools.macosx_11.9.0.202307121226/tools/bin/../lib/gcc/arm-none-eabi/12.3.1/../../../../arm-none-eabi/lib/thumb/v8-m.main/nofp/libc_nano.a(libc_a-mallocr.o) (__malloc_lock)
/Applications/MCUXpressoIDE_11.9.0_2144/ide/plugins/com.nxp.mcuxpresso.tools.macosx_11.9.0.202307121226/tools/bin/../lib/gcc/arm-none-eabi/12.3.1/../../../../arm-none-eabi/lib/thumb/v8-m.main/nofp/libc_nano.a(libc_a-strtoul.o)
                              ./utilities/fsl_str.o (strtoul)
[...]
Memory Configuration

Name             Origin             Length             Attributes
PROGRAM_FLASH    0x00000000         0x00020000         xr
SRAM             0x20000000         0x00006000         xrw
SRAMX0           0x04000000         0x00002000         xrw
SRAMX1           0x04002000         0x00001000         xrw
*default*        0x00000000         0xffffffff

Linker script and memory map

LOAD ./utilities/fsl_assert.o
LOAD ./utilities/fsl_debug_console.o
LOAD ./utilities/fsl_str.o
LOAD ./startup/startup_mcxa153.o
LOAD ./source/main.o
LOAD ./drivers/fsl_clock.o
LOAD ./drivers/fsl_common.o
LOAD ./drivers/fsl_common_arm.o
LOAD ./drivers/fsl_gpio.o
LOAD ./drivers/fsl_i3c.o
LOAD ./drivers/fsl_inputmux.o
LOAD ./drivers/fsl_lpi2c.o
LOAD ./drivers/fsl_lpspi.o
LOAD ./drivers/fsl_lpuart.o
LOAD ./drivers/fsl_pwm.o
LOAD ./drivers/fsl_reset.o
LOAD ./drivers/fsl_spc.o
LOAD ./drivers/fsl_utick.o
LOAD ./device/system_MCXA153.o
LOAD ./component/uart/fsl_adapter_lpuart.o
LOAD ./component/serial_manager/fsl_component_serial_manager.o
LOAD ./component/serial_manager/fsl_component_serial_port_uart.o
LOAD ./component/r01lib/InterruptIn.o
LOAD ./component/r01lib/P3T1755.o
LOAD ./component/r01lib/Ticker.o
LOAD ./component/r01lib/cpp_config.o
LOAD ./component/r01lib/i2c.o
LOAD ./component/r01lib/i3c.o
LOAD ./component/r01lib/io.o
LOAD ./component/r01lib/irq.o
LOAD ./component/r01lib/mcu.o
LOAD ./component/r01lib/semihost_hardfault.o
LOAD ./component/r01lib/spi.o
LOAD ./component/pwm_for_led/pwm.o
LOAD ./component/lists/fsl_component_generic_list.o
LOAD ./board/board.o
LOAD ./board/clock_config.o
LOAD ./board/peripherals.o
LOAD ./board/pin_mux.o
START GROUP
LOAD /Applications/MCUXpressoIDE_11.9.0_2144/ide/plugins/com.nxp.mcuxpresso.tools.macosx_11.9.0.202307121226/tools/bin/../lib/gcc/arm-none-eabi/12.3.1/thumb/v8-m.main/nofp/libgcc.a
LOAD /Applications/MCUXpressoIDE_11.9.0_2144/ide/plugins/com.nxp.mcuxpresso.tools.macosx_11.9.0.202307121226/tools/bin/../lib/gcc/arm-none-eabi/12.3.1/../../../../arm-none-eabi/lib/thumb/v8-m.main/nofp/libc_nano.a
LOAD /Applications/MCUXpressoIDE_11.9.0_2144/ide/plugins/com.nxp.mcuxpresso.tools.macosx_11.9.0.202307121226/tools/bin/../lib/gcc/arm-none-eabi/12.3.1/../../../../arm-none-eabi/lib/thumb/v8-m.main/nofp/libstdc++_nano.a
LOAD /Applications/MCUXpressoIDE_11.9.0_2144/ide/plugins/com.nxp.mcuxpresso.tools.macosx_11.9.0.202307121226/tools/bin/../lib/gcc/arm-none-eabi/12.3.1/../../../../arm-none-eabi/lib/thumb/v8-m.main/nofp/libm.a
LOAD /Applications/MCUXpressoIDE_11.9.0_2144/ide/plugins/com.nxp.mcuxpresso.tools.macosx_11.9.0.202307121226/tools/bin/../lib/gcc/arm-none-eabi/12.3.1/../../../../arm-none-eabi/lib/thumb/v8-m.main/nofp/libcr_newlib_semihost.a
LOAD /Applications/MCUXpressoIDE_11.9.0_2144/ide/plugins/com.nxp.mcuxpresso.tools.macosx_11.9.0.202307121226/tools/bin/../lib/gcc/arm-none-eabi/12.3.1/thumb/v8-m.main/nofp/crti.o
LOAD /Applications/MCUXpressoIDE_11.9.0_2144/ide/plugins/com.nxp.mcuxpresso.tools.macosx_11.9.0.202307121226/tools/bin/../lib/gcc/arm-none-eabi/12.3.1/thumb/v8-m.main/nofp/crtn.o
LOAD /Applications/MCUXpressoIDE_11.9.0_2144/ide/plugins/com.nxp.mcuxpresso.tools.macosx_11.9.0.202307121226/tools/bin/../lib/gcc/arm-none-eabi/12.3.1/thumb/v8-m.main/nofp/crtbegin.o
LOAD /Applications/MCUXpressoIDE_11.9.0_2144/ide/plugins/com.nxp.mcuxpresso.tools.macosx_11.9.0.202307121226/tools/bin/../lib/gcc/arm-none-eabi/12.3.1/thumb/v8-m.main/nofp/crtend.o
END GROUP
                0x00000000                        __base_PROGRAM_FLASH = 0x0
                0x00000000                        __base_Flash = 0x0
                0x00020000                        __top_PROGRAM_FLASH = 0x20000
                0x00020000                        __top_Flash = 0x20000
                0x20000000                        __base_SRAM = 0x20000000
                0x20000000                        __base_RAM = 0x20000000
                0x20006000                        __top_SRAM = 0x20006000
                0x20006000                        __top_RAM = 0x20006000
                0x04000000                        __base_SRAMX0 = 0x4000000
                0x04000000                        __base_RAM2 = 0x4000000
                0x04002000                        __top_SRAMX0 = 0x4002000
                0x04002000                        __top_RAM2 = 0x4002000
                0x04002000                        __base_SRAMX1 = 0x4002000
                0x04002000                        __base_RAM3 = 0x4002000
                0x04003000                        __top_SRAMX1 = 0x4003000
                0x04003000                        __top_RAM3 = 0x4003000

.text           0x00000000     0x7284
 FILL mask 0xff
                0x00000000                        __vectors_start__ = ABSOLUTE (.)
 *(SORT_BY_ALIGNMENT(.isr_vector))
 .isr_vector    0x00000000      0x16c ./startup/startup_mcxa153.o
                0x00000000                __Vectors
                0x00000000                g_pfnVectors
                0x0000016c                        . = ALIGN (0x4)
                0x0000016c                        __section_table_start = .
                0x0000016c                        __data_section_table = .
                0x0000016c        0x4 LONG 0x728c LOADADDR (.data)
                0x00000170        0x4 LONG 0x20000000 ADDR (.data)
                0x00000174        0x4 LONG 0x29c SIZEOF (.data)
                0x00000178        0x4 LONG 0x728c LOADADDR (.data_RAM2)
                0x0000017c        0x4 LONG 0x4000000 ADDR (.data_RAM2)
                0x00000180        0x4 LONG 0x0 SIZEOF (.data_RAM2)
                0x00000184        0x4 LONG 0x728c LOADADDR (.data_RAM3)
                0x00000188        0x4 LONG 0x4002000 ADDR (.data_RAM3)
                0x0000018c        0x4 LONG 0x0 SIZEOF (.data_RAM3)
                0x00000190                        __data_section_table_end = .
                0x00000190                        __bss_section_table = .
                0x00000190        0x4 LONG 0x2000029c ADDR (.bss)
                0x00000194        0x4 LONG 0x410 SIZEOF (.bss)
                0x00000198        0x4 LONG 0x4000000 ADDR (.bss_RAM2)
                0x0000019c        0x4 LONG 0x0 SIZEOF (.bss_RAM2)
                0x000001a0        0x4 LONG 0x4002000 ADDR (.bss_RAM3)
                0x000001a4        0x4 LONG 0x0 SIZEOF (.bss_RAM3)
                0x000001a8                        __bss_section_table_end = .
                0x000001a8                        __section_table_end = .
 *(SORT_BY_ALIGNMENT(.after_vectors*))
 .after_vectors.reset
                0x000001a8       0x6c ./startup/startup_mcxa153.o
                0x000001a8                ResetISR
 .after_vectors.init_data
                0x00000214       0x1c ./startup/startup_mcxa153.o
                0x00000214                data_init(unsigned int, unsigned int, unsigned int)
 .after_vectors.init_bss
                0x00000230       0x12 ./startup/startup_mcxa153.o
                0x00000230                bss_init(unsigned int, unsigned int)
 .after_vectors
                0x00000242       0x16 ./startup/startup_mcxa153.o
                0x00000242                NMI_Handler
                0x00000246                MemManage_Handler
                0x00000248                BusFault_Handler
                0x0000024a                UsageFault_Handler
                0x0000024c                SecureFault_Handler
                0x0000024e                SVC_Handler
                0x00000250                DebugMon_Handler
                0x00000252                PendSV_Handler
                0x00000254                SysTick_Handler
                0x00000256                FLEXPWM0_RELOAD_ERROR_DriverIRQHandler
                0x00000256                QDC0_HOME_DriverIRQHandler
                0x00000256                Reserved82_DriverIRQHandler
                0x00000256                QDC0_WATCHDOG_DriverIRQHandler
                0x00000256                ERM0_MULTI_BIT_DriverIRQHandler
                0x00000256                Reserved36_DriverIRQHandler
                0x00000256                CTIMER2_DriverIRQHandler
                0x00000256                CMP1_DriverIRQHandler
                0x00000256                IntDefaultHandler
                0x00000256                USB0_DriverIRQHandler
                0x00000256                QDC0_INDEX_DriverIRQHandler
                0x00000256                Reserved41_DriverIRQHandler
                0x00000256                FLEXPWM0_SUBMODULE2_DriverIRQHandler
                0x00000256                WWDT0_DriverIRQHandler
                0x00000256                Reserved84_DriverIRQHandler
                0x00000256                FLEXPWM0_FAULT_DriverIRQHandler
                0x00000256                GPIO0_DriverIRQHandler
                0x00000256                Reserved38_DriverIRQHandler
                0x00000256                FREQME0_DriverIRQHandler
                0x00000256                Reserved22_DriverIRQHandler
                0x00000256                Reserved53_DriverIRQHandler
                0x00000256                Reserved35_DriverIRQHandler
                0x00000256                CTIMER0_DriverIRQHandler
                0x00000256                Reserved79_DriverIRQHandler
                0x00000256                Reserved24_DriverIRQHandler
                0x00000256                CTIMER1_DriverIRQHandler
                0x00000256                QDC0_COMPARE_DriverIRQHandler
                0x00000256                DMA_CH3_DriverIRQHandler
                0x00000256                Reserved83_DriverIRQHandler
                0x00000256                Reserved72_DriverIRQHandler
                0x00000256                Reserved23_DriverIRQHandler
                0x00000256                Reserved65_DriverIRQHandler
                0x00000256                ERM0_SINGLE_BIT_DriverIRQHandler
                0x00000256                DMA_CH2_DriverIRQHandler
                0x00000256                Reserved51_DriverIRQHandler
                0x00000256                Reserved25_DriverIRQHandler
                0x00000256                FMU0_DriverIRQHandler
                0x00000256                Reserved77_DriverIRQHandler
                0x00000256                Reserved16_DriverIRQHandler
                0x00000256                GPIO2_DriverIRQHandler
                0x00000256                Reserved85_DriverIRQHandler
                0x00000256                ADC0_DriverIRQHandler
                0x00000256                CMP0_DriverIRQHandler
                0x00000256                CDOG0_DriverIRQHandler
                0x00000256                Reserved59_DriverIRQHandler
                0x00000256                DMA_CH0_DriverIRQHandler
                0x00000256                Reserved58_DriverIRQHandler
                0x00000256                DMA_CH1_DriverIRQHandler
                0x00000256                SPC0_DriverIRQHandler
                0x00000256                Reserved43_DriverIRQHandler
                0x00000256                Reserved46_DriverIRQHandler
                0x00000256                Reserved37_DriverIRQHandler
                0x00000256                Reserved86_DriverIRQHandler
                0x00000256                GPIO1_DriverIRQHandler
                0x00000256                FLEXPWM0_SUBMODULE0_DriverIRQHandler
                0x00000256                Reserved50_DriverIRQHandler
                0x00000256                OS_EVENT_DriverIRQHandler
                0x00000256                SCG0_DriverIRQHandler
                0x00000256                GLIKEY0_DriverIRQHandler
                0x00000256                GPIO3_DriverIRQHandler
                0x00000256                CMC_DriverIRQHandler
                0x00000256                WUU0_DriverIRQHandler
                0x00000256                Reserved33_DriverIRQHandler
                0x00000256                Reserved39_DriverIRQHandler
                0x00000256                WAKETIMER0_DriverIRQHandler
                0x00000256                MBC0_DriverIRQHandler
                0x00000256                LPTMR0_DriverIRQHandler
                0x00000256                FLEXPWM0_SUBMODULE1_DriverIRQHandler
 *(SORT_BY_ALIGNMENT(.text*))
 .text._dtoa_r  0x00000258      0xc58 /Applications/MCUXpressoIDE_11.9.0_2144/ide/plugins/com.nxp.mcuxpresso.tools.macosx_11.9.0.202307121226/tools/bin/../lib/gcc/arm-none-eabi/12.3.1/../../../../arm-none-eabi/lib/thumb/v8-m.main/nofp/libc_nano.a(libc_a-dtoa.o)
                0x00000258                _dtoa_r
 .text.__assert_func
                0x00000eb0       0x28 ./utilities/fsl_assert.o
                0x00000eb0                __assert_func
 .text._Z9start_mcuv
                0x00000ed8       0x14 ./source/main.o
                0x00000ed8                start_mcu()
 .text.main     0x00000eec       0xb0 ./source/main.o
                0x00000eec                main
 .text._Z41__static_initialization_and_destruction_0ii
                0x00000f9c       0x78 ./source/main.o
 .text.CLOCK_SetClockSelect
                0x00001014       0xa4 ./drivers/fsl_clock.o
                0x00001014                CLOCK_SetClockSelect
 .text.CLOCK_SetClockDiv
                0x000010b8       0x88 ./drivers/fsl_clock.o
                0x000010b8                CLOCK_SetClockDiv
 .text.CLOCK_SetupFROHFClocking
                0x00001140       0xf4 ./drivers/fsl_clock.o
                0x00001140                CLOCK_SetupFROHFClocking
 .text.CLOCK_SetupFRO12MClocking
                0x00001234       0x54 ./drivers/fsl_clock.o
                0x00001234                CLOCK_SetupFRO12MClocking
 .text.CLOCK_GetFro12MFreq
                0x00001288       0x28 ./drivers/fsl_clock.o
 .text.CLOCK_GetClk1MFreq
                0x000012b0       0x14 ./drivers/fsl_clock.o
 .text.CLOCK_GetFroHfFreq
                0x000012c4       0xc0 ./drivers/fsl_clock.o
 .text.CLOCK_GetClk16KFreq
                0x00001384       0x44 ./drivers/fsl_clock.o
 .text.CLOCK_GetExtClkFreq
                0x000013c8       0x2c ./drivers/fsl_clock.o
 .text.CLOCK_GetMainClk
                0x000013f4       0x68 ./drivers/fsl_clock.o
                0x000013f4                CLOCK_GetMainClk
 .text.CLOCK_GetCoreSysClkFreq
                0x0000145c       0x20 ./drivers/fsl_clock.o
                0x0000145c                CLOCK_GetCoreSysClkFreq
 .text.CLOCK_GetLpi2cClkFreq
                0x0000147c       0xa0 ./drivers/fsl_clock.o
                0x0000147c                CLOCK_GetLpi2cClkFreq
 .text.SDK_DelayAtLeastUs
                0x0000151c       0x98 ./drivers/fsl_common_arm.o
                0x0000151c                SDK_DelayAtLeastUs
 .text.GPIO_PinInit
                0x000015b4       0x70 ./drivers/fsl_gpio.o
                0x000015b4                GPIO_PinInit
 .text.I3C_CommonIRQHandler
                0x00001624       0x70 ./drivers/fsl_i3c.o
 .text.I3C0_DriverIRQHandler
                0x00001694       0x14 ./drivers/fsl_i3c.o
                0x00001694                I3C0_DriverIRQHandler
 .text.CLOCK_EnableClock
                0x000016a8       0x88 ./drivers/fsl_lpi2c.o
 .text.LPI2C_GetInstance
                0x00001730       0x54 ./drivers/fsl_lpi2c.o
                0x00001730                LPI2C_GetInstance
 .text.LPI2C_GetCyclesForWidth
                0x00001784       0xa8 ./drivers/fsl_lpi2c.o
 .text.LPI2C_MasterGetDefaultConfig
                0x0000182c       0x6c ./drivers/fsl_lpi2c.o
                0x0000182c                LPI2C_MasterGetDefaultConfig
 .text.LPI2C_MasterInit
                0x00001898      0x1e0 ./drivers/fsl_lpi2c.o
                0x00001898                LPI2C_MasterInit
 .text.LPI2C_MasterSetBaudRate
                0x00001a78      0x2c4 ./drivers/fsl_lpi2c.o
                0x00001a78                LPI2C_MasterSetBaudRate
 .text.LPI2C_MasterReceive
                0x00001d3c       0xe8 ./drivers/fsl_lpi2c.o
                0x00001d3c                LPI2C_MasterReceive
 .text.LPI2C_MasterSend
                0x00001e24       0x68 ./drivers/fsl_lpi2c.o
                0x00001e24                LPI2C_MasterSend
 .text.LPI2C_CommonIRQHandler
                0x00001e8c       0x70 ./drivers/fsl_lpi2c.o
 .text.LPI2C0_DriverIRQHandler
                0x00001efc       0x14 ./drivers/fsl_lpi2c.o
                0x00001efc                LPI2C0_DriverIRQHandler
 .text.LPSPI_CommonIRQHandler
                0x00001f10       0x3c ./drivers/fsl_lpspi.o
 .text.LPSPI0_DriverIRQHandler
                0x00001f4c       0x40 ./drivers/fsl_lpspi.o
                0x00001f4c                LPSPI0_DriverIRQHandler
 .text.LPSPI1_DriverIRQHandler
                0x00001f8c       0x40 ./drivers/fsl_lpspi.o
                0x00001f8c                LPSPI1_DriverIRQHandler
 .text.LPUART0_DriverIRQHandler
                0x00001fcc       0x24 ./drivers/fsl_lpuart.o
                0x00001fcc                LPUART0_DriverIRQHandler
 .text.LPUART1_DriverIRQHandler
                0x00001ff0       0x24 ./drivers/fsl_lpuart.o
                0x00001ff0                LPUART1_DriverIRQHandler
 .text.LPUART2_DriverIRQHandler
                0x00002014       0x24 ./drivers/fsl_lpuart.o
                0x00002014                LPUART2_DriverIRQHandler
 .text.RESET_SetPeripheralReset
                0x00002038       0xc8 ./drivers/fsl_reset.o
                0x00002038                RESET_SetPeripheralReset
 .text.RESET_ClearPeripheralReset
                0x00002100       0xa8 ./drivers/fsl_reset.o
                0x00002100                RESET_ClearPeripheralReset
 .text.SPC_SetSRAMOperateVoltage
                0x000021a8       0x74 ./drivers/fsl_spc.o
                0x000021a8                SPC_SetSRAMOperateVoltage
 .text.SPC_SetActiveModeCoreLDORegulatorConfig
                0x0000221c       0xcc ./drivers/fsl_spc.o
                0x0000221c                SPC_SetActiveModeCoreLDORegulatorConfig
 .text.CLOCK_EnableClock
                0x000022e8       0x88 ./drivers/fsl_utick.o
 .text.UTICK_GetInstance
                0x00002370       0x54 ./drivers/fsl_utick.o
 .text.UTICK_Init
                0x000023c4       0x3c ./drivers/fsl_utick.o
                0x000023c4                UTICK_Init
 .text.UTICK0_DriverIRQHandler
                0x00002400       0x24 ./drivers/fsl_utick.o
                0x00002400                UTICK0_DriverIRQHandler
 .text.SystemInit
                0x00002424       0x64 ./device/system_MCXA153.o
                0x00002424                SystemInit
 .text.irq_handler
                0x00002488       0x70 ./component/r01lib/InterruptIn.o
                0x00002488                irq_handler
 .text._ZN3I2CC2Em
                0x000024f8       0x44 ./component/r01lib/i2c.o
                0x000024f8                I2C::I2C(unsigned long)
                0x000024f8                I2C::I2C(unsigned long)
 .text._ZN3I2CD2Ev
                0x0000253c       0x20 ./component/r01lib/i2c.o
                0x0000253c                I2C::~I2C()
                0x0000253c                I2C::~I2C()
 .text._ZN3I2C5writeEhPKhib
                0x0000255c       0xd0 ./component/r01lib/i2c.o
                0x0000255c                I2C::write(unsigned char, unsigned char const*, int, bool)
 .text._ZN3I2C4readEhPhib
                0x0000262c       0xb0 ./component/r01lib/i2c.o
                0x0000262c                I2C::read(unsigned char, unsigned char*, int, bool)
 .text._ZN12DigitalInOutC2Ehbb
                0x000026dc       0x9c ./component/r01lib/io.o
                0x000026dc                DigitalInOut::DigitalInOut(unsigned char, bool, bool)
                0x000026dc                DigitalInOut::DigitalInOut(unsigned char, bool, bool)
 .text._ZN12DigitalInOut5valueEb
                0x00002778       0x4c ./component/r01lib/io.o
                0x00002778                DigitalInOut::value(bool)
 .text.CLOCK_EnableClock
                0x000027c4       0x88 ./component/r01lib/mcu.o
 .text._Z8init_mcuv
                0x0000284c       0x80 ./component/r01lib/mcu.o
                0x0000284c                init_mcu()
 .text._Z4waitf
                0x000028cc       0x34 ./component/r01lib/mcu.o
                0x000028cc                wait(float)
 .text.BOARD_InitDebugConsole
                0x00002900       0x30 ./board/board.o
                0x00002900                BOARD_InitDebugConsole
 .text.CLOCK_EnableClock
                0x00002930       0x88 ./board/clock_config.o
 .text.BOARD_BootClockFRO96M
                0x000029b8       0xf0 ./board/clock_config.o
                0x000029b8                BOARD_BootClockFRO96M
 .text.CLOCK_EnableClock
                0x00002aa8       0x88 ./board/pin_mux.o
 .text.PORT_SetPinConfig
                0x00002b30       0x48 ./board/pin_mux.o
 .text.BOARD_InitPins
                0x00002b78      0x3d0 ./board/pin_mux.o
                0x00002b78                BOARD_InitPins
 .text          0x00002f48      0x378 /Applications/MCUXpressoIDE_11.9.0_2144/ide/plugins/com.nxp.mcuxpresso.tools.macosx_11.9.0.202307121226/tools/bin/../lib/gcc/arm-none-eabi/12.3.1/thumb/v8-m.main/nofp/libgcc.a(_arm_addsubdf3.o)
                0x00002f48                __aeabi_drsub
                0x00002f50                __subdf3
                0x00002f50                __aeabi_dsub
                0x00002f54                __aeabi_dadd
                0x00002f54                __adddf3
                0x000031cc                __aeabi_ui2d
                0x000031cc                __floatunsidf
                0x000031ec                __floatsidf
                0x000031ec                __aeabi_i2d
                0x00003210                __extendsfdf2
                0x00003210                __aeabi_f2d
                0x00003254                __aeabi_ul2d
                0x00003254                __floatundidf
                0x00003264                __aeabi_l2d
                0x00003264                __floatdidf
 .text          0x000032c0      0x2a0 /Applications/MCUXpressoIDE_11.9.0_2144/ide/plugins/com.nxp.mcuxpresso.tools.macosx_11.9.0.202307121226/tools/bin/../lib/gcc/arm-none-eabi/12.3.1/thumb/v8-m.main/nofp/libgcc.a(_arm_muldivsf3.o)
                0x000032c0                __mulsf3
                0x000032c0                __aeabi_fmul
                0x00003428                __divsf3
                0x00003428                __aeabi_fdiv
 .text          0x00003560       0x40 /Applications/MCUXpressoIDE_11.9.0_2144/ide/plugins/com.nxp.mcuxpresso.tools.macosx_11.9.0.202307121226/tools/bin/../lib/gcc/arm-none-eabi/12.3.1/thumb/v8-m.main/nofp/libgcc.a(_arm_fixunssfsi.o)
                0x00003560                __aeabi_f2uiz
                0x00003560                __fixunssfsi
 .text          0x000035a0       0x30 /Applications/MCUXpressoIDE_11.9.0_2144/ide/plugins/com.nxp.mcuxpresso.tools.macosx_11.9.0.202307121226/tools/bin/../lib/gcc/arm-none-eabi/12.3.1/thumb/v8-m.main/nofp/libgcc.a(_aeabi_uldivmod.o)
                0x000035a0                __aeabi_uldivmod
 .text.__udivmoddi4
                0x000035d0      0x2e4 /Applications/MCUXpressoIDE_11.9.0_2144/ide/plugins/com.nxp.mcuxpresso.tools.macosx_11.9.0.202307121226/tools/bin/../lib/gcc/arm-none-eabi/12.3.1/thumb/v8-m.main/nofp/libgcc.a(_udivmoddi4.o)
                0x000035d0                __udivmoddi4
 .text          0x000038b4        0x4 /Applications/MCUXpressoIDE_11.9.0_2144/ide/plugins/com.nxp.mcuxpresso.tools.macosx_11.9.0.202307121226/tools/bin/../lib/gcc/arm-none-eabi/12.3.1/thumb/v8-m.main/nofp/libgcc.a(_dvmd_tls.o)
                0x000038b4                __aeabi_ldiv0
                0x000038b4                __aeabi_idiv0
 .text._printf_float
                0x000038b8      0x46c /Applications/MCUXpressoIDE_11.9.0_2144/ide/plugins/com.nxp.mcuxpresso.tools.macosx_11.9.0.202307121226/tools/bin/../lib/gcc/arm-none-eabi/12.3.1/../../../../arm-none-eabi/lib/thumb/v8-m.main/nofp/libc_nano.a(libc_a-nano-vfprintf_float.o)
                0x000038b8                _printf_float
 .text.malloc   0x00003d24       0x10 /Applications/MCUXpressoIDE_11.9.0_2144/ide/plugins/com.nxp.mcuxpresso.tools.macosx_11.9.0.202307121226/tools/bin/../lib/gcc/arm-none-eabi/12.3.1/../../../../arm-none-eabi/lib/thumb/v8-m.main/nofp/libc_nano.a(libc_a-malloc.o)
                0x00003d24                malloc
 .text.sbrk_aligned
                0x00003d34       0x44 /Applications/MCUXpressoIDE_11.9.0_2144/ide/plugins/com.nxp.mcuxpresso.tools.macosx_11.9.0.202307121226/tools/bin/../lib/gcc/arm-none-eabi/12.3.1/../../../../arm-none-eabi/lib/thumb/v8-m.main/nofp/libc_nano.a(libc_a-mallocr.o)
 .text._malloc_r
                0x00003d78      0x100 /Applications/MCUXpressoIDE_11.9.0_2144/ide/plugins/com.nxp.mcuxpresso.tools.macosx_11.9.0.202307121226/tools/bin/../lib/gcc/arm-none-eabi/12.3.1/../../../../arm-none-eabi/lib/thumb/v8-m.main/nofp/libc_nano.a(libc_a-mallocr.o)
                0x00003d78                _malloc_r
 .text._printf_i
                0x00003e78      0x258 /Applications/MCUXpressoIDE_11.9.0_2144/ide/plugins/com.nxp.mcuxpresso.tools.macosx_11.9.0.202307121226/tools/bin/../lib/gcc/arm-none-eabi/12.3.1/../../../../arm-none-eabi/lib/thumb/v8-m.main/nofp/libc_nano.a(libc_a-nano-vfprintf_i.o)
                0x00003e78                _printf_i
 .text.__malloc_lock
                0x000040d0        0xc /Applications/MCUXpressoIDE_11.9.0_2144/ide/plugins/com.nxp.mcuxpresso.tools.macosx_11.9.0.202307121226/tools/bin/../lib/gcc/arm-none-eabi/12.3.1/../../../../arm-none-eabi/lib/thumb/v8-m.main/nofp/libc_nano.a(libc_a-mlock.o)
                0x000040d0                __malloc_lock
 .text.__malloc_unlock
                0x000040dc        0xc /Applications/MCUXpressoIDE_11.9.0_2144/ide/plugins/com.nxp.mcuxpresso.tools.macosx_11.9.0.202307121226/tools/bin/../lib/gcc/arm-none-eabi/12.3.1/../../../../arm-none-eabi/lib/thumb/v8-m.main/nofp/libc_nano.a(libc_a-mlock.o)
                0x000040dc                __malloc_unlock
 .text.printf   0x000040e8       0x24 /Applications/MCUXpressoIDE_11.9.0_2144/ide/plugins/com.nxp.mcuxpresso.tools.macosx_11.9.0.202307121226/tools/bin/../lib/gcc/arm-none-eabi/12.3.1/../../../../arm-none-eabi/lib/thumb/v8-m.main/nofp/libc_nano.a(libc_a-printf.o)
                0x000040e8                printf
                0x000040e8                iprintf
 .text._localeconv_r
                0x0000410c        0x8 /Applications/MCUXpressoIDE_11.9.0_2144/ide/plugins/com.nxp.mcuxpresso.tools.macosx_11.9.0.202307121226/tools/bin/../lib/gcc/arm-none-eabi/12.3.1/../../../../arm-none-eabi/lib/thumb/v8-m.main/nofp/libc_nano.a(libc_a-localeconv.o)
                0x0000410c                _localeconv_r
 .text._sbrk_r  0x00004114       0x20 /Applications/MCUXpressoIDE_11.9.0_2144/ide/plugins/com.nxp.mcuxpresso.tools.macosx_11.9.0.202307121226/tools/bin/../lib/gcc/arm-none-eabi/12.3.1/../../../../arm-none-eabi/lib/thumb/v8-m.main/nofp/libc_nano.a(libc_a-sbrkr.o)
                0x00004114                _sbrk_r
 .text.__errno  0x00004134        0xc /Applications/MCUXpressoIDE_11.9.0_2144/ide/plugins/com.nxp.mcuxpresso.tools.macosx_11.9.0.202307121226/tools/bin/../lib/gcc/arm-none-eabi/12.3.1/../../../../arm-none-eabi/lib/thumb/v8-m.main/nofp/libc_nano.a(libc_a-errno.o)
                0x00004134                __errno
 .text.__libc_init_array
                0x00004140       0x48 /Applications/MCUXpressoIDE_11.9.0_2144/ide/plugins/com.nxp.mcuxpresso.tools.macosx_11.9.0.202307121226/tools/bin/../lib/gcc/arm-none-eabi/12.3.1/../../../../arm-none-eabi/lib/thumb/v8-m.main/nofp/libc_nano.a(libc_a-init.o)
                0x00004140                __libc_init_array
 .text._free_r  0x00004188       0x94 /Applications/MCUXpressoIDE_11.9.0_2144/ide/plugins/com.nxp.mcuxpresso.tools.macosx_11.9.0.202307121226/tools/bin/../lib/gcc/arm-none-eabi/12.3.1/../../../../arm-none-eabi/lib/thumb/v8-m.main/nofp/libc_nano.a(libc_a-freer.o)
                0x00004188                _free_r
 .text._vfprintf_r
                0x0000421c      0x230 /Applications/MCUXpressoIDE_11.9.0_2144/ide/plugins/com.nxp.mcuxpresso.tools.macosx_11.9.0.202307121226/tools/bin/../lib/gcc/arm-none-eabi/12.3.1/../../../../arm-none-eabi/lib/thumb/v8-m.main/nofp/libc_nano.a(libc_a-nano-vfprintf.o)
                0x0000421c                _vfiprintf_r
                0x0000421c                _vfprintf_r
 .text._Balloc  0x0000444c       0x80 /Applications/MCUXpressoIDE_11.9.0_2144/ide/plugins/com.nxp.mcuxpresso.tools.macosx_11.9.0.202307121226/tools/bin/../lib/gcc/arm-none-eabi/12.3.1/../../../../arm-none-eabi/lib/thumb/v8-m.main/nofp/libc_nano.a(libc_a-mprec.o)
                0x0000444c                _Balloc
 .text._Bfree   0x000044cc       0x44 /Applications/MCUXpressoIDE_11.9.0_2144/ide/plugins/com.nxp.mcuxpresso.tools.macosx_11.9.0.202307121226/tools/bin/../lib/gcc/arm-none-eabi/12.3.1/../../../../arm-none-eabi/lib/thumb/v8-m.main/nofp/libc_nano.a(libc_a-mprec.o)
                0x000044cc                _Bfree
 .text.__multadd
                0x00004510       0x90 /Applications/MCUXpressoIDE_11.9.0_2144/ide/plugins/com.nxp.mcuxpresso.tools.macosx_11.9.0.202307121226/tools/bin/../lib/gcc/arm-none-eabi/12.3.1/../../../../arm-none-eabi/lib/thumb/v8-m.main/nofp/libc_nano.a(libc_a-mprec.o)
                0x00004510                __multadd
 .text.__i2b    0x000045a0       0x2c /Applications/MCUXpressoIDE_11.9.0_2144/ide/plugins/com.nxp.mcuxpresso.tools.macosx_11.9.0.202307121226/tools/bin/../lib/gcc/arm-none-eabi/12.3.1/../../../../arm-none-eabi/lib/thumb/v8-m.main/nofp/libc_nano.a(libc_a-mprec.o)
                0x000045a0                __i2b
 .text.__multiply
                0x000045cc      0x154 /Applications/MCUXpressoIDE_11.9.0_2144/ide/plugins/com.nxp.mcuxpresso.tools.macosx_11.9.0.202307121226/tools/bin/../lib/gcc/arm-none-eabi/12.3.1/../../../../arm-none-eabi/lib/thumb/v8-m.main/nofp/libc_nano.a(libc_a-mprec.o)
                0x000045cc                __multiply
 .text.__pow5mult
                0x00004720       0xb4 /Applications/MCUXpressoIDE_11.9.0_2144/ide/plugins/com.nxp.mcuxpresso.tools.macosx_11.9.0.202307121226/tools/bin/../lib/gcc/arm-none-eabi/12.3.1/../../../../arm-none-eabi/lib/thumb/v8-m.main/nofp/libc_nano.a(libc_a-mprec.o)
                0x00004720                __pow5mult
 .text.__lshift
                0x000047d4       0xd8 /Applications/MCUXpressoIDE_11.9.0_2144/ide/plugins/com.nxp.mcuxpresso.tools.macosx_11.9.0.202307121226/tools/bin/../lib/gcc/arm-none-eabi/12.3.1/../../../../arm-none-eabi/lib/thumb/v8-m.main/nofp/libc_nano.a(libc_a-mprec.o)
                0x000047d4                __lshift
 .text.__mdiff  0x000048ac      0x12c /Applications/MCUXpressoIDE_11.9.0_2144/ide/plugins/com.nxp.mcuxpresso.tools.macosx_11.9.0.202307121226/tools/bin/../lib/gcc/arm-none-eabi/12.3.1/../../../../arm-none-eabi/lib/thumb/v8-m.main/nofp/libc_nano.a(libc_a-mprec.o)
                0x000048ac                __mdiff
 .text.__d2b    0x000049d8       0xb0 /Applications/MCUXpressoIDE_11.9.0_2144/ide/plugins/com.nxp.mcuxpresso.tools.macosx_11.9.0.202307121226/tools/bin/../lib/gcc/arm-none-eabi/12.3.1/../../../../arm-none-eabi/lib/thumb/v8-m.main/nofp/libc_nano.a(libc_a-mprec.o)
                0x000049d8                __d2b
 .text.std      0x00004a88       0x6c /Applications/MCUXpressoIDE_11.9.0_2144/ide/plugins/com.nxp.mcuxpresso.tools.macosx_11.9.0.202307121226/tools/bin/../lib/gcc/arm-none-eabi/12.3.1/../../../../arm-none-eabi/lib/thumb/v8-m.main/nofp/libc_nano.a(libc_a-findfp.o)
 .text.stdio_exit_handler
                0x00004af4       0x18 /Applications/MCUXpressoIDE_11.9.0_2144/ide/plugins/com.nxp.mcuxpresso.tools.macosx_11.9.0.202307121226/tools/bin/../lib/gcc/arm-none-eabi/12.3.1/../../../../arm-none-eabi/lib/thumb/v8-m.main/nofp/libc_nano.a(libc_a-findfp.o)
 .text.cleanup_stdio
                0x00004b0c       0x40 /Applications/MCUXpressoIDE_11.9.0_2144/ide/plugins/com.nxp.mcuxpresso.tools.macosx_11.9.0.202307121226/tools/bin/../lib/gcc/arm-none-eabi/12.3.1/../../../../arm-none-eabi/lib/thumb/v8-m.main/nofp/libc_nano.a(libc_a-findfp.o)
 .text.global_stdio_init.part.0
                0x00004b4c       0x3c /Applications/MCUXpressoIDE_11.9.0_2144/ide/plugins/com.nxp.mcuxpresso.tools.macosx_11.9.0.202307121226/tools/bin/../lib/gcc/arm-none-eabi/12.3.1/../../../../arm-none-eabi/lib/thumb/v8-m.main/nofp/libc_nano.a(libc_a-findfp.o)
 .text.__sfp_lock_acquire
                0x00004b88        0xc /Applications/MCUXpressoIDE_11.9.0_2144/ide/plugins/com.nxp.mcuxpresso.tools.macosx_11.9.0.202307121226/tools/bin/../lib/gcc/arm-none-eabi/12.3.1/../../../../arm-none-eabi/lib/thumb/v8-m.main/nofp/libc_nano.a(libc_a-findfp.o)
                0x00004b88                __sfp_lock_acquire
 .text.__sfp_lock_release
                0x00004b94        0xc /Applications/MCUXpressoIDE_11.9.0_2144/ide/plugins/com.nxp.mcuxpresso.tools.macosx_11.9.0.202307121226/tools/bin/../lib/gcc/arm-none-eabi/12.3.1/../../../../arm-none-eabi/lib/thumb/v8-m.main/nofp/libc_nano.a(libc_a-findfp.o)
                0x00004b94                __sfp_lock_release
 .text.__sinit  0x00004ba0       0x30 /Applications/MCUXpressoIDE_11.9.0_2144/ide/plugins/com.nxp.mcuxpresso.tools.macosx_11.9.0.202307121226/tools/bin/../lib/gcc/arm-none-eabi/12.3.1/../../../../arm-none-eabi/lib/thumb/v8-m.main/nofp/libc_nano.a(libc_a-findfp.o)
                0x00004ba0                __sinit
 .text.__swsetup_r
                0x00004bd0       0xac /Applications/MCUXpressoIDE_11.9.0_2144/ide/plugins/com.nxp.mcuxpresso.tools.macosx_11.9.0.202307121226/tools/bin/../lib/gcc/arm-none-eabi/12.3.1/../../../../arm-none-eabi/lib/thumb/v8-m.main/nofp/libc_nano.a(libc_a-wsetup.o)
                0x00004bd0                __swsetup_r
 .text._fstat_r
                0x00004c7c       0x24 /Applications/MCUXpressoIDE_11.9.0_2144/ide/plugins/com.nxp.mcuxpresso.tools.macosx_11.9.0.202307121226/tools/bin/../lib/gcc/arm-none-eabi/12.3.1/../../../../arm-none-eabi/lib/thumb/v8-m.main/nofp/libc_nano.a(libc_a-fstatr.o)
                0x00004c7c                _fstat_r
 .text._isatty_r
                0x00004ca0       0x20 /Applications/MCUXpressoIDE_11.9.0_2144/ide/plugins/com.nxp.mcuxpresso.tools.macosx_11.9.0.202307121226/tools/bin/../lib/gcc/arm-none-eabi/12.3.1/../../../../arm-none-eabi/lib/thumb/v8-m.main/nofp/libc_nano.a(libc_a-isattyr.o)
                0x00004ca0                _isatty_r
 .text._close_r
                0x00004cc0       0x20 /Applications/MCUXpressoIDE_11.9.0_2144/ide/plugins/com.nxp.mcuxpresso.tools.macosx_11.9.0.202307121226/tools/bin/../lib/gcc/arm-none-eabi/12.3.1/../../../../arm-none-eabi/lib/thumb/v8-m.main/nofp/libc_nano.a(libc_a-closer.o)
                0x00004cc0                _close_r
 .text._lseek_r
                0x00004ce0       0x24 /Applications/MCUXpressoIDE_11.9.0_2144/ide/plugins/com.nxp.mcuxpresso.tools.macosx_11.9.0.202307121226/tools/bin/../lib/gcc/arm-none-eabi/12.3.1/../../../../arm-none-eabi/lib/thumb/v8-m.main/nofp/libc_nano.a(libc_a-lseekr.o)
                0x00004ce0                _lseek_r
 .text._read_r  0x00004d04       0x24 /Applications/MCUXpressoIDE_11.9.0_2144/ide/plugins/com.nxp.mcuxpresso.tools.macosx_11.9.0.202307121226/tools/bin/../lib/gcc/arm-none-eabi/12.3.1/../../../../arm-none-eabi/lib/thumb/v8-m.main/nofp/libc_nano.a(libc_a-readr.o)
                0x00004d04                _read_r
 .text._write_r
                0x00004d28       0x24 /Applications/MCUXpressoIDE_11.9.0_2144/ide/plugins/com.nxp.mcuxpresso.tools.macosx_11.9.0.202307121226/tools/bin/../lib/gcc/arm-none-eabi/12.3.1/../../../../arm-none-eabi/lib/thumb/v8-m.main/nofp/libc_nano.a(libc_a-writer.o)
                0x00004d28                _write_r
 .text._sbrk    0x00004d4c       0x3c /Applications/MCUXpressoIDE_11.9.0_2144/ide/plugins/com.nxp.mcuxpresso.tools.macosx_11.9.0.202307121226/tools/bin/../lib/gcc/arm-none-eabi/12.3.1/../../../../arm-none-eabi/lib/thumb/v8-m.main/nofp/libcr_newlib_semihost.a(_cr_sbrk.o)
                0x00004d4c                _sbrk
 .text.initialise_monitor_handles.part.0
                0x00004d88       0xa4 /Applications/MCUXpressoIDE_11.9.0_2144/ide/plugins/com.nxp.mcuxpresso.tools.macosx_11.9.0.202307121226/tools/bin/../lib/gcc/arm-none-eabi/12.3.1/../../../../arm-none-eabi/lib/thumb/v8-m.main/nofp/libcr_newlib_semihost.a(syscalls.o)
 .text.findslot
                0x00004e2c       0x30 /Applications/MCUXpressoIDE_11.9.0_2144/ide/plugins/com.nxp.mcuxpresso.tools.macosx_11.9.0.202307121226/tools/bin/../lib/gcc/arm-none-eabi/12.3.1/../../../../arm-none-eabi/lib/thumb/v8-m.main/nofp/libcr_newlib_semihost.a(syscalls.o)
 .text._close   0x00004e5c       0x44 /Applications/MCUXpressoIDE_11.9.0_2144/ide/plugins/com.nxp.mcuxpresso.tools.macosx_11.9.0.202307121226/tools/bin/../lib/gcc/arm-none-eabi/12.3.1/../../../../arm-none-eabi/lib/thumb/v8-m.main/nofp/libcr_newlib_semihost.a(syscalls.o)
                0x00004e5c                _close
 .text.__check_heap_overflow
                0x00004ea0       0x18 /Applications/MCUXpressoIDE_11.9.0_2144/ide/plugins/com.nxp.mcuxpresso.tools.macosx_11.9.0.202307121226/tools/bin/../lib/gcc/arm-none-eabi/12.3.1/../../../../arm-none-eabi/lib/thumb/v8-m.main/nofp/libcr_newlib_semihost.a(_cr_check_heap.o)
                0x00004ea0                __check_heap_overflow
 .text.register_tm_clones
                0x00004eb8       0x28 /Applications/MCUXpressoIDE_11.9.0_2144/ide/plugins/com.nxp.mcuxpresso.tools.macosx_11.9.0.202307121226/tools/bin/../lib/gcc/arm-none-eabi/12.3.1/thumb/v8-m.main/nofp/crtbegin.o
 .text.frame_dummy
                0x00004ee0       0x24 /Applications/MCUXpressoIDE_11.9.0_2144/ide/plugins/com.nxp.mcuxpresso.tools.macosx_11.9.0.202307121226/tools/bin/../lib/gcc/arm-none-eabi/12.3.1/thumb/v8-m.main/nofp/crtbegin.o
 .text          0x00004f04      0x424 /Applications/MCUXpressoIDE_11.9.0_2144/ide/plugins/com.nxp.mcuxpresso.tools.macosx_11.9.0.202307121226/tools/bin/../lib/gcc/arm-none-eabi/12.3.1/thumb/v8-m.main/nofp/libgcc.a(_arm_muldivdf3.o)
                0x00004f04                __aeabi_dmul
                0x00004f04                __muldf3
                0x00005158                __aeabi_ddiv
                0x00005158                __divdf3
 .text          0x00005328      0x110 /Applications/MCUXpressoIDE_11.9.0_2144/ide/plugins/com.nxp.mcuxpresso.tools.macosx_11.9.0.202307121226/tools/bin/../lib/gcc/arm-none-eabi/12.3.1/thumb/v8-m.main/nofp/libgcc.a(_arm_cmpdf2.o)
                0x00005328                __gedf2
                0x00005328                __gtdf2
                0x00005330                __ledf2
                0x00005330                __ltdf2
                0x00005338                __cmpdf2
                0x00005338                __eqdf2
                0x00005338                __nedf2
                0x000053b4                __aeabi_cdrcmple
                0x000053c4                __aeabi_cdcmple
                0x000053c4                __aeabi_cdcmpeq
                0x000053d4                __aeabi_dcmpeq
                0x000053e8                __aeabi_dcmplt
                0x000053fc                __aeabi_dcmple
                0x00005410                __aeabi_dcmpge
                0x00005424                __aeabi_dcmpgt
 .text          0x00005438       0x2c /Applications/MCUXpressoIDE_11.9.0_2144/ide/plugins/com.nxp.mcuxpresso.tools.macosx_11.9.0.202307121226/tools/bin/../lib/gcc/arm-none-eabi/12.3.1/thumb/v8-m.main/nofp/libgcc.a(_arm_unorddf2.o)
                0x00005438                __aeabi_dcmpun
                0x00005438                __unorddf2
 .text          0x00005464       0x50 /Applications/MCUXpressoIDE_11.9.0_2144/ide/plugins/com.nxp.mcuxpresso.tools.macosx_11.9.0.202307121226/tools/bin/../lib/gcc/arm-none-eabi/12.3.1/thumb/v8-m.main/nofp/libgcc.a(_arm_fixdfsi.o)
                0x00005464                __fixdfsi
                0x00005464                __aeabi_d2iz
 .text.Reserved16_IRQHandler
                0x000054b4        0x8 ./startup/startup_mcxa153.o
                0x000054b4                Reserved16_IRQHandler
 .text.CMC_IRQHandler
                0x000054bc        0x8 ./startup/startup_mcxa153.o
                0x000054bc                CMC_IRQHandler
 .text.DMA_CH0_IRQHandler
                0x000054c4        0x8 ./startup/startup_mcxa153.o
                0x000054c4                DMA_CH0_IRQHandler
 .text.DMA_CH1_IRQHandler
                0x000054cc        0x8 ./startup/startup_mcxa153.o
                0x000054cc                DMA_CH1_IRQHandler
 .text.DMA_CH2_IRQHandler
                0x000054d4        0x8 ./startup/startup_mcxa153.o
                0x000054d4                DMA_CH2_IRQHandler
 .text.DMA_CH3_IRQHandler
                0x000054dc        0x8 ./startup/startup_mcxa153.o
                0x000054dc                DMA_CH3_IRQHandler
 .text.Reserved22_IRQHandler
                0x000054e4        0x8 ./startup/startup_mcxa153.o
                0x000054e4                Reserved22_IRQHandler
 .text.Reserved23_IRQHandler
                0x000054ec        0x8 ./startup/startup_mcxa153.o
                0x000054ec                Reserved23_IRQHandler
 .text.Reserved24_IRQHandler
                0x000054f4        0x8 ./startup/startup_mcxa153.o
                0x000054f4                Reserved24_IRQHandler
 .text.Reserved25_IRQHandler
                0x000054fc        0x8 ./startup/startup_mcxa153.o
                0x000054fc                Reserved25_IRQHandler
 .text.ERM0_SINGLE_BIT_IRQHandler
                0x00005504        0x8 ./startup/startup_mcxa153.o
                0x00005504                ERM0_SINGLE_BIT_IRQHandler
 .text.ERM0_MULTI_BIT_IRQHandler
                0x0000550c        0x8 ./startup/startup_mcxa153.o
                0x0000550c                ERM0_MULTI_BIT_IRQHandler
 .text.FMU0_IRQHandler
                0x00005514        0x8 ./startup/startup_mcxa153.o
                0x00005514                FMU0_IRQHandler
 .text.GLIKEY0_IRQHandler
                0x0000551c        0x8 ./startup/startup_mcxa153.o
                0x0000551c                GLIKEY0_IRQHandler
 .text.MBC0_IRQHandler
                0x00005524        0x8 ./startup/startup_mcxa153.o
                0x00005524                MBC0_IRQHandler
 .text.SCG0_IRQHandler
                0x0000552c        0x8 ./startup/startup_mcxa153.o
                0x0000552c                SCG0_IRQHandler
 .text.SPC0_IRQHandler
                0x00005534        0x8 ./startup/startup_mcxa153.o
                0x00005534                SPC0_IRQHandler
 .text.Reserved33_IRQHandler
                0x0000553c        0x8 ./startup/startup_mcxa153.o
                0x0000553c                Reserved33_IRQHandler
 .text.WUU0_IRQHandler
                0x00005544        0x8 ./startup/startup_mcxa153.o
                0x00005544                WUU0_IRQHandler
 .text.Reserved35_IRQHandler
                0x0000554c        0x8 ./startup/startup_mcxa153.o
                0x0000554c                Reserved35_IRQHandler
 .text.Reserved36_IRQHandler
                0x00005554        0x8 ./startup/startup_mcxa153.o
                0x00005554                Reserved36_IRQHandler
 .text.Reserved37_IRQHandler
                0x0000555c        0x8 ./startup/startup_mcxa153.o
                0x0000555c                Reserved37_IRQHandler
 .text.Reserved38_IRQHandler
                0x00005564        0x8 ./startup/startup_mcxa153.o
                0x00005564                Reserved38_IRQHandler
 .text.Reserved39_IRQHandler
                0x0000556c        0x8 ./startup/startup_mcxa153.o
                0x0000556c                Reserved39_IRQHandler
 .text.I3C0_IRQHandler
                0x00005574        0x8 ./startup/startup_mcxa153.o
                0x00005574                I3C0_IRQHandler
 .text.Reserved41_IRQHandler
                0x0000557c        0x8 ./startup/startup_mcxa153.o
                0x0000557c                Reserved41_IRQHandler
 .text.LPI2C0_IRQHandler
                0x00005584        0x8 ./startup/startup_mcxa153.o
                0x00005584                LPI2C0_IRQHandler
 .text.Reserved43_IRQHandler
                0x0000558c        0x8 ./startup/startup_mcxa153.o
                0x0000558c                Reserved43_IRQHandler
 .text.LPSPI0_IRQHandler
                0x00005594        0x8 ./startup/startup_mcxa153.o
                0x00005594                LPSPI0_IRQHandler
 .text.LPSPI1_IRQHandler
                0x0000559c        0x8 ./startup/startup_mcxa153.o
                0x0000559c                LPSPI1_IRQHandler
 .text.Reserved46_IRQHandler
                0x000055a4        0x8 ./startup/startup_mcxa153.o
                0x000055a4                Reserved46_IRQHandler
 .text.LPUART0_IRQHandler
                0x000055ac        0x8 ./startup/startup_mcxa153.o
                0x000055ac                LPUART0_IRQHandler
 .text.LPUART1_IRQHandler
                0x000055b4        0x8 ./startup/startup_mcxa153.o
                0x000055b4                LPUART1_IRQHandler
 .text.LPUART2_IRQHandler
                0x000055bc        0x8 ./startup/startup_mcxa153.o
                0x000055bc                LPUART2_IRQHandler
 .text.Reserved50_IRQHandler
                0x000055c4        0x8 ./startup/startup_mcxa153.o
                0x000055c4                Reserved50_IRQHandler
 .text.Reserved51_IRQHandler
                0x000055cc        0x8 ./startup/startup_mcxa153.o
                0x000055cc                Reserved51_IRQHandler
 .text.USB0_IRQHandler
                0x000055d4        0x8 ./startup/startup_mcxa153.o
                0x000055d4                USB0_IRQHandler
 .text.Reserved53_IRQHandler
                0x000055dc        0x8 ./startup/startup_mcxa153.o
                0x000055dc                Reserved53_IRQHandler
 .text.CDOG0_IRQHandler
                0x000055e4        0x8 ./startup/startup_mcxa153.o
                0x000055e4                CDOG0_IRQHandler
 .text.CTIMER0_IRQHandler
                0x000055ec        0x8 ./startup/startup_mcxa153.o
                0x000055ec                CTIMER0_IRQHandler
 .text.CTIMER1_IRQHandler
                0x000055f4        0x8 ./startup/startup_mcxa153.o
                0x000055f4                CTIMER1_IRQHandler
 .text.CTIMER2_IRQHandler
                0x000055fc        0x8 ./startup/startup_mcxa153.o
                0x000055fc                CTIMER2_IRQHandler
 .text.Reserved58_IRQHandler
                0x00005604        0x8 ./startup/startup_mcxa153.o
                0x00005604                Reserved58_IRQHandler
 .text.Reserved59_IRQHandler
                0x0000560c        0x8 ./startup/startup_mcxa153.o
                0x0000560c                Reserved59_IRQHandler
 .text.FLEXPWM0_RELOAD_ERROR_IRQHandler
                0x00005614        0x8 ./startup/startup_mcxa153.o
                0x00005614                FLEXPWM0_RELOAD_ERROR_IRQHandler
 .text.FLEXPWM0_FAULT_IRQHandler
                0x0000561c        0x8 ./startup/startup_mcxa153.o
                0x0000561c                FLEXPWM0_FAULT_IRQHandler
 .text.FLEXPWM0_SUBMODULE0_IRQHandler
                0x00005624        0x8 ./startup/startup_mcxa153.o
                0x00005624                FLEXPWM0_SUBMODULE0_IRQHandler
 .text.FLEXPWM0_SUBMODULE1_IRQHandler
                0x0000562c        0x8 ./startup/startup_mcxa153.o
                0x0000562c                FLEXPWM0_SUBMODULE1_IRQHandler
 .text.FLEXPWM0_SUBMODULE2_IRQHandler
                0x00005634        0x8 ./startup/startup_mcxa153.o
                0x00005634                FLEXPWM0_SUBMODULE2_IRQHandler
 .text.Reserved65_IRQHandler
                0x0000563c        0x8 ./startup/startup_mcxa153.o
                0x0000563c                Reserved65_IRQHandler
 .text.QDC0_COMPARE_IRQHandler
                0x00005644        0x8 ./startup/startup_mcxa153.o
                0x00005644                QDC0_COMPARE_IRQHandler
 .text.QDC0_HOME_IRQHandler
                0x0000564c        0x8 ./startup/startup_mcxa153.o
                0x0000564c                QDC0_HOME_IRQHandler
 .text.QDC0_WATCHDOG_IRQHandler
                0x00005654        0x8 ./startup/startup_mcxa153.o
                0x00005654                QDC0_WATCHDOG_IRQHandler
 .text.QDC0_INDEX_IRQHandler
                0x0000565c        0x8 ./startup/startup_mcxa153.o
                0x0000565c                QDC0_INDEX_IRQHandler
 .text.FREQME0_IRQHandler
                0x00005664        0x8 ./startup/startup_mcxa153.o
                0x00005664                FREQME0_IRQHandler
 .text.LPTMR0_IRQHandler
                0x0000566c        0x8 ./startup/startup_mcxa153.o
                0x0000566c                LPTMR0_IRQHandler
 .text.Reserved72_IRQHandler
                0x00005674        0x8 ./startup/startup_mcxa153.o
                0x00005674                Reserved72_IRQHandler
 .text.OS_EVENT_IRQHandler
                0x0000567c        0x8 ./startup/startup_mcxa153.o
                0x0000567c                OS_EVENT_IRQHandler
 .text.WAKETIMER0_IRQHandler
                0x00005684        0x8 ./startup/startup_mcxa153.o
                0x00005684                WAKETIMER0_IRQHandler
 .text.UTICK0_IRQHandler
                0x0000568c        0x8 ./startup/startup_mcxa153.o
                0x0000568c                UTICK0_IRQHandler
 .text.WWDT0_IRQHandler
                0x00005694        0x8 ./startup/startup_mcxa153.o
                0x00005694                WWDT0_IRQHandler
 .text.Reserved77_IRQHandler
                0x0000569c        0x8 ./startup/startup_mcxa153.o
                0x0000569c                Reserved77_IRQHandler
 .text.ADC0_IRQHandler
                0x000056a4        0x8 ./startup/startup_mcxa153.o
                0x000056a4                ADC0_IRQHandler
 .text.Reserved79_IRQHandler
                0x000056ac        0x8 ./startup/startup_mcxa153.o
                0x000056ac                Reserved79_IRQHandler
 .text.CMP0_IRQHandler
                0x000056b4        0x8 ./startup/startup_mcxa153.o
                0x000056b4                CMP0_IRQHandler
 .text.CMP1_IRQHandler
                0x000056bc        0x8 ./startup/startup_mcxa153.o
                0x000056bc                CMP1_IRQHandler
 .text.Reserved82_IRQHandler
                0x000056c4        0x8 ./startup/startup_mcxa153.o
                0x000056c4                Reserved82_IRQHandler
 .text.Reserved83_IRQHandler
                0x000056cc        0x8 ./startup/startup_mcxa153.o
                0x000056cc                Reserved83_IRQHandler
 .text.Reserved84_IRQHandler
                0x000056d4        0x8 ./startup/startup_mcxa153.o
                0x000056d4                Reserved84_IRQHandler
 .text.Reserved85_IRQHandler
                0x000056dc        0x8 ./startup/startup_mcxa153.o
                0x000056dc                Reserved85_IRQHandler
 .text.Reserved86_IRQHandler
                0x000056e4        0x8 ./startup/startup_mcxa153.o
                0x000056e4                Reserved86_IRQHandler
 .text._GLOBAL__sub_I__Z9start_mcuv
                0x000056ec       0x10 ./source/main.o
 .text.CLOCK_IsDivHalt
                0x000056fc       0x22 ./drivers/fsl_clock.o
 .text.CLOCK_AttachClk
                0x0000571e       0x30 ./drivers/fsl_clock.o
                0x0000571e                CLOCK_AttachClk
 .text.DelayLoop
                0x0000574e       0x1e ./drivers/fsl_common_arm.o
 .text.GPIO_PinWrite
                0x0000576c       0x34 ./drivers/fsl_gpio.o
 .text.GPIO_GpioGetInterruptFlags
                0x000057a0       0x18 ./drivers/fsl_gpio.o
                0x000057a0                GPIO_GpioGetInterruptFlags
 .text.GPIO_GpioClearInterruptFlags
                0x000057b8       0x1c ./drivers/fsl_gpio.o
                0x000057b8                GPIO_GpioClearInterruptFlags
 .text.RESET_ReleasePeripheralReset
                0x000057d4       0x1a ./drivers/fsl_lpi2c.o
 .text.LPI2C_MasterReset
                0x000057ee       0x1e ./drivers/fsl_lpi2c.o
 .text.LPI2C_MasterEnable
                0x0000580c       0x26 ./drivers/fsl_lpi2c.o
 .text.LPI2C_MasterGetStatusFlags
                0x00005832       0x16 ./drivers/fsl_lpi2c.o
 .text.LPI2C_MasterClearStatusFlags
                0x00005848       0x1a ./drivers/fsl_lpi2c.o
 .text.LPI2C_MasterSetWatermarks
                0x00005862       0x2a ./drivers/fsl_lpi2c.o
 .text.LPI2C_MasterGetFifoCounts
                0x0000588c       0x3c ./drivers/fsl_lpi2c.o
 .text.LPI2C_MasterCheckAndClearError
                0x000058c8       0x80 ./drivers/fsl_lpi2c.o
                0x000058c8                LPI2C_MasterCheckAndClearError
 .text.LPI2C_MasterWaitForTxReady
                0x00005948       0x52 ./drivers/fsl_lpi2c.o
 .text.LPI2C_CheckForBusyBus
                0x0000599a       0x38 ./drivers/fsl_lpi2c.o
                0x0000599a                LPI2C_CheckForBusyBus
 .text.LPI2C_MasterStart
                0x000059d2       0x5c ./drivers/fsl_lpi2c.o
                0x000059d2                LPI2C_MasterStart
 .text.LPI2C_MasterStop
                0x00005a2e       0x62 ./drivers/fsl_lpi2c.o
                0x00005a2e                LPI2C_MasterStop
 .text.LPSPI_IsMaster
                0x00005a90       0x24 ./drivers/fsl_lpspi.o
 .text.RESET_PeripheralReset
                0x00005ab4       0x22 ./drivers/fsl_reset.o
                0x00005ab4                RESET_PeripheralReset
 .text.SPC_GetActiveModeBandgapMode
                0x00005ad6       0x20 ./drivers/fsl_spc.o
 .text.SPC_GetActiveModeVoltageDetectStatus
                0x00005af6       0x20 ./drivers/fsl_spc.o
 .text.SPC_GetActiveModeCoreLDOVDDVoltageLevel
                0x00005b16       0x20 ./drivers/fsl_spc.o
 .text.SPC_GetActiveModeCoreLDODriveStrength
                0x00005b36       0x20 ./drivers/fsl_spc.o
 .text.SPC_SetActiveModeCoreLDORegulatorVoltageLevel
                0x00005b56       0x32 ./drivers/fsl_spc.o
                0x00005b56                SPC_SetActiveModeCoreLDORegulatorVoltageLevel
 .text.SPC_SetActiveModeCoreLDORegulatorDriveStrength
                0x00005b88       0x5e ./drivers/fsl_spc.o
                0x00005b88                SPC_SetActiveModeCoreLDORegulatorDriveStrength
 .text.UTICK_ClearStatusFlags
                0x00005be6       0x18 ./drivers/fsl_utick.o
                0x00005be6                UTICK_ClearStatusFlags
 .text.UTICK_HandleIRQ
                0x00005bfe       0x22 ./drivers/fsl_utick.o
                0x00005bfe                UTICK_HandleIRQ
 .text.SystemInitHook
                0x00005c20        0xc ./device/system_MCXA153.o
                0x00005c20                SystemInitHook
 .text.__aeabi_atexit
                0x00005c2c       0x18 ./component/r01lib/cpp_config.o
                0x00005c2c                __aeabi_atexit
 .text.LPI2C_MasterGetStatusFlags
                0x00005c44       0x16 ./component/r01lib/i2c.o
 .text.LPI2C_MasterGetFifoCounts
                0x00005c5a       0x3c ./component/r01lib/i2c.o
 .text._ZN3I2C9reg_writeEhhPKhi
                0x00005c96       0x52 ./component/r01lib/i2c.o
                0x00005c96                I2C::reg_write(unsigned char, unsigned char, unsigned char const*, int)
 .text._ZN3I2C9reg_writeEhhh
                0x00005ce8       0x3a ./component/r01lib/i2c.o
                0x00005ce8                I2C::reg_write(unsigned char, unsigned char, unsigned char)
 .text._ZN3I2C8reg_readEhhPhi
                0x00005d22       0x60 ./component/r01lib/i2c.o
                0x00005d22                I2C::reg_read(unsigned char, unsigned char, unsigned char*, int)
 .text._ZN3I2C8reg_readEhh
                0x00005d82       0x42 ./component/r01lib/i2c.o
                0x00005d82                I2C::reg_read(unsigned char, unsigned char)
 .text._ZN3I2C5writeEhhb
                0x00005dc4       0x3a ./component/r01lib/i2c.o
                0x00005dc4                I2C::write(unsigned char, unsigned char, bool)
 .text._ZN3I2C4readEhb
                0x00005dfe       0x38 ./component/r01lib/i2c.o
                0x00005dfe                I2C::read(unsigned char, bool)
 .text._ZN3I2C7ccc_setEhhh
                0x00005e36       0x26 ./component/r01lib/i2c.o
                0x00005e36                I2C::ccc_set(unsigned char, unsigned char, unsigned char)
 .text._ZN3I2C7ccc_getEhhPhh
                0x00005e5c       0x28 ./component/r01lib/i2c.o
                0x00005e5c                I2C::ccc_get(unsigned char, unsigned char, unsigned char*, unsigned char)
 .text.GPIO_PinWrite
                0x00005e84       0x34 ./component/r01lib/io.o
 .text._ZN12DigitalInOutD2Ev
                0x00005eb8       0x14 ./component/r01lib/io.o
                0x00005eb8                DigitalInOut::~DigitalInOut()
                0x00005eb8                DigitalInOut::~DigitalInOut()
 .text._ZN10DigitalOutC2Ehb
                0x00005ecc       0x26 ./component/r01lib/io.o
                0x00005ecc                DigitalOut::DigitalOut(unsigned char, bool)
                0x00005ecc                DigitalOut::DigitalOut(unsigned char, bool)
 .text._ZN10DigitalOutD2Ev
                0x00005ef2       0x1a ./component/r01lib/io.o
                0x00005ef2                DigitalOut::~DigitalOut()
                0x00005ef2                DigitalOut::~DigitalOut()
 .text.GPIO0_IRQHandler
                0x00005f0c        0xe ./component/r01lib/irq.o
                0x00005f0c                GPIO0_IRQHandler
 .text.GPIO1_IRQHandler
                0x00005f1a        0xe ./component/r01lib/irq.o
                0x00005f1a                GPIO1_IRQHandler
 .text.GPIO2_IRQHandler
                0x00005f28        0xe ./component/r01lib/irq.o
                0x00005f28                GPIO2_IRQHandler
 .text.GPIO3_IRQHandler
                0x00005f36        0xe ./component/r01lib/irq.o
                0x00005f36                GPIO3_IRQHandler
 .text.HardFault_Handler
                0x00005f44       0x36 ./component/r01lib/semihost_hardfault.o
                0x00005f44                HardFault_Handler
 .text.DbgConsole_Init
                0x00005f7a       0x1e ./board/board.o
 .text.BOARD_InitBootClocks
                0x00005f98        0xc ./board/clock_config.o
                0x00005f98                BOARD_InitBootClocks
 .text.RESET_ReleasePeripheralReset
                0x00005fa4       0x1a ./board/pin_mux.o
 .text.PORT_SetPinMux
                0x00005fbe       0x3c ./board/pin_mux.o
 .text.__cvt    0x00005ffa       0xce /Applications/MCUXpressoIDE_11.9.0_2144/ide/plugins/com.nxp.mcuxpresso.tools.macosx_11.9.0.202307121226/tools/bin/../lib/gcc/arm-none-eabi/12.3.1/../../../../arm-none-eabi/lib/thumb/v8-m.main/nofp/libc_nano.a(libc_a-nano-vfprintf_float.o)
                0x00005ffa                __cvt
 .text.__exponent
                0x000060c8       0x72 /Applications/MCUXpressoIDE_11.9.0_2144/ide/plugins/com.nxp.mcuxpresso.tools.macosx_11.9.0.202307121226/tools/bin/../lib/gcc/arm-none-eabi/12.3.1/../../../../arm-none-eabi/lib/thumb/v8-m.main/nofp/libc_nano.a(libc_a-nano-vfprintf_float.o)
                0x000060c8                __exponent
 .text._printf_common
                0x0000613a       0xe4 /Applications/MCUXpressoIDE_11.9.0_2144/ide/plugins/com.nxp.mcuxpresso.tools.macosx_11.9.0.202307121226/tools/bin/../lib/gcc/arm-none-eabi/12.3.1/../../../../arm-none-eabi/lib/thumb/v8-m.main/nofp/libc_nano.a(libc_a-nano-vfprintf_i.o)
                0x0000613a                _printf_common
 .text.memset   0x0000621e       0x10 /Applications/MCUXpressoIDE_11.9.0_2144/ide/plugins/com.nxp.mcuxpresso.tools.macosx_11.9.0.202307121226/tools/bin/../lib/gcc/arm-none-eabi/12.3.1/../../../../arm-none-eabi/lib/thumb/v8-m.main/nofp/libc_nano.a(libc_a-memset.o)
                0x0000621e                memset
 .text.__retarget_lock_init_recursive
                0x0000622e        0x2 /Applications/MCUXpressoIDE_11.9.0_2144/ide/plugins/com.nxp.mcuxpresso.tools.macosx_11.9.0.202307121226/tools/bin/../lib/gcc/arm-none-eabi/12.3.1/../../../../arm-none-eabi/lib/thumb/v8-m.main/nofp/libc_nano.a(libc_a-lock.o)
                0x0000622e                __retarget_lock_init_recursive
 .text.__retarget_lock_acquire_recursive
                0x00006230        0x2 /Applications/MCUXpressoIDE_11.9.0_2144/ide/plugins/com.nxp.mcuxpresso.tools.macosx_11.9.0.202307121226/tools/bin/../lib/gcc/arm-none-eabi/12.3.1/../../../../arm-none-eabi/lib/thumb/v8-m.main/nofp/libc_nano.a(libc_a-lock.o)
                0x00006230                __retarget_lock_acquire_recursive
 .text.__retarget_lock_release_recursive
                0x00006232        0x2 /Applications/MCUXpressoIDE_11.9.0_2144/ide/plugins/com.nxp.mcuxpresso.tools.macosx_11.9.0.202307121226/tools/bin/../lib/gcc/arm-none-eabi/12.3.1/../../../../arm-none-eabi/lib/thumb/v8-m.main/nofp/libc_nano.a(libc_a-lock.o)
                0x00006232                __retarget_lock_release_recursive
 .text.memchr   0x00006234       0x1c /Applications/MCUXpressoIDE_11.9.0_2144/ide/plugins/com.nxp.mcuxpresso.tools.macosx_11.9.0.202307121226/tools/bin/../lib/gcc/arm-none-eabi/12.3.1/../../../../arm-none-eabi/lib/thumb/v8-m.main/nofp/libc_nano.a(libc_a-memchr-stub.o)
                0x00006234                memchr
 .text.memcpy   0x00006250       0x1a /Applications/MCUXpressoIDE_11.9.0_2144/ide/plugins/com.nxp.mcuxpresso.tools.macosx_11.9.0.202307121226/tools/bin/../lib/gcc/arm-none-eabi/12.3.1/../../../../arm-none-eabi/lib/thumb/v8-m.main/nofp/libc_nano.a(libc_a-memcpy-stub.o)
                0x00006250                memcpy
 .text          0x0000626a       0x10 /Applications/MCUXpressoIDE_11.9.0_2144/ide/plugins/com.nxp.mcuxpresso.tools.macosx_11.9.0.202307121226/tools/bin/../lib/gcc/arm-none-eabi/12.3.1/../../../../arm-none-eabi/lib/thumb/v8-m.main/nofp/libc_nano.a(libc_a-strlen.o)
                0x0000626a                strlen
 .text.quorem   0x0000627a      0x11a /Applications/MCUXpressoIDE_11.9.0_2144/ide/plugins/com.nxp.mcuxpresso.tools.macosx_11.9.0.202307121226/tools/bin/../lib/gcc/arm-none-eabi/12.3.1/../../../../arm-none-eabi/lib/thumb/v8-m.main/nofp/libc_nano.a(libc_a-dtoa.o)
 .text.__sfputc_r
                0x00006394       0x2a /Applications/MCUXpressoIDE_11.9.0_2144/ide/plugins/com.nxp.mcuxpresso.tools.macosx_11.9.0.202307121226/tools/bin/../lib/gcc/arm-none-eabi/12.3.1/../../../../arm-none-eabi/lib/thumb/v8-m.main/nofp/libc_nano.a(libc_a-nano-vfprintf.o)
 .text.__sfputs_r
                0x000063be       0x24 /Applications/MCUXpressoIDE_11.9.0_2144/ide/plugins/com.nxp.mcuxpresso.tools.macosx_11.9.0.202307121226/tools/bin/../lib/gcc/arm-none-eabi/12.3.1/../../../../arm-none-eabi/lib/thumb/v8-m.main/nofp/libc_nano.a(libc_a-nano-vfprintf.o)
                0x000063be                __sfputs_r
 .text.__hi0bits
                0x000063e2       0x44 /Applications/MCUXpressoIDE_11.9.0_2144/ide/plugins/com.nxp.mcuxpresso.tools.macosx_11.9.0.202307121226/tools/bin/../lib/gcc/arm-none-eabi/12.3.1/../../../../arm-none-eabi/lib/thumb/v8-m.main/nofp/libc_nano.a(libc_a-mprec.o)
                0x000063e2                __hi0bits
 .text.__lo0bits
                0x00006426       0x5a /Applications/MCUXpressoIDE_11.9.0_2144/ide/plugins/com.nxp.mcuxpresso.tools.macosx_11.9.0.202307121226/tools/bin/../lib/gcc/arm-none-eabi/12.3.1/../../../../arm-none-eabi/lib/thumb/v8-m.main/nofp/libc_nano.a(libc_a-mprec.o)
                0x00006426                __lo0bits
 .text.__mcmp   0x00006480       0x36 /Applications/MCUXpressoIDE_11.9.0_2144/ide/plugins/com.nxp.mcuxpresso.tools.macosx_11.9.0.202307121226/tools/bin/../lib/gcc/arm-none-eabi/12.3.1/../../../../arm-none-eabi/lib/thumb/v8-m.main/nofp/libc_nano.a(libc_a-mprec.o)
                0x00006480                __mcmp
 .text._fwalk_sglue
                0x000064b6       0x3c /Applications/MCUXpressoIDE_11.9.0_2144/ide/plugins/com.nxp.mcuxpresso.tools.macosx_11.9.0.202307121226/tools/bin/../lib/gcc/arm-none-eabi/12.3.1/../../../../arm-none-eabi/lib/thumb/v8-m.main/nofp/libc_nano.a(libc_a-fwalk.o)
                0x000064b6                _fwalk_sglue
 .text.__swbuf_r
                0x000064f2       0x7c /Applications/MCUXpressoIDE_11.9.0_2144/ide/plugins/com.nxp.mcuxpresso.tools.macosx_11.9.0.202307121226/tools/bin/../lib/gcc/arm-none-eabi/12.3.1/../../../../arm-none-eabi/lib/thumb/v8-m.main/nofp/libc_nano.a(libc_a-wbuf.o)
                0x000064f2                __swbuf_r
 .text.__swhatbuf_r
                0x0000656e       0x4a /Applications/MCUXpressoIDE_11.9.0_2144/ide/plugins/com.nxp.mcuxpresso.tools.macosx_11.9.0.202307121226/tools/bin/../lib/gcc/arm-none-eabi/12.3.1/../../../../arm-none-eabi/lib/thumb/v8-m.main/nofp/libc_nano.a(libc_a-makebuf.o)
                0x0000656e                __swhatbuf_r
 .text.__smakebuf_r
                0x000065b8       0x78 /Applications/MCUXpressoIDE_11.9.0_2144/ide/plugins/com.nxp.mcuxpresso.tools.macosx_11.9.0.202307121226/tools/bin/../lib/gcc/arm-none-eabi/12.3.1/../../../../arm-none-eabi/lib/thumb/v8-m.main/nofp/libc_nano.a(libc_a-makebuf.o)
                0x000065b8                __smakebuf_r
 .text._calloc_r
                0x00006630       0x28 /Applications/MCUXpressoIDE_11.9.0_2144/ide/plugins/com.nxp.mcuxpresso.tools.macosx_11.9.0.202307121226/tools/bin/../lib/gcc/arm-none-eabi/12.3.1/../../../../arm-none-eabi/lib/thumb/v8-m.main/nofp/libc_nano.a(libc_a-callocr.o)
                0x00006630                _calloc_r
 .text.__ascii_mbtowc
                0x00006658       0x24 /Applications/MCUXpressoIDE_11.9.0_2144/ide/plugins/com.nxp.mcuxpresso.tools.macosx_11.9.0.202307121226/tools/bin/../lib/gcc/arm-none-eabi/12.3.1/../../../../arm-none-eabi/lib/thumb/v8-m.main/nofp/libc_nano.a(libc_a-mbtowc_r.o)
                0x00006658                __ascii_mbtowc
 .text.__sflush_r
                0x0000667c       0xfe /Applications/MCUXpressoIDE_11.9.0_2144/ide/plugins/com.nxp.mcuxpresso.tools.macosx_11.9.0.202307121226/tools/bin/../lib/gcc/arm-none-eabi/12.3.1/../../../../arm-none-eabi/lib/thumb/v8-m.main/nofp/libc_nano.a(libc_a-fflush.o)
                0x0000667c                __sflush_r
 .text._fflush_r
                0x0000677a       0x50 /Applications/MCUXpressoIDE_11.9.0_2144/ide/plugins/com.nxp.mcuxpresso.tools.macosx_11.9.0.202307121226/tools/bin/../lib/gcc/arm-none-eabi/12.3.1/../../../../arm-none-eabi/lib/thumb/v8-m.main/nofp/libc_nano.a(libc_a-fflush.o)
                0x0000677a                _fflush_r
 .text.__sread  0x000067ca       0x22 /Applications/MCUXpressoIDE_11.9.0_2144/ide/plugins/com.nxp.mcuxpresso.tools.macosx_11.9.0.202307121226/tools/bin/../lib/gcc/arm-none-eabi/12.3.1/../../../../arm-none-eabi/lib/thumb/v8-m.main/nofp/libc_nano.a(libc_a-stdio.o)
                0x000067ca                __sread
 .text.__swrite
                0x000067ec       0x38 /Applications/MCUXpressoIDE_11.9.0_2144/ide/plugins/com.nxp.mcuxpresso.tools.macosx_11.9.0.202307121226/tools/bin/../lib/gcc/arm-none-eabi/12.3.1/../../../../arm-none-eabi/lib/thumb/v8-m.main/nofp/libc_nano.a(libc_a-stdio.o)
                0x000067ec                __swrite
 .text.__sseek  0x00006824       0x24 /Applications/MCUXpressoIDE_11.9.0_2144/ide/plugins/com.nxp.mcuxpresso.tools.macosx_11.9.0.202307121226/tools/bin/../lib/gcc/arm-none-eabi/12.3.1/../../../../arm-none-eabi/lib/thumb/v8-m.main/nofp/libc_nano.a(libc_a-stdio.o)
                0x00006824                __sseek
 .text.__sclose
                0x00006848        0x8 /Applications/MCUXpressoIDE_11.9.0_2144/ide/plugins/com.nxp.mcuxpresso.tools.macosx_11.9.0.202307121226/tools/bin/../lib/gcc/arm-none-eabi/12.3.1/../../../../arm-none-eabi/lib/thumb/v8-m.main/nofp/libc_nano.a(libc_a-stdio.o)
                0x00006848                __sclose
 .text.__ascii_wctomb
                0x00006850       0x1a /Applications/MCUXpressoIDE_11.9.0_2144/ide/plugins/com.nxp.mcuxpresso.tools.macosx_11.9.0.202307121226/tools/bin/../lib/gcc/arm-none-eabi/12.3.1/../../../../arm-none-eabi/lib/thumb/v8-m.main/nofp/libc_nano.a(libc_a-wctomb_r.o)
                0x00006850                __ascii_wctomb
 .text.error    0x0000686a       0x1c /Applications/MCUXpressoIDE_11.9.0_2144/ide/plugins/com.nxp.mcuxpresso.tools.macosx_11.9.0.202307121226/tools/bin/../lib/gcc/arm-none-eabi/12.3.1/../../../../arm-none-eabi/lib/thumb/v8-m.main/nofp/libcr_newlib_semihost.a(syscalls.o)
 .text.checkerror
                0x00006886        0xa /Applications/MCUXpressoIDE_11.9.0_2144/ide/plugins/com.nxp.mcuxpresso.tools.macosx_11.9.0.202307121226/tools/bin/../lib/gcc/arm-none-eabi/12.3.1/../../../../arm-none-eabi/lib/thumb/v8-m.main/nofp/libcr_newlib_semihost.a(syscalls.o)
 .text._swiread
                0x00006890       0x20 /Applications/MCUXpressoIDE_11.9.0_2144/ide/plugins/com.nxp.mcuxpresso.tools.macosx_11.9.0.202307121226/tools/bin/../lib/gcc/arm-none-eabi/12.3.1/../../../../arm-none-eabi/lib/thumb/v8-m.main/nofp/libcr_newlib_semihost.a(syscalls.o)
                0x00006890                _swiread
 .text._read    0x000068b0       0x34 /Applications/MCUXpressoIDE_11.9.0_2144/ide/plugins/com.nxp.mcuxpresso.tools.macosx_11.9.0.202307121226/tools/bin/../lib/gcc/arm-none-eabi/12.3.1/../../../../arm-none-eabi/lib/thumb/v8-m.main/nofp/libcr_newlib_semihost.a(syscalls.o)
                0x000068b0                _read
 .text._swilseek
                0x000068e4       0x78 /Applications/MCUXpressoIDE_11.9.0_2144/ide/plugins/com.nxp.mcuxpresso.tools.macosx_11.9.0.202307121226/tools/bin/../lib/gcc/arm-none-eabi/12.3.1/../../../../arm-none-eabi/lib/thumb/v8-m.main/nofp/libcr_newlib_semihost.a(syscalls.o)
                0x000068e4                _swilseek
 .text._lseek   0x0000695c        0x4 /Applications/MCUXpressoIDE_11.9.0_2144/ide/plugins/com.nxp.mcuxpresso.tools.macosx_11.9.0.202307121226/tools/bin/../lib/gcc/arm-none-eabi/12.3.1/../../../../arm-none-eabi/lib/thumb/v8-m.main/nofp/libcr_newlib_semihost.a(syscalls.o)
                0x0000695c                _lseek
 .text._swiwrite
                0x00006960       0x20 /Applications/MCUXpressoIDE_11.9.0_2144/ide/plugins/com.nxp.mcuxpresso.tools.macosx_11.9.0.202307121226/tools/bin/../lib/gcc/arm-none-eabi/12.3.1/../../../../arm-none-eabi/lib/thumb/v8-m.main/nofp/libcr_newlib_semihost.a(syscalls.o)
                0x00006960                _swiwrite
 .text._write   0x00006980       0x40 /Applications/MCUXpressoIDE_11.9.0_2144/ide/plugins/com.nxp.mcuxpresso.tools.macosx_11.9.0.202307121226/tools/bin/../lib/gcc/arm-none-eabi/12.3.1/../../../../arm-none-eabi/lib/thumb/v8-m.main/nofp/libcr_newlib_semihost.a(syscalls.o)
                0x00006980                _write
 .text._swiclose
                0x000069c0       0x1a /Applications/MCUXpressoIDE_11.9.0_2144/ide/plugins/com.nxp.mcuxpresso.tools.macosx_11.9.0.202307121226/tools/bin/../lib/gcc/arm-none-eabi/12.3.1/../../../../arm-none-eabi/lib/thumb/v8-m.main/nofp/libcr_newlib_semihost.a(syscalls.o)
                0x000069c0                _swiclose
 .text._swistat
                0x000069da       0x42 /Applications/MCUXpressoIDE_11.9.0_2144/ide/plugins/com.nxp.mcuxpresso.tools.macosx_11.9.0.202307121226/tools/bin/../lib/gcc/arm-none-eabi/12.3.1/../../../../arm-none-eabi/lib/thumb/v8-m.main/nofp/libcr_newlib_semihost.a(syscalls.o)
                0x000069da                _swistat
 .text._fstat   0x00006a1c       0x1c /Applications/MCUXpressoIDE_11.9.0_2144/ide/plugins/com.nxp.mcuxpresso.tools.macosx_11.9.0.202307121226/tools/bin/../lib/gcc/arm-none-eabi/12.3.1/../../../../arm-none-eabi/lib/thumb/v8-m.main/nofp/libcr_newlib_semihost.a(syscalls.o)
                0x00006a1c                _fstat
 .text._isatty  0x00006a38       0x2a /Applications/MCUXpressoIDE_11.9.0_2144/ide/plugins/com.nxp.mcuxpresso.tools.macosx_11.9.0.202307121226/tools/bin/../lib/gcc/arm-none-eabi/12.3.1/../../../../arm-none-eabi/lib/thumb/v8-m.main/nofp/libcr_newlib_semihost.a(syscalls.o)
                0x00006a38                _isatty
 *(SORT_BY_ALIGNMENT(.rodata) SORT_BY_ALIGNMENT(.rodata.*) SORT_BY_ALIGNMENT(.constdata) SORT_BY_ALIGNMENT(.constdata.*))
 *fill*         0x00006a62        0x6 ff
 .rodata.__mprec_bigtens
                0x00006a68       0x28 /Applications/MCUXpressoIDE_11.9.0_2144/ide/plugins/com.nxp.mcuxpresso.tools.macosx_11.9.0.202307121226/tools/bin/../lib/gcc/arm-none-eabi/12.3.1/../../../../arm-none-eabi/lib/thumb/v8-m.main/nofp/libc_nano.a(libc_a-mprec.o)
                0x00006a68                __mprec_bigtens
 .rodata.__mprec_tens
                0x00006a90       0xc8 /Applications/MCUXpressoIDE_11.9.0_2144/ide/plugins/com.nxp.mcuxpresso.tools.macosx_11.9.0.202307121226/tools/bin/../lib/gcc/arm-none-eabi/12.3.1/../../../../arm-none-eabi/lib/thumb/v8-m.main/nofp/libc_nano.a(libc_a-mprec.o)
                0x00006a90                __mprec_tens
 .rodata.__assert_func.str1.4
                0x00006b58       0x3e ./utilities/fsl_assert.o
 *fill*         0x00006b96        0x2 ff
 .rodata._Z9start_mcuv.str1.4
                0x00006b98       0x27 ./source/main.o
 *fill*         0x00006bbf        0x1 ff
 .rodata.main.str1.4
                0x00006bc0        0x6 ./source/main.o
 *fill*         0x00006bc6        0x2 ff
 .rodata.CLOCK_SetClockSelect.str1.4
                0x00006bc8       0x28 ./drivers/fsl_clock.o
 .rodata.CLOCK_SetClockDiv.str1.4
                0x00006bf0       0x1a ./drivers/fsl_clock.o
 *fill*         0x00006c0a        0x2 ff
 .rodata.__func__.4
                0x00006c0c       0x15 ./drivers/fsl_clock.o
 *fill*         0x00006c21        0x3 ff
 .rodata.__func__.2
                0x00006c24       0x12 ./drivers/fsl_clock.o
 *fill*         0x00006c36        0x2 ff
 .rodata.MSDK_EnableCpuCycleCounter.str1.4
                0x00006c38       0x51 ./drivers/fsl_common_arm.o
 *fill*         0x00006c89        0x3 ff
 .rodata.SDK_DelayAtLeastUs.str1.4
                0x00006c8c       0x14 ./drivers/fsl_common_arm.o
 .rodata.__func__.0
                0x00006ca0       0x13 ./drivers/fsl_common_arm.o
 *fill*         0x00006cb3        0x1 ff
 .rodata.GPIO_PinInit.str1.4
                0x00006cb4       0x1b ./drivers/fsl_gpio.o
 *fill*         0x00006ccf        0x1 ff
 .rodata.__func__.0
                0x00006cd0        0xd ./drivers/fsl_gpio.o
 *fill*         0x00006cdd        0x3 ff
 .rodata.LPI2C_GetInstance.str1.4
                0x00006ce0       0x30 ./drivers/fsl_lpi2c.o
 .rodata.LPI2C_GetCyclesForWidth.str1.4
                0x00006d10       0x14 ./drivers/fsl_lpi2c.o
 .rodata.LPI2C_MasterReceive.str1.4
                0x00006d24        0xf ./drivers/fsl_lpi2c.o
 *fill*         0x00006d33        0x1 ff
 .rodata.LPI2C_MasterSend.str1.4
                0x00006d34        0xf ./drivers/fsl_lpi2c.o
 *fill*         0x00006d43        0x1 ff
 .rodata.__func__.20
                0x00006d44       0x12 ./drivers/fsl_lpi2c.o
 *fill*         0x00006d56        0x2 ff
 .rodata.__func__.19
                0x00006d58       0x18 ./drivers/fsl_lpi2c.o
 .rodata.__func__.18
                0x00006d70       0x14 ./drivers/fsl_lpi2c.o
 .rodata.__func__.17
                0x00006d84       0x11 ./drivers/fsl_lpi2c.o
 *fill*         0x00006d95        0x3 ff
 .rodata.LPSPI_GetInstance.str1.4
                0x00006d98       0x30 ./drivers/fsl_lpspi.o
 .rodata.LPSPI0_DriverIRQHandler.str1.4
                0x00006dc8       0x19 ./drivers/fsl_lpspi.o
 *fill*         0x00006de1        0x3 ff
 .rodata.LPSPI1_DriverIRQHandler.str1.4
                0x00006de4       0x19 ./drivers/fsl_lpspi.o
 *fill*         0x00006dfd        0x3 ff
 .rodata.__func__.1
                0x00006e00       0x18 ./drivers/fsl_lpspi.o
 .rodata.__func__.0
                0x00006e18       0x18 ./drivers/fsl_lpspi.o
 .rodata.RESET_SetPeripheralReset.str1.4
                0x00006e30       0x2a ./drivers/fsl_reset.o
 *fill*         0x00006e5a        0x2 ff
 .rodata.__func__.1
                0x00006e5c       0x19 ./drivers/fsl_reset.o
 *fill*         0x00006e75        0x3 ff
 .rodata.__func__.0
                0x00006e78       0x1b ./drivers/fsl_reset.o
 *fill*         0x00006e93        0x1 ff
 .rodata.SPC_GetPowerDomainLowPowerMode.str1.4
                0x00006e94       0x3a ./drivers/fsl_spc.o
 *fill*         0x00006ece        0x2 ff
 .rodata.SPC_SetLowPowerRequestConfig.str1.4
                0x00006ed0        0xf ./drivers/fsl_spc.o
 *fill*         0x00006edf        0x1 ff
 .rodata.SPC_SetActiveModeCoreLDORegulatorConfig.str1.4
                0x00006ee0        0xf ./drivers/fsl_spc.o
 *fill*         0x00006eef        0x1 ff
 .rodata.__func__.5
                0x00006ef0       0x1a ./drivers/fsl_spc.o
 *fill*         0x00006f0a        0x2 ff
 .rodata.__func__.2
                0x00006f0c       0x28 ./drivers/fsl_spc.o
 .rodata.UTICK_GetInstance.str1.4
                0x00006f34       0x30 ./drivers/fsl_utick.o
 .rodata.__func__.0
                0x00006f64       0x12 ./drivers/fsl_utick.o
 *fill*         0x00006f76        0x2 ff
 .rodata._ZTV3I2C
                0x00006f78       0x30 ./component/r01lib/i2c.o
                0x00006f78                vtable for I2C
 .rodata.PORT_SetPinConfig.str1.4
                0x00006fa8       0x4b ./board/pin_mux.o
                                 0x53 (size before relaxing)
 *fill*         0x00006ff3        0x1 ff
 .rodata.__func__.0
                0x00006ff4       0x12 ./board/pin_mux.o
 *fill*         0x00007006        0x2 ff
 .rodata.p05.0  0x00007008        0xc /Applications/MCUXpressoIDE_11.9.0_2144/ide/plugins/com.nxp.mcuxpresso.tools.macosx_11.9.0.202307121226/tools/bin/../lib/gcc/arm-none-eabi/12.3.1/../../../../arm-none-eabi/lib/thumb/v8-m.main/nofp/libc_nano.a(libc_a-mprec.o)
 .rodata._printf_float.str1.1
                0x00007014       0x12 /Applications/MCUXpressoIDE_11.9.0_2144/ide/plugins/com.nxp.mcuxpresso.tools.macosx_11.9.0.202307121226/tools/bin/../lib/gcc/arm-none-eabi/12.3.1/../../../../arm-none-eabi/lib/thumb/v8-m.main/nofp/libc_nano.a(libc_a-nano-vfprintf_float.o)
 .rodata._printf_i.str1.1
                0x00007026       0x22 /Applications/MCUXpressoIDE_11.9.0_2144/ide/plugins/com.nxp.mcuxpresso.tools.macosx_11.9.0.202307121226/tools/bin/../lib/gcc/arm-none-eabi/12.3.1/../../../../arm-none-eabi/lib/thumb/v8-m.main/nofp/libc_nano.a(libc_a-nano-vfprintf_i.o)
 .rodata._ctype_
                0x00007048      0x101 /Applications/MCUXpressoIDE_11.9.0_2144/ide/plugins/com.nxp.mcuxpresso.tools.macosx_11.9.0.202307121226/tools/bin/../lib/gcc/arm-none-eabi/12.3.1/../../../../arm-none-eabi/lib/thumb/v8-m.main/nofp/libc_nano.a(libc_a-ctype_.o)
                0x00007048                _ctype_
 .rodata._dtoa_r.str1.1
                0x00007149       0x96 /Applications/MCUXpressoIDE_11.9.0_2144/ide/plugins/com.nxp.mcuxpresso.tools.macosx_11.9.0.202307121226/tools/bin/../lib/gcc/arm-none-eabi/12.3.1/../../../../arm-none-eabi/lib/thumb/v8-m.main/nofp/libc_nano.a(libc_a-dtoa.o)
                                 0x98 (size before relaxing)
 .rodata._vfprintf_r.str1.1
                0x000071df       0x11 /Applications/MCUXpressoIDE_11.9.0_2144/ide/plugins/com.nxp.mcuxpresso.tools.macosx_11.9.0.202307121226/tools/bin/../lib/gcc/arm-none-eabi/12.3.1/../../../../arm-none-eabi/lib/thumb/v8-m.main/nofp/libc_nano.a(libc_a-nano-vfprintf.o)
 .rodata._Balloc.str1.1
                0x000071f0       0x62 /Applications/MCUXpressoIDE_11.9.0_2144/ide/plugins/com.nxp.mcuxpresso.tools.macosx_11.9.0.202307121226/tools/bin/../lib/gcc/arm-none-eabi/12.3.1/../../../../arm-none-eabi/lib/thumb/v8-m.main/nofp/libc_nano.a(libc_a-mprec.o)
                                 0x79 (size before relaxing)
 .rodata.__multadd.str1.1
                0x00007252       0x11 /Applications/MCUXpressoIDE_11.9.0_2144/ide/plugins/com.nxp.mcuxpresso.tools.macosx_11.9.0.202307121226/tools/bin/../lib/gcc/arm-none-eabi/12.3.1/../../../../arm-none-eabi/lib/thumb/v8-m.main/nofp/libc_nano.a(libc_a-mprec.o)
 .rodata._setlocale_r.str1.1
                0x00007252        0x8 /Applications/MCUXpressoIDE_11.9.0_2144/ide/plugins/com.nxp.mcuxpresso.tools.macosx_11.9.0.202307121226/tools/bin/../lib/gcc/arm-none-eabi/12.3.1/../../../../arm-none-eabi/lib/thumb/v8-m.main/nofp/libc_nano.a(libc_a-locale.o)
                                  0x9 (size before relaxing)
 .rodata.str1.1
                0x0000725a        0x2 /Applications/MCUXpressoIDE_11.9.0_2144/ide/plugins/com.nxp.mcuxpresso.tools.macosx_11.9.0.202307121226/tools/bin/../lib/gcc/arm-none-eabi/12.3.1/../../../../arm-none-eabi/lib/thumb/v8-m.main/nofp/libc_nano.a(libc_a-locale.o)
 .rodata.initialise_monitor_handles.part.0.str1.1
                0x0000725c        0x4 /Applications/MCUXpressoIDE_11.9.0_2144/ide/plugins/com.nxp.mcuxpresso.tools.macosx_11.9.0.202307121226/tools/bin/../lib/gcc/arm-none-eabi/12.3.1/../../../../arm-none-eabi/lib/thumb/v8-m.main/nofp/libcr_newlib_semihost.a(syscalls.o)
                0x00007264                        . = ALIGN (0x4)
                0x00007264                        . = ALIGN (0x4)
 *(.init)
 .init          0x00007260        0x4 /Applications/MCUXpressoIDE_11.9.0_2144/ide/plugins/com.nxp.mcuxpresso.tools.macosx_11.9.0.202307121226/tools/bin/../lib/gcc/arm-none-eabi/12.3.1/thumb/v8-m.main/nofp/crti.o
                0x00007260                _init
 .init          0x00007264        0x8 /Applications/MCUXpressoIDE_11.9.0_2144/ide/plugins/com.nxp.mcuxpresso.tools.macosx_11.9.0.202307121226/tools/bin/../lib/gcc/arm-none-eabi/12.3.1/thumb/v8-m.main/nofp/crtn.o
                0x0000726c                        . = ALIGN (0x4)
                0x0000726c                        __preinit_array_start = .
 *(SORT_BY_ALIGNMENT(.preinit_array))
                0x0000726c                        __preinit_array_end = .
                0x0000726c                        . = ALIGN (0x4)
                0x0000726c                        __init_array_start = .
 *(SORT_BY_NAME(SORT_BY_ALIGNMENT(.init_array.*)))
 *(SORT_BY_ALIGNMENT(.init_array))
 .init_array    0x0000726c        0x8 ./source/main.o
 .init_array    0x00007274        0x4 /Applications/MCUXpressoIDE_11.9.0_2144/ide/plugins/com.nxp.mcuxpresso.tools.macosx_11.9.0.202307121226/tools/bin/../lib/gcc/arm-none-eabi/12.3.1/thumb/v8-m.main/nofp/crtbegin.o
                0x00007278                        __init_array_end = .
 *(.fini)
 .fini          0x00007278        0x4 /Applications/MCUXpressoIDE_11.9.0_2144/ide/plugins/com.nxp.mcuxpresso.tools.macosx_11.9.0.202307121226/tools/bin/../lib/gcc/arm-none-eabi/12.3.1/thumb/v8-m.main/nofp/crti.o
                0x00007278                _fini
 .fini          0x0000727c        0x8 /Applications/MCUXpressoIDE_11.9.0_2144/ide/plugins/com.nxp.mcuxpresso.tools.macosx_11.9.0.202307121226/tools/bin/../lib/gcc/arm-none-eabi/12.3.1/thumb/v8-m.main/nofp/crtn.o
                0x00007284                        . = ALIGN (0x4)
 *crtbegin.o(SORT_BY_ALIGNMENT(.ctors))
 *(SORT_BY_ALIGNMENT(EXCLUDE_FILE(*crtend.o) .ctors))
 *(SORT_BY_NAME(SORT_BY_ALIGNMENT(.ctors.*)))
 *crtend.o(SORT_BY_ALIGNMENT(.ctors))
                0x00007284                        . = ALIGN (0x4)
 *crtbegin.o(SORT_BY_ALIGNMENT(.dtors))
 *(SORT_BY_ALIGNMENT(EXCLUDE_FILE(*crtend.o) .dtors))
 *(SORT_BY_NAME(SORT_BY_ALIGNMENT(.dtors.*)))
 *crtend.o(SORT_BY_ALIGNMENT(.dtors))
                0x00007284                        . = ALIGN (0x4)

.glue_7         0x00007284        0x0
 .glue_7        0x00007284        0x0 linker stubs

.glue_7t        0x00007284        0x0
 .glue_7t       0x00007284        0x0 linker stubs

.vfp11_veneer   0x00007284        0x0
 .vfp11_veneer  0x00007284        0x0 linker stubs

.v4_bx          0x00007284        0x0
 .v4_bx         0x00007284        0x0 linker stubs

.iplt           0x00007284        0x0
 .iplt          0x00007284        0x0 ./utilities/fsl_assert.o

.ARM.extab
 *(SORT_BY_ALIGNMENT(.ARM.extab*) SORT_BY_ALIGNMENT(.gnu.linkonce.armextab.*))

.ARM.exidx      0x00007284        0x8
                0x00007284                        __exidx_start = .
 *(SORT_BY_ALIGNMENT(.ARM.exidx*) SORT_BY_ALIGNMENT(.gnu.linkonce.armexidx.*))
 .ARM.exidx.text.__udivmoddi4
                0x00007284        0x8 /Applications/MCUXpressoIDE_11.9.0_2144/ide/plugins/com.nxp.mcuxpresso.tools.macosx_11.9.0.202307121226/tools/bin/../lib/gcc/arm-none-eabi/12.3.1/thumb/v8-m.main/nofp/libgcc.a(_udivmoddi4.o)
 .ARM.exidx     0x0000728c        0x0 /Applications/MCUXpressoIDE_11.9.0_2144/ide/plugins/com.nxp.mcuxpresso.tools.macosx_11.9.0.202307121226/tools/bin/../lib/gcc/arm-none-eabi/12.3.1/../../../../arm-none-eabi/lib/thumb/v8-m.main/nofp/libc_nano.a(libc_a-strlen.o)
                                  0x8 (size before relaxing)
                0x0000728c                        __exidx_end = .
                0x0000728c                        _etext = .

.rel.dyn        0x0000728c        0x0
 .rel.iplt      0x0000728c        0x0 ./utilities/fsl_assert.o

.eh_frame       0x0000728c        0x0
 .eh_frame      0x0000728c        0x0 /Applications/MCUXpressoIDE_11.9.0_2144/ide/plugins/com.nxp.mcuxpresso.tools.macosx_11.9.0.202307121226/tools/bin/../lib/gcc/arm-none-eabi/12.3.1/thumb/v8-m.main/nofp/crtbegin.o

.data_RAM2      0x04000000        0x0 load address 0x0000728c
 FILL mask 0xff
                [!provide]                        PROVIDE (__start_data_RAM2 = .)
                [!provide]                        PROVIDE (__start_data_SRAMX0 = .)
 *(SORT_BY_ALIGNMENT(.ramfunc.$RAM2))
 *(SORT_BY_ALIGNMENT(.ramfunc.$SRAMX0))
 *(SORT_BY_ALIGNMENT(.data.$RAM2))
 *(SORT_BY_ALIGNMENT(.data.$SRAMX0))
 *(SORT_BY_ALIGNMENT(.data.$RAM2.*))
 *(SORT_BY_ALIGNMENT(.data.$SRAMX0.*))
                0x04000000                        . = ALIGN (0x4)
                [!provide]                        PROVIDE (__end_data_RAM2 = .)
                [!provide]                        PROVIDE (__end_data_SRAMX0 = .)

.data_RAM3      0x04002000        0x0 load address 0x0000728c
 FILL mask 0xff
                [!provide]                        PROVIDE (__start_data_RAM3 = .)
                [!provide]                        PROVIDE (__start_data_SRAMX1 = .)
 *(SORT_BY_ALIGNMENT(.ramfunc.$RAM3))
 *(SORT_BY_ALIGNMENT(.ramfunc.$SRAMX1))
 *(SORT_BY_ALIGNMENT(.data.$RAM3))
 *(SORT_BY_ALIGNMENT(.data.$SRAMX1))
 *(SORT_BY_ALIGNMENT(.data.$RAM3.*))
 *(SORT_BY_ALIGNMENT(.data.$SRAMX1.*))
                0x04002000                        . = ALIGN (0x4)
                [!provide]                        PROVIDE (__end_data_RAM3 = .)
                [!provide]                        PROVIDE (__end_data_SRAMX1 = .)

.uninit_RESERVED
                0x20000000        0x0
                0x20000000                        _start_uninit_RESERVED = .
 *(SORT_BY_ALIGNMENT(.bss.$RESERVED*))
                0x20000000                        . = ALIGN (0x4)
                0x20000000                        _end_uninit_RESERVED = .

.data           0x20000000      0x29c load address 0x0000728c
 FILL mask 0xff
                0x20000000                        _data = .
                [!provide]                        PROVIDE (__start_data_RAM = .)
                [!provide]                        PROVIDE (__start_data_SRAM = .)
 *(SORT_BY_ALIGNMENT(vtable))
 *(SORT_BY_ALIGNMENT(.ramfunc*))
 *(SORT_BY_ALIGNMENT(CodeQuickAccess))
 *(SORT_BY_ALIGNMENT(DataQuickAccess))
 *(SORT_BY_ALIGNMENT(RamFunction))
 *(SORT_BY_ALIGNMENT(.data*))
 .data.s_Ext_Clk_Freq
                0x20000000        0x4 ./drivers/fsl_clock.o
 .data.SystemCoreClock
                0x20000004        0x4 ./device/system_MCXA153.o
                0x20000004                SystemCoreClock
 .data._ZL8gpio_ptr
                0x20000008       0x10 ./component/r01lib/InterruptIn.o
 .data._ZL4pins
                0x20000018       0xb8 ./component/r01lib/io.o
 .data._impure_ptr
                0x200000d0        0x4 /Applications/MCUXpressoIDE_11.9.0_2144/ide/plugins/com.nxp.mcuxpresso.tools.macosx_11.9.0.202307121226/tools/bin/../lib/gcc/arm-none-eabi/12.3.1/../../../../arm-none-eabi/lib/thumb/v8-m.main/nofp/libc_nano.a(libc_a-impure.o)
                0x200000d0                _impure_ptr
 .data._impure_data
                0x200000d4       0x4c /Applications/MCUXpressoIDE_11.9.0_2144/ide/plugins/com.nxp.mcuxpresso.tools.macosx_11.9.0.202307121226/tools/bin/../lib/gcc/arm-none-eabi/12.3.1/../../../../arm-none-eabi/lib/thumb/v8-m.main/nofp/libc_nano.a(libc_a-impure.o)
                0x200000d4                _impure_data
 .data.__sglue  0x20000120        0xc /Applications/MCUXpressoIDE_11.9.0_2144/ide/plugins/com.nxp.mcuxpresso.tools.macosx_11.9.0.202307121226/tools/bin/../lib/gcc/arm-none-eabi/12.3.1/../../../../arm-none-eabi/lib/thumb/v8-m.main/nofp/libc_nano.a(libc_a-findfp.o)
                0x20000120                __sglue
 .data.__global_locale
                0x2000012c      0x16c /Applications/MCUXpressoIDE_11.9.0_2144/ide/plugins/com.nxp.mcuxpresso.tools.macosx_11.9.0.202307121226/tools/bin/../lib/gcc/arm-none-eabi/12.3.1/../../../../arm-none-eabi/lib/thumb/v8-m.main/nofp/libc_nano.a(libc_a-locale.o)
                0x2000012c                __global_locale
 .data.__dso_handle
                0x20000298        0x4 /Applications/MCUXpressoIDE_11.9.0_2144/ide/plugins/com.nxp.mcuxpresso.tools.macosx_11.9.0.202307121226/tools/bin/../lib/gcc/arm-none-eabi/12.3.1/thumb/v8-m.main/nofp/crtbegin.o
                0x20000298                __dso_handle
                0x2000029c                        . = ALIGN (0x4)
                0x2000029c                        _edata = .
                [!provide]                        PROVIDE (__end_data_RAM = .)
                [!provide]                        PROVIDE (__end_data_SRAM = .)

.igot.plt       0x2000029c        0x0 load address 0x00007528
 .igot.plt      0x2000029c        0x0 ./utilities/fsl_assert.o

.tm_clone_table
                0x2000029c        0x0 load address 0x00007528
 .tm_clone_table
                0x2000029c        0x0 /Applications/MCUXpressoIDE_11.9.0_2144/ide/plugins/com.nxp.mcuxpresso.tools.macosx_11.9.0.202307121226/tools/bin/../lib/gcc/arm-none-eabi/12.3.1/thumb/v8-m.main/nofp/crtbegin.o
 .tm_clone_table
                0x2000029c        0x0 /Applications/MCUXpressoIDE_11.9.0_2144/ide/plugins/com.nxp.mcuxpresso.tools.macosx_11.9.0.202307121226/tools/bin/../lib/gcc/arm-none-eabi/12.3.1/thumb/v8-m.main/nofp/crtend.o

.bss_RAM2       0x04000000        0x0
                [!provide]                        PROVIDE (__start_bss_RAM2 = .)
                [!provide]                        PROVIDE (__start_bss_SRAMX0 = .)
 *(SORT_BY_ALIGNMENT(.bss.$RAM2))
 *(SORT_BY_ALIGNMENT(.bss.$SRAMX0))
 *(SORT_BY_ALIGNMENT(.bss.$RAM2.*))
 *(SORT_BY_ALIGNMENT(.bss.$SRAMX0.*))
                0x04000000                        . = ALIGN ((. != 0x0)?0x4:0x1)
                [!provide]                        PROVIDE (__end_bss_RAM2 = .)
                [!provide]                        PROVIDE (__end_bss_SRAMX0 = .)

.bss_RAM3       0x04002000        0x0
                [!provide]                        PROVIDE (__start_bss_RAM3 = .)
                [!provide]                        PROVIDE (__start_bss_SRAMX1 = .)
 *(SORT_BY_ALIGNMENT(.bss.$RAM3))
 *(SORT_BY_ALIGNMENT(.bss.$SRAMX1))
 *(SORT_BY_ALIGNMENT(.bss.$RAM3.*))
 *(SORT_BY_ALIGNMENT(.bss.$SRAMX1.*))
                0x04002000                        . = ALIGN ((. != 0x0)?0x4:0x1)
                [!provide]                        PROVIDE (__end_bss_RAM3 = .)
                [!provide]                        PROVIDE (__end_bss_SRAMX1 = .)

.bss            0x2000029c      0x410
                0x2000029c                        _bss = .
                [!provide]                        PROVIDE (__start_bss_RAM = .)
                [!provide]                        PROVIDE (__start_bss_SRAM = .)
 *(SORT_BY_ALIGNMENT(.bss*))
 .bss.i2c       0x2000029c        0x8 ./source/main.o
                0x2000029c                i2c
 .bss.rst       0x200002a4        0xc ./source/main.o
                0x200002a4                rst
 .bss.oe        0x200002b0        0xc ./source/main.o
                0x200002b0                oe
 .bss.s_i3cMasterIsr
                0x200002bc        0x4 ./drivers/fsl_i3c.o
                0x200002bc                s_i3cMasterIsr
 .bss.s_i3cMasterHandle
                0x200002c0        0x4 ./drivers/fsl_i3c.o
                0x200002c0                s_i3cMasterHandle
 .bss.s_i3cSlaveIsr
                0x200002c4        0x4 ./drivers/fsl_i3c.o
                0x200002c4                s_i3cSlaveIsr
 .bss.s_i3cSlaveHandle
                0x200002c8        0x4 ./drivers/fsl_i3c.o
                0x200002c8                s_i3cSlaveHandle
 .bss.s_lpi2cMasterIsr
                0x200002cc        0x4 ./drivers/fsl_lpi2c.o
                0x200002cc                s_lpi2cMasterIsr
 .bss.s_lpi2cMasterHandle
                0x200002d0        0x4 ./drivers/fsl_lpi2c.o
                0x200002d0                s_lpi2cMasterHandle
 .bss.s_lpi2cSlaveIsr
                0x200002d4        0x4 ./drivers/fsl_lpi2c.o
 .bss.s_lpi2cSlaveHandle
                0x200002d8        0x4 ./drivers/fsl_lpi2c.o
 .bss.s_lpspiHandle
                0x200002dc        0x8 ./drivers/fsl_lpspi.o
 .bss.s_lpspiMasterIsr
                0x200002e4        0x4 ./drivers/fsl_lpspi.o
 .bss.s_lpspiSlaveIsr
                0x200002e8        0x4 ./drivers/fsl_lpspi.o
 .bss.s_lpuartHandle
                0x200002ec        0xc ./drivers/fsl_lpuart.o
                0x200002ec                s_lpuartHandle
 .bss.s_lpuartIsr
                0x200002f8        0xc ./drivers/fsl_lpuart.o
                0x200002f8                s_lpuartIsr
 .bss.s_utickHandle
                0x20000304        0x4 ./drivers/fsl_utick.o
 .bss.s_utickIsr
                0x20000308        0x4 ./drivers/fsl_utick.o
 .bss.cb_table  0x2000030c      0x200 ./component/r01lib/InterruptIn.o
                0x2000030c                cb_table
 .bss.__malloc_sbrk_start
                0x2000050c        0x4 /Applications/MCUXpressoIDE_11.9.0_2144/ide/plugins/com.nxp.mcuxpresso.tools.macosx_11.9.0.202307121226/tools/bin/../lib/gcc/arm-none-eabi/12.3.1/../../../../arm-none-eabi/lib/thumb/v8-m.main/nofp/libc_nano.a(libc_a-mallocr.o)
                0x2000050c                __malloc_sbrk_start
 .bss.__malloc_free_list
                0x20000510        0x4 /Applications/MCUXpressoIDE_11.9.0_2144/ide/plugins/com.nxp.mcuxpresso.tools.macosx_11.9.0.202307121226/tools/bin/../lib/gcc/arm-none-eabi/12.3.1/../../../../arm-none-eabi/lib/thumb/v8-m.main/nofp/libc_nano.a(libc_a-mallocr.o)
                0x20000510                __malloc_free_list