/Users/tedd/dev/mcuxpresso/i3c/mcxA_ARD_PCA9955B_simple/drivers/fsl_common_arm.h:732:24:DisableGlobalIRQ	16	static
/Users/tedd/dev/mcuxpresso/i3c/mcxA_ARD_PCA9955B_simple/drivers/fsl_common_arm.h:758:20:EnableGlobalIRQ	24	static
../component/serial_manager/fsl_component_serial_manager.c:426:32:SerialManager_StartWriting	32	static
../component/serial_manager/fsl_component_serial_manager.c:488:32:SerialManager_StartReading	32	static
../component/serial_manager/fsl_component_serial_manager.c:1236:32:SerialManager_Write	32	static
../component/serial_manager/fsl_component_serial_manager.c:1253:32:SerialManager_Read	32	static
../component/serial_manager/fsl_component_serial_manager.c:1271:25:SerialManager_Init	24	static
../component/serial_manager/fsl_component_serial_manager.c:1476:25:SerialManager_Deinit	24	static
../component/serial_manager/fsl_component_serial_manager.c:1555:25:SerialManager_OpenWriteHandle	32	static
../component/serial_manager/fsl_component_serial_manager.c:1592:25:SerialManager_CloseWriteHandle	32	static
../component/serial_manager/fsl_component_serial_manager.c:1626:25:SerialManager_OpenReadHandle	32	static
../component/serial_manager/fsl_component_serial_manager.c:1666:25:SerialManager_CloseReadHandle	32	static
../component/serial_manager/fsl_component_serial_manager.c:1698:25:SerialManager_WriteBlocking	24	static
../component/serial_manager/fsl_component_serial_manager.c:1707:25:SerialManager_ReadBlocking	24	static
../component/serial_manager/fsl_component_serial_manager.c:1954:25:SerialManager_EnterLowpower	24	static
../component/serial_manager/fsl_component_serial_manager.c:2010:25:SerialManager_ExitLowpower	24	static
../component/serial_manager/fsl_component_serial_manager.c:2074:6:SerialManager_SetLowpowerCriticalCb	16	static
