/Users/tedd/dev/mcuxpresso/i3c/mcxA_ARD_PCA9955B_simple/CMSIS/core_cm33.h:2378:22:__NVIC_EnableIRQ	16	static
../drivers/fsl_clock.h:546:20:CLOCK_EnableClock	32	static
../drivers/fsl_clock.h:579:20:CLOCK_DisableClock	32	static
../drivers/fsl_reset.h:196:20:RESET_ReleasePeripheralReset	16	static
../drivers/fsl_common_arm.h:514:24:EnableIRQ	24	static
../drivers/fsl_lpi2c.h:545:20:LPI2C_MasterReset	16	static
../drivers/fsl_lpi2c.h:557:20:LPI2C_MasterEnable	16	static
../drivers/fsl_lpi2c.h:579:24:LPI2C_MasterGetStatusFlags	16	static
../drivers/fsl_lpi2c.h:604:20:LPI2C_MasterClearStatusFlags	16	static
../drivers/fsl_lpi2c.h:624:20:LPI2C_MasterEnableInterrupts	16	static
../drivers/fsl_lpi2c.h:639:20:LPI2C_MasterDisableInterrupts	16	static
../drivers/fsl_lpi2c.h:651:24:LPI2C_MasterGetEnabledInterrupts	16	static
../drivers/fsl_lpi2c.h:711:20:LPI2C_MasterSetWatermarks	24	static
../drivers/fsl_lpi2c.h:725:20:LPI2C_MasterGetFifoCounts	24	static
../drivers/fsl_lpi2c.h:1028:20:LPI2C_SlaveReset	16	static
../drivers/fsl_lpi2c.h:1040:20:LPI2C_SlaveEnable	16	static
../drivers/fsl_lpi2c.h:1062:24:LPI2C_SlaveGetStatusFlags	16	static
../drivers/fsl_lpi2c.h:1084:20:LPI2C_SlaveClearStatusFlags	16	static
../drivers/fsl_lpi2c.h:1104:20:LPI2C_SlaveEnableInterrupts	16	static
../drivers/fsl_lpi2c.h:1119:20:LPI2C_SlaveDisableInterrupts	16	static
../drivers/fsl_lpi2c.c:222:10:LPI2C_GetInstance	24	static
../drivers/fsl_lpi2c.c:245:17:LPI2C_GetCyclesForWidth	40	static
../drivers/fsl_lpi2c.c:287:10:LPI2C_MasterCheckAndClearError	24	static
../drivers/fsl_lpi2c.c:346:17:LPI2C_MasterWaitForTxReady	32	static
../drivers/fsl_lpi2c.c:394:10:LPI2C_CheckForBusyBus	24	static
../drivers/fsl_lpi2c.c:435:6:LPI2C_MasterGetDefaultConfig	16	static
../drivers/fsl_lpi2c.c:468:6:LPI2C_MasterInit	56	static
../drivers/fsl_lpi2c.c:573:6:LPI2C_MasterDeinit	24	static
../drivers/fsl_lpi2c.c:598:6:LPI2C_MasterConfigureDataMatch	24	static
../drivers/fsl_lpi2c.c:629:6:LPI2C_MasterSetBaudRate	64	static
../drivers/fsl_lpi2c.c:768:10:LPI2C_MasterStart	24	static
../drivers/fsl_lpi2c.c:809:10:LPI2C_MasterStop	24	static
../drivers/fsl_lpi2c.c:870:10:LPI2C_MasterReceive	40	static
../drivers/fsl_lpi2c.c:972:10:LPI2C_MasterSend	32	static
../drivers/fsl_lpi2c.c:1011:10:LPI2C_MasterTransferBlocking	48	static
../drivers/fsl_lpi2c.c:1140:6:LPI2C_MasterTransferCreateHandle	32	static
../drivers/fsl_lpi2c.c:1174:13:LPI2C_TransferStateMachineSendCommand	32	static
../drivers/fsl_lpi2c.c:1245:13:LPI2C_TransferStateMachineReadCommand	24	static
../drivers/fsl_lpi2c.c:1269:13:LPI2C_TransferStateMachineTransferData	24	static
../drivers/fsl_lpi2c.c:1312:13:LPI2C_TransferStateMachineStopState	24	static
../drivers/fsl_lpi2c.c:1343:13:LPI2C_TransferStateMachineWaitState	24	static
../drivers/fsl_lpi2c.c:1381:17:LPI2C_RunTransferStateMachine	48	static
../drivers/fsl_lpi2c.c:1464:13:LPI2C_InitTransferStateMachine	40	static
../drivers/fsl_lpi2c.c:1537:10:LPI2C_MasterTransferNonBlocking	40	static
../drivers/fsl_lpi2c.c:1603:10:LPI2C_MasterTransferGetCount	40	static
../drivers/fsl_lpi2c.c:1671:6:LPI2C_MasterTransferAbort	16	static
../drivers/fsl_lpi2c.c:1701:6:LPI2C_MasterTransferHandleIRQ	40	static
../drivers/fsl_lpi2c.c:1771:6:LPI2C_SlaveGetDefaultConfig	16	static
../drivers/fsl_lpi2c.c:1810:6:LPI2C_SlaveInit	48	static
../drivers/fsl_lpi2c.c:1886:6:LPI2C_SlaveDeinit	24	static
../drivers/fsl_lpi2c.c:1913:17:LPI2C_SlaveCheckAndClearError	24	static
../drivers/fsl_lpi2c.c:1957:10:LPI2C_SlaveSend	40	static
../drivers/fsl_lpi2c.c:2048:10:LPI2C_SlaveReceive	40	static
../drivers/fsl_lpi2c.c:2146:6:LPI2C_SlaveTransferCreateHandle	32	static
../drivers/fsl_lpi2c.c:2203:10:LPI2C_SlaveTransferNonBlocking	32	static
../drivers/fsl_lpi2c.c:2267:10:LPI2C_SlaveTransferGetCount	32	static
../drivers/fsl_lpi2c.c:2302:6:LPI2C_SlaveTransferAbort	16	static
../drivers/fsl_lpi2c.c:2330:6:LPI2C_SlaveTransferHandleIRQ	24	static
../drivers/fsl_lpi2c.c:2488:13:LPI2C_CommonIRQHandler	16	static
../drivers/fsl_lpi2c.c:2510:6:LPI2C0_DriverIRQHandler	8	static
