/Users/tedd/dev/mcuxpresso/i3c/mcxA_ARD_PCA9955B_simple/drivers/fsl_lpi2c.h:579:24:uint32_t LPI2C_MasterGetStatusFlags(LPI2C_Type*)	16	static
/Users/tedd/dev/mcuxpresso/i3c/mcxA_ARD_PCA9955B_simple/drivers/fsl_lpi2c.h:725:20:void LPI2C_MasterGetFifoCounts(LPI2C_Type*, size_t*, size_t*)	24	static
../component/r01lib/i2c.cpp:36:1:I2C::I2C(uint32_t)	48	static
../component/r01lib/i2c.cpp:45:1:I2C::~I2C()	16	static
../component/r01lib/i2c.cpp:47:10:virtual status_t I2C::write(uint8_t, const uint8_t*, int, bool)	32	static
../component/r01lib/i2c.cpp:79:10:virtual status_t I2C::read(uint8_t, uint8_t*, int, bool)	32	static
../component/r01lib/i2c.cpp:108:10:virtual status_t I2C::reg_write(uint8_t, uint8_t, const uint8_t*, int)	56	static
../component/r01lib/i2c.cpp:120:10:virtual status_t I2C::reg_write(uint8_t, uint8_t, uint8_t)	32	static
../component/r01lib/i2c.cpp:125:10:virtual status_t I2C::reg_read(uint8_t, uint8_t, uint8_t*, int)	40	static
../component/r01lib/i2c.cpp:135:9:virtual uint8_t I2C::reg_read(uint8_t, uint8_t)	24	static
../component/r01lib/i2c.cpp:141:10:virtual status_t I2C::write(uint8_t, uint8_t, bool)	32	static
../component/r01lib/i2c.cpp:146:9:virtual uint8_t I2C::read(uint8_t, bool)	40	static
../component/r01lib/i2c.cpp:156:10:virtual status_t I2C::ccc_set(uint8_t, uint8_t, uint8_t)	16	static
../component/r01lib/i2c.cpp:161:10:virtual status_t I2C::ccc_get(uint8_t, uint8_t, uint8_t*, uint8_t)	24	static
