../component/r01lib/P3T1755.cpp:8:1:I3C_Device::I3C_Device(I2C&, uint8_t)	24	static
../component/r01lib/P3T1755.cpp:12:1:I3C_Device::~I3C_Device()	16	static
../component/r01lib/P3T1755.cpp:14:6:void I3C_Device::address_overwrite(uint8_t)	16	static
../component/r01lib/P3T1755.cpp:19:6:virtual void I3C_Device::ccc_set(uint8_t, uint8_t)	24	static
../component/r01lib/P3T1755.cpp:24:10:virtual uint8_t* I3C_Device::ccc_get(uint8_t, uint8_t*, uint8_t)	40	static
../component/r01lib/P3T1755.cpp:34:1:P3T1755::P3T1755(I2C&, uint8_t)	24	static
../component/r01lib/P3T1755.cpp:35:1:P3T1755::~P3T1755()	16	static
../component/r01lib/P3T1755.cpp:37:7:float P3T1755::temp()	16	static
../component/r01lib/P3T1755.cpp:42:6:void P3T1755::conf(uint8_t)	32	static
../component/r01lib/P3T1755.cpp:47:9:uint8_t P3T1755::conf()	40	static
../component/r01lib/P3T1755.cpp:55:6:void P3T1755::high(float)	16	static
../component/r01lib/P3T1755.cpp:60:7:float P3T1755::high()	16	static
../component/r01lib/P3T1755.cpp:65:6:void P3T1755::low(float)	16	static
../component/r01lib/P3T1755.cpp:70:7:float P3T1755::low()	16	static
../component/r01lib/P3T1755.cpp:75:6:void P3T1755::write(uint8_t, float)	48	static
../component/r01lib/P3T1755.cpp:81:9:int16_t P3T1755::read(uint8_t)	40	static
../component/r01lib/P3T1755.cpp:89:6:void P3T1755::info()	56	static
../component/r01lib/P3T1755.cpp:118:7:static float P3T1755::short2celsius(int16_t)	16	static
../component/r01lib/P3T1755.cpp:123:9:static int16_t P3T1755::celsius2short(float)	16	static
../component/r01lib/P3T1755.cpp:128:9:static int16_t P3T1755::swap_bytes(int16_t)	16	static
../component/r01lib/P3T1755.cpp:137:1:P3T1755::operator float()	16	static
